==WARNING== Note: Running with uncontrolled GPU caches. Profiling results may be inconsistent.
==WARNING== Note: Running with unmodified GPU clocks. If not controlled otherwise, profiling results may be inconsistent.
==PROF== Connected to process 2011725 (/usr/bin/python3.10)
==PROF== Profiling "unrolled_elementwise_kernel" - 0: Application replay pass 1
==PROF== Profiling "vectorized_elementwise_kernel" - 1: Application replay pass 1
==PROF== Profiling "unrolled_elementwise_kernel" - 2: Application replay pass 1
==PROF== Profiling "vectorized_elementwise_kernel" - 3: Application replay pass 1
==PROF== Profiling "vectorized_elementwise_kernel" - 4: Application replay pass 1
==PROF== Profiling "unrolled_elementwise_kernel" - 5: Application replay pass 1
==PROF== Profiling "vectorized_elementwise_kernel" - 6: Application replay pass 1
==PROF== Profiling "reduce_kernel" - 7: Application replay pass 1
==PROF== Profiling "vectorized_elementwise_kernel" - 8: Application replay pass 1
==PROF== Profiling "vectorized_elementwise_kernel" - 9: Application replay pass 1
==PROF== Profiling "elementwise_kernel" - 10: Application replay pass 1
==PROF== Profiling "vectorized_elementwise_kernel" - 11: Application replay pass 1
==PROF== Profiling "vectorized_elementwise_kernel" - 12: Application replay pass 1
{"t": 1024, "path": "opaque_custom", "input_sha256": "a7efbcfdd16443766109e28019199f84558aac46bf628477ddd4fda1c8157608", "different_fp8_elements": 0, "scale_difference": 0.0}
==PROF== Disconnected from process 2011725
==PROF== Creating report from application replay data: 0%...............100%
==PROF== Report: /home/ubuntu/ai-infra-book-experiments/ch05/05-04/results/counters/m1024-opaque_custom.ncu-rep
