/Users/boj/book/ai-infra-book/experiments/ch05/05-01/matmul.c:113:9: remark: loop not vectorized [-Rpass-missed=loop-vectorize]
  113 |         for (int q=0;q<count;++q) {
      |         ^
/Users/boj/book/ai-infra-book/experiments/ch05/05-01/matmul.c:108:17: remark: loop not vectorized [-Rpass-missed=loop-vectorize]
  108 |                 for (int r=0;r<reps[q];++r) methods[q].fn(a,b,c,m,kd,n,methods[q].tile);
      |                 ^
/Users/boj/book/ai-infra-book/experiments/ch05/05-01/matmul.c:85:13: remark: loop not vectorized [-Rpass-missed=loop-vectorize]
   85 |             for (int i=0;i<m*n;++i) {
      |             ^
/Users/boj/book/ai-infra-book/experiments/ch05/05-01/matmul.c:77:13: remark: vectorized loop (vectorization width: 4, interleaved count: 4) [-Rpass=loop-vectorize]
   77 |             for (int k=0;k<kd;++k) s+=(double)a[i*kd+k]*b[k*n+j];
      |             ^
/Users/boj/book/ai-infra-book/experiments/ch05/05-01/matmul.c:74:9: remark: loop not vectorized [-Rpass-missed=loop-vectorize]
   74 |         for (int i=0;i<kd*n;++i) b[i]=((int)(random_u32()%2049)-1024)/1024.0f;
      |         ^
/Users/boj/book/ai-infra-book/experiments/ch05/05-01/matmul.c:73:9: remark: loop not vectorized [-Rpass-missed=loop-vectorize]
   73 |         for (int i=0;i<m*kd;++i) a[i]=((int)(random_u32()%2049)-1024)/1024.0f;
      |         ^
/Users/boj/book/ai-infra-book/experiments/ch05/05-01/matmul.c:28:13: remark: vectorized loop (vectorization width: 4, interleaved count: 4) [-Rpass=loop-vectorize]
   28 |             for (int k = 0; k < kdim; ++k) sum += a[i*kdim+k] * b[k*n+j];
      |             ^
/Users/boj/book/ai-infra-book/experiments/ch05/05-01/matmul.c:39:13: remark: vectorized loop (vectorization width: 4, interleaved count: 4) [-Rpass=loop-vectorize]
   39 |             for (int j = 0; j < n; ++j) c[i*n+j] += v * b[k*n+j];
      |             ^
/Users/boj/book/ai-infra-book/experiments/ch05/05-01/matmul.c:51:25: remark: vectorized loop (vectorization width: 4, interleaved count: 4) [-Rpass=loop-vectorize]
   51 |                         for (int j = jj; j < minimum(jj+tile,n); ++j)
      |                         ^
