Collecting aioquic==1.3.0
  Downloading aioquic-1.3.0-cp310-abi3-macosx_11_0_arm64.whl.metadata (6.3 kB)
Collecting h11==0.16.0
  Using cached h11-0.16.0-py3-none-any.whl.metadata (8.3 kB)
Collecting certifi (from aioquic==1.3.0)
  Using cached certifi-2026.7.22-py3-none-any.whl.metadata (2.5 kB)
Collecting cryptography>=42.0.0 (from aioquic==1.3.0)
  Downloading cryptography-50.0.1-cp311-abi3-macosx_11_0_arm64.whl.metadata (4.3 kB)
Collecting pylsqpack<0.4.0,>=0.3.3 (from aioquic==1.3.0)
  Downloading pylsqpack-0.3.24-cp310-abi3-macosx_11_0_arm64.whl.metadata (2.1 kB)
Collecting pyopenssl>=24 (from aioquic==1.3.0)
  Downloading pyopenssl-26.4.0-py3-none-any.whl.metadata (22 kB)
Collecting service-identity>=24.1.0 (from aioquic==1.3.0)
  Downloading service_identity-26.1.0-py3-none-any.whl.metadata (4.8 kB)
Collecting cffi>=2.0.0 (from cryptography>=42.0.0->aioquic==1.3.0)
  Downloading cffi-2.1.1-cp314-cp314-macosx_11_0_arm64.whl.metadata (2.5 kB)
Collecting pycparser (from cffi>=2.0.0->cryptography>=42.0.0->aioquic==1.3.0)
  Downloading pycparser-3.0-py3-none-any.whl.metadata (8.2 kB)
Collecting attrs>=19.1.0 (from service-identity>=24.1.0->aioquic==1.3.0)
  Downloading attrs-26.1.0-py3-none-any.whl.metadata (8.8 kB)
Downloading aioquic-1.3.0-cp310-abi3-macosx_11_0_arm64.whl (2.2 MB)
   ━━━━━━━━━━━━━━━━━━━━━━━━━━━━━━━━━━━━━━━━ 2.2/2.2 MB 68.0 MB/s  0:00:00
Using cached h11-0.16.0-py3-none-any.whl (37 kB)
Downloading pylsqpack-0.3.24-cp310-abi3-macosx_11_0_arm64.whl (168 kB)
Downloading cryptography-50.0.1-cp311-abi3-macosx_11_0_arm64.whl (4.0 MB)
   ━━━━━━━━━━━━━━━━━━━━━━━━━━━━━━━━━━━━━━━━ 4.0/4.0 MB 13.3 MB/s  0:00:00
Downloading cffi-2.1.1-cp314-cp314-macosx_11_0_arm64.whl (184 kB)
Downloading pyopenssl-26.4.0-py3-none-any.whl (56 kB)
Downloading service_identity-26.1.0-py3-none-any.whl (11 kB)
Downloading attrs-26.1.0-py3-none-any.whl (67 kB)
Using cached certifi-2026.7.22-py3-none-any.whl (136 kB)
Downloading pycparser-3.0-py3-none-any.whl (48 kB)
Installing collected packages: pylsqpack, pycparser, h11, certifi, attrs, cffi, cryptography, service-identity, pyopenssl, aioquic

Successfully installed aioquic-1.3.0 attrs-26.1.0 certifi-2026.7.22 cffi-2.1.1 cryptography-50.0.1 h11-0.16.0 pycparser-3.0 pylsqpack-0.3.24 pyopenssl-26.4.0 service-identity-26.1.0
