Collecting matplotlib
  Using cached matplotlib-3.11.1-cp314-cp314-macosx_11_0_arm64.whl.metadata (80 kB)
Collecting contourpy>=1.0.1 (from matplotlib)
  Using cached contourpy-1.3.3-cp314-cp314-macosx_11_0_arm64.whl.metadata (5.5 kB)
Collecting cycler>=0.10 (from matplotlib)
  Using cached cycler-0.12.1-py3-none-any.whl.metadata (3.8 kB)
Collecting fonttools>=4.28.2 (from matplotlib)
  Using cached fonttools-4.64.0-cp314-cp314-macosx_10_15_universal2.whl.metadata (123 kB)
Collecting kiwisolver>=1.3.1 (from matplotlib)
  Using cached kiwisolver-1.5.1-cp314-cp314-macosx_11_0_arm64.whl.metadata (5.2 kB)
Requirement already satisfied: numpy>=1.25 in ./experiments/tools/jax-cpu-venv/lib/python3.14/site-packages (from matplotlib) (2.5.3)
Collecting packaging>=20.0 (from matplotlib)
  Using cached packaging-26.3-py3-none-any.whl.metadata (3.5 kB)
Collecting pillow>=9 (from matplotlib)
  Using cached pillow-12.3.0-cp314-cp314-macosx_11_0_arm64.whl.metadata (9.1 kB)
Collecting pyparsing>=3 (from matplotlib)
  Using cached pyparsing-3.3.2-py3-none-any.whl.metadata (5.8 kB)
Collecting python-dateutil>=2.7 (from matplotlib)
  Using cached python_dateutil-2.9.0.post0-py2.py3-none-any.whl.metadata (8.4 kB)
Collecting six>=1.5 (from python-dateutil>=2.7->matplotlib)
  Using cached six-1.17.0-py2.py3-none-any.whl.metadata (1.7 kB)
Using cached matplotlib-3.11.1-cp314-cp314-macosx_11_0_arm64.whl (9.3 MB)
Using cached contourpy-1.3.3-cp314-cp314-macosx_11_0_arm64.whl (273 kB)
Using cached cycler-0.12.1-py3-none-any.whl (8.3 kB)
Using cached fonttools-4.64.0-cp314-cp314-macosx_10_15_universal2.whl (3.1 MB)
Using cached kiwisolver-1.5.1-cp314-cp314-macosx_11_0_arm64.whl (64 kB)
Using cached packaging-26.3-py3-none-any.whl (129 kB)
Using cached pillow-12.3.0-cp314-cp314-macosx_11_0_arm64.whl (4.8 MB)
Using cached pyparsing-3.3.2-py3-none-any.whl (122 kB)
Using cached python_dateutil-2.9.0.post0-py2.py3-none-any.whl (229 kB)
Using cached six-1.17.0-py2.py3-none-any.whl (11 kB)
Installing collected packages: six, pyparsing, pillow, packaging, kiwisolver, fonttools, cycler, contourpy, python-dateutil, matplotlib

Successfully installed contourpy-1.3.3 cycler-0.12.1 fonttools-4.64.0 kiwisolver-1.5.1 matplotlib-3.11.1 packaging-26.3 pillow-12.3.0 pyparsing-3.3.2 python-dateutil-2.9.0.post0 six-1.17.0
