/Users/boj/book/ai-infra-book/experiments/tools/collective-cpu-venv/lib/python3.14/site-packages/torch/_subclasses/functional_tensor.py:368: UserWarning: Failed to initialize NumPy: No module named 'numpy' (Triggered internally at /Users/runner/work/pytorch/pytorch/torch/csrc/utils/tensor_numpy.cpp:84.)
  cpu = _conversion_method_template(device=torch.device("cpu"))
W0909 10:23:02.000000 89953 experiments/tools/collective-cpu-venv/lib/python3.14/site-packages/torch/distributed/elastic/multiprocessing/redirects.py:35] NOTE: Redirects are currently not supported in MacOs.
Traceback (most recent call last):
  File "<frozen runpy>", line 203, in _run_module_as_main
  File "<frozen runpy>", line 88, in _run_code
  File "/Users/boj/book/ai-infra-book/experiments/tools/collective-cpu-venv/lib/python3.14/site-packages/torch/distributed/run.py", line 1142, in <module>
    main()
    ~~~~^^
  File "/Users/boj/book/ai-infra-book/experiments/tools/collective-cpu-venv/lib/python3.14/site-packages/torch/distributed/elastic/multiprocessing/errors/__init__.py", line 380, in wrapper
    return f(*args, **kwargs)
  File "/Users/boj/book/ai-infra-book/experiments/tools/collective-cpu-venv/lib/python3.14/site-packages/torch/distributed/run.py", line 1138, in main
    run(args)
    ~~~^^^^^^
  File "/Users/boj/book/ai-infra-book/experiments/tools/collective-cpu-venv/lib/python3.14/site-packages/torch/distributed/run.py", line 1129, in run
    elastic_launch(
    ~~~~~~~~~~~~~~~
        config=config,
        ~~~~~~~~~~~~~~
        entrypoint=cmd,
        ~~~~~~~~~~~~~~~
    )(*cmd_args)
    ~^^^^^^^^^^^
  File "/Users/boj/book/ai-infra-book/experiments/tools/collective-cpu-venv/lib/python3.14/site-packages/torch/distributed/launcher/api.py", line 197, in __call__
    return launch_agent(
        self._config,
    ...<2 lines>...
        health_check_server=self._health_check_server,
    )
  File "/Users/boj/book/ai-infra-book/experiments/tools/collective-cpu-venv/lib/python3.14/site-packages/torch/distributed/launcher/api.py", line 377, in launch_agent
    result = agent.run()
  File "/Users/boj/book/ai-infra-book/experiments/tools/collective-cpu-venv/lib/python3.14/site-packages/torch/distributed/elastic/metrics/api.py", line 134, in wrapper
    result = f(*args, **kwargs)
  File "/Users/boj/book/ai-infra-book/experiments/tools/collective-cpu-venv/lib/python3.14/site-packages/torch/distributed/elastic/agent/server/api.py", line 745, in run
    result = self._invoke_run(role)
  File "/Users/boj/book/ai-infra-book/experiments/tools/collective-cpu-venv/lib/python3.14/site-packages/torch/distributed/elastic/agent/server/api.py", line 916, in _invoke_run
    self._initialize_workers(self._worker_group)
    ~~~~~~~~~~~~~~~~~~~~~~~~^^^^^^^^^^^^^^^^^^^^
  File "/Users/boj/book/ai-infra-book/experiments/tools/collective-cpu-venv/lib/python3.14/site-packages/torch/distributed/elastic/metrics/api.py", line 134, in wrapper
    result = f(*args, **kwargs)
  File "/Users/boj/book/ai-infra-book/experiments/tools/collective-cpu-venv/lib/python3.14/site-packages/torch/distributed/elastic/agent/server/api.py", line 713, in _initialize_workers
    self._rendezvous(worker_group)
    ~~~~~~~~~~~~~~~~^^^^^^^^^^^^^^
  File "/Users/boj/book/ai-infra-book/experiments/tools/collective-cpu-venv/lib/python3.14/site-packages/torch/distributed/elastic/metrics/api.py", line 134, in wrapper
    result = f(*args, **kwargs)
  File "/Users/boj/book/ai-infra-book/experiments/tools/collective-cpu-venv/lib/python3.14/site-packages/torch/distributed/elastic/agent/server/api.py", line 528, in _rendezvous
    rdzv_info = spec.rdzv_handler.next_rendezvous()
  File "/Users/boj/book/ai-infra-book/experiments/tools/collective-cpu-venv/lib/python3.14/site-packages/torch/distributed/elastic/rendezvous/static_tcp_rendezvous.py", line 67, in next_rendezvous
    self._store = TCPStore(  # type: ignore[call-arg]
                  ~~~~~~~~^^^^^^^^^^^^^^^^^^^^^^^^^^^
        self.master_addr,
        ^^^^^^^^^^^^^^^^^
    ...<4 lines>...
        multi_tenant=True,
        ^^^^^^^^^^^^^^^^^^
    )
    ^
torch.distributed.DistNetworkError: The server socket has failed to listen on any local network address. port: 61789, useIpv6: false, code: -48, name: EADDRINUSE, message: address already in use
