/Users/boj/book/ai-infra-book/experiments/tools/collective-cpu-venv/lib/python3.14/site-packages/torch/_subclasses/functional_tensor.py:368: UserWarning: Failed to initialize NumPy: No module named 'numpy' (Triggered internally at /Users/runner/work/pytorch/pytorch/torch/csrc/utils/tensor_numpy.cpp:84.)
  cpu = _conversion_method_template(device=torch.device("cpu"))
{
  "status": "passed",
  "all_blocks_exact": 216,
  "formal_groups": 21,
  "summary": [
    {
      "policy": "serial",
      "median_wall_ms": 47.546952,
      "median_h2d_sum_ms": 15.093472719192505,
      "median_consume_sum_ms": 4.815067768096924,
      "median_event_overlap_ms": 0,
      "pinned_live_bytes": 67108864,
      "device_input_bytes": 67108864,
      "scratch_bytes": 268468224,
      "retained_output_bytes": 536870912,
      "peak_allocated_bytes": 872448000
    },
    {
      "policy": "one_device",
      "median_wall_ms": 39.495685,
      "median_h2d_sum_ms": 27.66275429725647,
      "median_consume_sum_ms": 4.813951015472412,
      "median_event_overlap_ms": 0,
      "pinned_live_bytes": 134217728,
      "device_input_bytes": 67108864,
      "scratch_bytes": 268468224,
      "retained_output_bytes": 536870912,
      "peak_allocated_bytes": 872448000
    },
    {
      "policy": "double",
      "median_wall_ms": 38.550173,
      "median_h2d_sum_ms": 27.00985336303711,
      "median_consume_sum_ms": 4.8028483390808105,
      "median_event_overlap_ms": 0,
      "pinned_live_bytes": 134217728,
      "device_input_bytes": 134217728,
      "scratch_bytes": 536936448,
      "retained_output_bytes": 536870912,
      "peak_allocated_bytes": 1208025088
    }
  ],
  "profiler": [
    {
      "policy": "serial",
      "h2d_calls": 8,
      "kernel_calls": 56,
      "actual_h2d_kernel_overlap_ms": 0.0,
      "cpu_prepare_h2d_overlap_ms": 0.0
    },
    {
      "policy": "one_device",
      "h2d_calls": 8,
      "kernel_calls": 56,
      "actual_h2d_kernel_overlap_ms": 0.0,
      "cpu_prepare_h2d_overlap_ms": 24.2761611328125
    },
    {
      "policy": "double",
      "h2d_calls": 8,
      "kernel_calls": 56,
      "actual_h2d_kernel_overlap_ms": 0.0,
      "cpu_prepare_h2d_overlap_ms": 20.426625
    }
  ],
  "scope": "Shared GPU; event ranges and actual kernel overlap distinguished; validation D2H excluded from measured wall"
}
