{"policy": "serial", "trial": -1, "kind": "warmup", "wall_ms": 129.163916, "all_exact": true}
{"policy": "one_device", "trial": -1, "kind": "warmup", "wall_ms": 35.714283, "all_exact": true}
{"policy": "double", "trial": -1, "kind": "warmup", "wall_ms": 36.617406, "all_exact": true}
{"policy": "one_device", "trial": 1, "kind": "formal", "wall_ms": 36.888105, "all_exact": true}
{"policy": "one_device", "trial": 0, "kind": "formal", "wall_ms": 36.832817, "all_exact": true}
{"policy": "double", "trial": 0, "kind": "formal", "wall_ms": 39.48654, "all_exact": true}
{"policy": "double", "trial": 1, "kind": "formal", "wall_ms": 39.77883, "all_exact": true}
{"policy": "one_device", "trial": 4, "kind": "formal", "wall_ms": 39.495685, "all_exact": true}
{"policy": "one_device", "trial": 5, "kind": "formal", "wall_ms": 39.989354, "all_exact": true}
{"policy": "serial", "trial": 2, "kind": "formal", "wall_ms": 50.140127, "all_exact": true}
{"policy": "one_device", "trial": 6, "kind": "formal", "wall_ms": 41.258475, "all_exact": true}
{"policy": "serial", "trial": 6, "kind": "formal", "wall_ms": 46.24958, "all_exact": true}
{"policy": "double", "trial": 4, "kind": "formal", "wall_ms": 38.410729, "all_exact": true}
{"policy": "double", "trial": 6, "kind": "formal", "wall_ms": 38.550173, "all_exact": true}
{"policy": "serial", "trial": 4, "kind": "formal", "wall_ms": 46.611487, "all_exact": true}
{"policy": "serial", "trial": 5, "kind": "formal", "wall_ms": 49.827051, "all_exact": true}
{"policy": "one_device", "trial": 2, "kind": "formal", "wall_ms": 39.231519, "all_exact": true}
{"policy": "serial", "trial": 1, "kind": "formal", "wall_ms": 48.20336, "all_exact": true}
{"policy": "double", "trial": 3, "kind": "formal", "wall_ms": 39.631712, "all_exact": true}
{"policy": "serial", "trial": 3, "kind": "formal", "wall_ms": 47.546952, "all_exact": true}
{"policy": "one_device", "trial": 3, "kind": "formal", "wall_ms": 40.76031, "all_exact": true}
{"policy": "serial", "trial": 0, "kind": "formal", "wall_ms": 47.075078, "all_exact": true}
{"policy": "double", "trial": 2, "kind": "formal", "wall_ms": 38.137213, "all_exact": true}
{"policy": "double", "trial": 5, "kind": "formal", "wall_ms": 36.354636, "all_exact": true}
/home/ubuntu/ai-infra-book-experiments/tools/sglang0513-venv/lib/python3.10/site-packages/torch/profiler/profiler.py:224: UserWarning: Warning: Profiler clears events at the end of each cycle.Only events from the current cycle will be reported.To keep events across cycles, set acc_events=True.
  _warn_once(
{"policy": "serial", "trial": -2, "kind": "profile", "wall_ms": 45.447827, "all_exact": true}
{"policy": "one_device", "trial": -2, "kind": "profile", "wall_ms": 37.275937, "all_exact": true}
{"policy": "double", "trial": -2, "kind": "profile", "wall_ms": 38.885761, "all_exact": true}
