[2026-09-09 05:15:40,744 I 3251825 3251825] (gcs_server) gcs_server_main.cc:98: Ray cluster metadata ray_version=2.55.1 ray_commit=237c2455ebb1ea15a32dd9e1fdeb2d617badc37f
[2026-09-09 05:15:40,744 I 3251825 3251825] (gcs_server) event.cc:499: Ray Event initialized for GCS
[2026-09-09 05:15:40,745 I 3251825 3251825] (gcs_server) event.cc:499: Ray Event initialized for EXPORT_NODE
[2026-09-09 05:15:40,745 I 3251825 3251825] (gcs_server) event.cc:499: Ray Event initialized for EXPORT_ACTOR
[2026-09-09 05:15:40,745 I 3251825 3251825] (gcs_server) event.cc:499: Ray Event initialized for EXPORT_DRIVER_JOB
[2026-09-09 05:15:40,745 I 3251825 3251825] (gcs_server) event.cc:332: Set ray event level to warning
[2026-09-09 05:15:40,745 I 3251825 3251825] (gcs_server) gcs_server.cc:154: GCS storage type is StorageType::IN_MEMORY
[2026-09-09 05:15:40,745 I 3251825 3251825] (gcs_server) gcs_server.cc:155: GCS node ID initialized from config node_id=277af84b2b5d71ad2a7e70d29a8ed4999b8fd317e697d7c11eee9704
[2026-09-09 05:15:40,746 I 3251825 3251825] (gcs_server) gcs_init_data.cc:46: Loading job table data.
[2026-09-09 05:15:40,746 I 3251825 3251825] (gcs_server) gcs_init_data.cc:56: Loading node table data.
[2026-09-09 05:15:40,746 I 3251825 3251825] (gcs_server) gcs_init_data.cc:76: Loading actor table data.
[2026-09-09 05:15:40,746 I 3251825 3251825] (gcs_server) gcs_init_data.cc:87: Loading actor task spec table data.
[2026-09-09 05:15:40,746 I 3251825 3251825] (gcs_server) gcs_init_data.cc:66: Loading placement group table data.
[2026-09-09 05:15:40,746 I 3251825 3251825] (gcs_server) gcs_init_data.cc:50: Finished loading job table data, size = 0
[2026-09-09 05:15:40,746 I 3251825 3251825] (gcs_server) gcs_init_data.cc:60: Finished loading node table data, size = 0
[2026-09-09 05:15:40,746 I 3251825 3251825] (gcs_server) gcs_init_data.cc:81: Finished loading actor table data, size = 0
[2026-09-09 05:15:40,746 I 3251825 3251825] (gcs_server) gcs_init_data.cc:91: Finished loading actor task spec table data, size = 0
[2026-09-09 05:15:40,746 I 3251825 3251825] (gcs_server) gcs_init_data.cc:70: Finished loading placement group table data, size = 0
[2026-09-09 05:15:40,746 I 3251825 3251825] (gcs_server) gcs_server.cc:242: Generated new cluster ID. cluster_id=948601a9c679c9c5d684a7f7b738bb6cd88fbf6266b819e7e236df2e
[2026-09-09 05:15:40,746 I 3251825 3251825] (gcs_server) gcs_server.cc:743: Autoscaler V2 enabled: 0
[2026-09-09 05:15:40,750 I 3251825 3251825] (gcs_server) grpc_server.cc:143: GcsServer server started, listening on port 6398.
[2026-09-09 05:15:40,987 I 3251825 3251825] (gcs_server) gcs_server.cc:908: Gcs Debug state:

GcsNodeManager: 
- RegisterNode request count: 0
- DrainNode request count: 0
- GetAllNodeInfo request count: 0

GcsActorManager: 
- RegisterActor request count: 0
- CreateActor request count: 0
- GetActorInfo request count: 0
- GetNamedActorInfo request count: 0
- GetAllActorInfo request count: 0
- KillActor request count: 0
- ListNamedActors request count: 0
- Registered actors count: 0
- Destroyed actors count: 0
- Named actors count: 0
- Unresolved actors count: 0
- Pending actors count: 0
- Created actors count: 0
- owners_: 0
- actor_to_register_callbacks_: 0
- actor_to_restart_for_lineage_reconstruction_callbacks_: 0
- actor_to_create_callbacks_: 0
- sorted_destroyed_actor_list_: 0

GcsResourceManager: 
- GetAllAvailableResources request count: 0
- GetAllTotalResources request count: 0
- GetAllResourceUsage request count: 0

GcsPlacementGroupManager: 
- CreatePlacementGroup request count: 0
- RemovePlacementGroup request count: 0
- GetPlacementGroup request count: 0
- GetAllPlacementGroup request count: 0
- WaitPlacementGroupUntilReady request count: 0
- GetNamedPlacementGroup request count: 0
- Scheduling pending placement group count: 0
- Registered placement groups count: 0
- Named placement group count: 0
- Pending placement groups count: 0
- Infeasible placement groups count: 0

Publisher:

[runtime env manager] ID to URIs table:
[runtime env manager] URIs reference table:

GcsTaskManager: 
-Total num task events reported: 0
-Total num status task events dropped: 0
-Total num profile events dropped: 0
-Current num of task events stored: 0
-Total num of actor creation tasks: 0
-Total num of actor tasks: 0
-Total num of normal tasks: 0
-Total num of driver tasks: 0

GcsAutoscalerStateManager: 
- last_seen_autoscaler_state_version_: 0
- last_cluster_resource_state_version_: 0
- pending demands:



[2026-09-09 05:15:40,987 I 3251825 3251825] (gcs_server) gcs_server.cc:922: Main service Event stats:


Global stats: 26 total (10 active)
Queueing time: mean = 27.85ms, max = 240.80ms, min = 0.00ms, total = 724.19ms
Execution time:  mean = 18.53ms, total = 481.85ms
Event stats:
	GcsInMemoryStore.Put - 9 total (6 active), Execution time: mean = 26.76ms, total = 240.84ms, Queueing time: mean = 26.74ms, max = 240.65ms, min = 0.00ms, total = 240.70ms
	GcsInMemoryStore.GetAll - 5 total (0 active), Execution time: mean = 0.01ms, total = 0.03ms, Queueing time: mean = 0.04ms, max = 0.05ms, min = 0.04ms, total = 0.22ms
	PeriodicalRunner.RunFnPeriodically - 4 total (1 active, 1 running), Execution time: mean = 0.03ms, total = 0.14ms, Queueing time: mean = 120.40ms, max = 240.80ms, min = 0.03ms, total = 481.58ms
	event_loop_lag_probe - 2 total (0 active), Execution time: mean = 0.00ms, total = 0.01ms, Queueing time: mean = 0.83ms, max = 1.60ms, min = 0.06ms, total = 1.67ms
	RayletLoadPulled - 1 total (1 active), Execution time: mean = 0.00ms, total = 0.00ms, Queueing time: mean = 0.00ms, max = -0.00ms, min = 9223372036854.78ms, total = 0.00ms
	GcsInitData::AsyncLoad - 1 total (0 active), Execution time: mean = 0.01ms, total = 0.01ms, Queueing time: mean = 0.00ms, max = 0.00ms, min = 0.00ms, total = 0.00ms
	GcsServer.GetOrGenerateClusterId.continuation - 1 total (0 active), Execution time: mean = 240.82ms, total = 240.82ms, Queueing time: mean = 0.00ms, max = 0.00ms, min = 0.00ms, total = 0.00ms
	GCSServer.deadline_timer.metrics_report - 1 total (1 active), Execution time: mean = 0.00ms, total = 0.00ms, Queueing time: mean = 0.00ms, max = -0.00ms, min = 9223372036854.78ms, total = 0.00ms
	GcsInMemoryStore.Get - 1 total (0 active), Execution time: mean = 0.01ms, total = 0.01ms, Queueing time: mean = 0.01ms, max = 0.01ms, min = 0.01ms, total = 0.01ms
	ClusterResourceManager.ResetRemoteNodeView - 1 total (1 active), Execution time: mean = 0.00ms, total = 0.00ms, Queueing time: mean = 0.00ms, max = -0.00ms, min = 9223372036854.78ms, total = 0.00ms


[2026-09-09 05:15:40,987 I 3251825 3251825] (gcs_server) gcs_server.cc:926: task_io_context Event stats:


Global stats: 4 total (1 active)
Queueing time: mean = 0.04ms, max = 0.11ms, min = 0.00ms, total = 0.14ms
Execution time:  mean = 0.02ms, total = 0.07ms
Event stats:
	event_loop_lag_probe - 2 total (0 active), Execution time: mean = 0.03ms, total = 0.07ms, Queueing time: mean = 0.07ms, max = 0.11ms, min = 0.03ms, total = 0.14ms
	PeriodicalRunner.RunFnPeriodically - 1 total (0 active), Execution time: mean = 0.00ms, total = 0.00ms, Queueing time: mean = 0.00ms, max = 0.00ms, min = 0.00ms, total = 0.00ms
	GcsTaskManager.GcJobSummary - 1 total (1 active), Execution time: mean = 0.00ms, total = 0.00ms, Queueing time: mean = 0.00ms, max = -0.00ms, min = 9223372036854.78ms, total = 0.00ms


[2026-09-09 05:15:40,987 I 3251825 3251825] (gcs_server) gcs_server.cc:926: pubsub_io_context Event stats:


Global stats: 4 total (1 active)
Queueing time: mean = 0.02ms, max = 0.07ms, min = 0.00ms, total = 0.09ms
Execution time:  mean = 0.02ms, total = 0.07ms
Event stats:
	event_loop_lag_probe - 2 total (0 active), Execution time: mean = 0.03ms, total = 0.06ms, Queueing time: mean = 0.04ms, max = 0.07ms, min = 0.01ms, total = 0.08ms
	PeriodicalRunner.RunFnPeriodically - 1 total (0 active), Execution time: mean = 0.01ms, total = 0.01ms, Queueing time: mean = 0.00ms, max = 0.00ms, min = 0.00ms, total = 0.00ms
	Publisher.CheckDeadSubscribers - 1 total (1 active), Execution time: mean = 0.00ms, total = 0.00ms, Queueing time: mean = 0.00ms, max = -0.00ms, min = 9223372036854.78ms, total = 0.00ms


[2026-09-09 05:15:40,987 I 3251825 3251825] (gcs_server) gcs_server.cc:926: ray_syncer_io_context Event stats:


Global stats: 4 total (0 active)
Queueing time: mean = 0.09ms, max = 0.26ms, min = 0.00ms, total = 0.36ms
Execution time:  mean = 0.01ms, total = 0.04ms
Event stats:
	event_loop_lag_probe - 2 total (0 active), Execution time: mean = 0.02ms, total = 0.04ms, Queueing time: mean = 0.18ms, max = 0.26ms, min = 0.10ms, total = 0.35ms
	RaySyncerRegister - 2 total (0 active), Execution time: mean = 0.00ms, total = 0.00ms, Queueing time: mean = 0.00ms, max = 0.00ms, min = 0.00ms, total = 0.01ms


[2026-09-09 05:15:40,987 I 3251825 3251825] (gcs_server) gcs_server.cc:926: ray_event_io_context Event stats:


Global stats: 2 total (0 active)
Queueing time: mean = 0.07ms, max = 0.07ms, min = 0.06ms, total = 0.13ms
Execution time:  mean = 0.12ms, total = 0.24ms
Event stats:
	event_loop_lag_probe - 2 total (0 active), Execution time: mean = 0.12ms, total = 0.24ms, Queueing time: mean = 0.07ms, max = 0.07ms, min = 0.06ms, total = 0.13ms


[2026-09-09 05:15:40,987 I 3251825 3251825] (gcs_server) gcs_server.cc:926: internal_kv_io_context Event stats:


Global stats: 2 total (0 active)
Queueing time: mean = 0.04ms, max = 0.06ms, min = 0.01ms, total = 0.07ms
Execution time:  mean = 0.12ms, total = 0.23ms
Event stats:
	event_loop_lag_probe - 2 total (0 active), Execution time: mean = 0.12ms, total = 0.23ms, Queueing time: mean = 0.04ms, max = 0.06ms, min = 0.01ms, total = 0.07ms


[2026-09-09 05:15:40,987 I 3251825 3251825] (gcs_server) gcs_server.cc:926: node_manager_io_context Event stats:


Global stats: 4 total (0 active)
Queueing time: mean = 0.03ms, max = 0.08ms, min = 0.01ms, total = 0.10ms
Execution time:  mean = 0.16ms, total = 0.62ms
Event stats:
	event_loop_lag_probe - 2 total (0 active), Execution time: mean = 0.12ms, total = 0.23ms, Queueing time: mean = 0.05ms, max = 0.08ms, min = 0.01ms, total = 0.09ms
	NodeInfoGcsService.grpc_server.GetClusterId.HandleRequestImpl - 1 total (0 active), Execution time: mean = 0.12ms, total = 0.12ms, Queueing time: mean = 0.01ms, max = 0.01ms, min = 0.01ms, total = 0.01ms
	NodeInfoGcsService.grpc_server.GetClusterId - 1 total (0 active), Execution time: mean = 0.27ms, total = 0.27ms, Queueing time: mean = 0.00ms, max = -0.00ms, min = 9223372036854.78ms, total = 0.00ms


[2026-09-09 05:15:42,055 I 3251825 3251853] (gcs_server) gcs_node_manager.cc:106: Registering new node. node_id=277af84b2b5d71ad2a7e70d29a8ed4999b8fd317e697d7c11eee9704 node_name=155.103.252.95 node_address=155.103.252.95
[2026-09-09 05:15:42,055 I 3251825 3251825] (gcs_server) metrics_agent_client.cc:45: Initializing exporter ...
[2026-09-09 05:15:42,059 I 3251825 3251825] (gcs_server) ray_event_recorder.cc:43: Ray event recording is disabled. Skipping start exporting events.
[2026-09-09 05:15:42,059 I 3251825 3251825] (gcs_server) gcs_server.cc:959: Metrics exporter initialized with port 43925
[2026-09-09 05:15:42,059 I 3251825 3251825] (gcs_server) metrics_agent_client.cc:59: Exporter initialized.
[2026-09-09 05:15:46,310 I 3251825 3251825] (gcs_server) gcs_job_manager.cc:116: Registering job. job_id=01000000 driver_pid=3251808
[2026-09-09 05:15:46,319 I 3251825 3251825] (gcs_server) gcs_actor_manager.cc:315: Registering actor job_id=01000000 actor_id=b85f6a3bfeff66ef51aa3ccd01000000
[2026-09-09 05:15:46,320 I 3251825 3251825] (gcs_server) gcs_actor_manager.cc:319: Registered actor job_id=01000000 actor_id=b85f6a3bfeff66ef51aa3ccd01000000
[2026-09-09 05:15:46,321 I 3251825 3251825] (gcs_server) gcs_actor_manager.cc:434: Creating actor job_id=01000000 actor_id=b85f6a3bfeff66ef51aa3ccd01000000
[2026-09-09 05:15:46,321 I 3251825 3251825] (gcs_server) gcs_actor_scheduler.cc:239: Leasing worker for actor. actor_id=b85f6a3bfeff66ef51aa3ccd01000000 job_id=01000000 node_id=277af84b2b5d71ad2a7e70d29a8ed4999b8fd317e697d7c11eee9704
[2026-09-09 05:15:46,687 I 3251825 3251825] (gcs_server) gcs_actor_scheduler.cc:583: Finished leasing worker from 277af84b2b5d71ad2a7e70d29a8ed4999b8fd317e697d7c11eee9704 for actor b85f6a3bfeff66ef51aa3ccd01000000, job id = 01000000
[2026-09-09 05:15:46,688 I 3251825 3251825] (gcs_server) gcs_actor_scheduler.cc:385: Submitting actor creation task to worker. actor_id=b85f6a3bfeff66ef51aa3ccd01000000 worker_id=5b05b8f0807af7e2bd993410166a7d750b5bfecb0e341ee8c73cb4bf node_id=277af84b2b5d71ad2a7e70d29a8ed4999b8fd317e697d7c11eee9704 job_id=01000000
[2026-09-09 05:15:49,543 I 3251825 3251825] (gcs_server) gcs_actor_scheduler.cc:424: Actor creation task succeeded. actor_id=b85f6a3bfeff66ef51aa3ccd01000000 worker_id=5b05b8f0807af7e2bd993410166a7d750b5bfecb0e341ee8c73cb4bf job_id=01000000 node_id=277af84b2b5d71ad2a7e70d29a8ed4999b8fd317e697d7c11eee9704
[2026-09-09 05:15:49,543 I 3251825 3251825] (gcs_server) gcs_actor_manager.cc:1657: Actor created successfully job_id=01000000 actor_id=b85f6a3bfeff66ef51aa3ccd01000000
[2026-09-09 05:15:49,543 I 3251825 3251825] (gcs_server) gcs_actor_manager.cc:449: Finished creating actor. Status: OK job_id=01000000 actor_id=b85f6a3bfeff66ef51aa3ccd01000000
[2026-09-09 05:15:51,102 I 3251825 3251825] (gcs_server) gcs_placement_group_manager.cc:361: Registering placement group, placement group id = f3ba560ba314739695465b8226bc01000000, name = global_poolverl_group_1:0, strategy = 2
[2026-09-09 05:15:51,102 I 3251825 3251825] (gcs_server) gcs_placement_group_manager.cc:365: Finished registering placement group, placement group id = f3ba560ba314739695465b8226bc01000000, name = global_poolverl_group_1:0, strategy = 2
[2026-09-09 05:15:51,102 I 3251825 3251825] (gcs_server) gcs_placement_group_scheduler.cc:189: Preparing resource from node 277af84b2b5d71ad2a7e70d29a8ed4999b8fd317e697d7c11eee9704 for bundles: {placement group id={f3ba560ba314739695465b8226bc01000000}, bundle index={0}},
[2026-09-09 05:15:51,103 I 3251825 3251825] (gcs_server) gcs_placement_group_scheduler.cc:199: Finished leasing resource from 277af84b2b5d71ad2a7e70d29a8ed4999b8fd317e697d7c11eee9704 for bundles: {placement group id={f3ba560ba314739695465b8226bc01000000}, bundle index={0}},
[2026-09-09 05:15:51,103 I 3251825 3251825] (gcs_server) gcs_placement_group_scheduler.cc:217: Committing resource to a node 277af84b2b5d71ad2a7e70d29a8ed4999b8fd317e697d7c11eee9704 for bundles: {placement group id={f3ba560ba314739695465b8226bc01000000}, bundle index={0}},
[2026-09-09 05:15:51,103 I 3251825 3251825] (gcs_server) gcs_placement_group_scheduler.cc:224: Finished committing resource to 277af84b2b5d71ad2a7e70d29a8ed4999b8fd317e697d7c11eee9704 for bundles: {placement group id={f3ba560ba314739695465b8226bc01000000}, bundle index={0}},
[2026-09-09 05:15:51,103 I 3251825 3251825] (gcs_server) gcs_placement_group_manager.cc:248: Successfully created placement group global_poolverl_group_1:0, id: f3ba560ba314739695465b8226bc01000000
[2026-09-09 05:15:51,677 I 3251825 3251825] (gcs_server) gcs_actor_manager.cc:315: Registering actor job_id=01000000 actor_id=cc8050a260b79fd5bd01215a01000000
[2026-09-09 05:15:51,677 I 3251825 3251825] (gcs_server) gcs_actor_manager.cc:319: Registered actor job_id=01000000 actor_id=cc8050a260b79fd5bd01215a01000000
[2026-09-09 05:15:51,680 I 3251825 3251825] (gcs_server) gcs_actor_manager.cc:434: Creating actor job_id=01000000 actor_id=cc8050a260b79fd5bd01215a01000000
[2026-09-09 05:15:51,680 I 3251825 3251825] (gcs_server) gcs_actor_scheduler.cc:239: Leasing worker for actor. actor_id=cc8050a260b79fd5bd01215a01000000 job_id=01000000 node_id=277af84b2b5d71ad2a7e70d29a8ed4999b8fd317e697d7c11eee9704
[2026-09-09 05:15:52,036 I 3251825 3251825] (gcs_server) gcs_actor_scheduler.cc:583: Finished leasing worker from 277af84b2b5d71ad2a7e70d29a8ed4999b8fd317e697d7c11eee9704 for actor cc8050a260b79fd5bd01215a01000000, job id = 01000000
[2026-09-09 05:15:52,037 I 3251825 3251825] (gcs_server) gcs_actor_scheduler.cc:385: Submitting actor creation task to worker. actor_id=cc8050a260b79fd5bd01215a01000000 worker_id=bab214a57eea3593f7e864bdfa278b7661d04ed3cade72e65763a6fa node_id=277af84b2b5d71ad2a7e70d29a8ed4999b8fd317e697d7c11eee9704 job_id=01000000
[2026-09-09 05:15:55,367 I 3251825 3251825] (gcs_server) gcs_actor_scheduler.cc:424: Actor creation task succeeded. actor_id=cc8050a260b79fd5bd01215a01000000 worker_id=bab214a57eea3593f7e864bdfa278b7661d04ed3cade72e65763a6fa job_id=01000000 node_id=277af84b2b5d71ad2a7e70d29a8ed4999b8fd317e697d7c11eee9704
[2026-09-09 05:15:55,367 I 3251825 3251825] (gcs_server) gcs_actor_manager.cc:1657: Actor created successfully job_id=01000000 actor_id=cc8050a260b79fd5bd01215a01000000
[2026-09-09 05:15:55,367 I 3251825 3251825] (gcs_server) gcs_actor_manager.cc:449: Finished creating actor. Status: OK job_id=01000000 actor_id=cc8050a260b79fd5bd01215a01000000
[2026-09-09 05:15:59,223 I 3251825 3251825] (gcs_server) gcs_actor_manager.cc:315: Registering actor job_id=01000000 actor_id=7a20aa319240f4885b69b18601000000
[2026-09-09 05:15:59,223 I 3251825 3251825] (gcs_server) gcs_actor_manager.cc:319: Registered actor job_id=01000000 actor_id=7a20aa319240f4885b69b18601000000
[2026-09-09 05:15:59,224 I 3251825 3251825] (gcs_server) gcs_actor_manager.cc:434: Creating actor job_id=01000000 actor_id=7a20aa319240f4885b69b18601000000
[2026-09-09 05:15:59,224 I 3251825 3251825] (gcs_server) gcs_actor_scheduler.cc:239: Leasing worker for actor. actor_id=7a20aa319240f4885b69b18601000000 job_id=01000000 node_id=277af84b2b5d71ad2a7e70d29a8ed4999b8fd317e697d7c11eee9704
[2026-09-09 05:15:59,592 I 3251825 3251825] (gcs_server) gcs_actor_scheduler.cc:583: Finished leasing worker from 277af84b2b5d71ad2a7e70d29a8ed4999b8fd317e697d7c11eee9704 for actor 7a20aa319240f4885b69b18601000000, job id = 01000000
[2026-09-09 05:15:59,592 I 3251825 3251825] (gcs_server) gcs_actor_scheduler.cc:385: Submitting actor creation task to worker. actor_id=7a20aa319240f4885b69b18601000000 worker_id=6d97e2372d46b676789637ba02f02224c0331148c7b5e363367e50f2 node_id=277af84b2b5d71ad2a7e70d29a8ed4999b8fd317e697d7c11eee9704 job_id=01000000
[2026-09-09 05:16:00,701 I 3251825 3251825] (gcs_server) gcs_actor_manager.cc:315: Registering actor job_id=01000000 actor_id=925d3f774d1373c100450a4501000000
[2026-09-09 05:16:00,701 I 3251825 3251825] (gcs_server) gcs_actor_manager.cc:319: Registered actor job_id=01000000 actor_id=925d3f774d1373c100450a4501000000
[2026-09-09 05:16:00,702 I 3251825 3251825] (gcs_server) gcs_actor_manager.cc:434: Creating actor job_id=01000000 actor_id=925d3f774d1373c100450a4501000000
[2026-09-09 05:16:00,702 I 3251825 3251825] (gcs_server) gcs_actor_scheduler.cc:239: Leasing worker for actor. actor_id=925d3f774d1373c100450a4501000000 job_id=01000000 node_id=277af84b2b5d71ad2a7e70d29a8ed4999b8fd317e697d7c11eee9704
[2026-09-09 05:16:01,176 I 3251825 3251825] (gcs_server) gcs_actor_scheduler.cc:583: Finished leasing worker from 277af84b2b5d71ad2a7e70d29a8ed4999b8fd317e697d7c11eee9704 for actor 925d3f774d1373c100450a4501000000, job id = 01000000
[2026-09-09 05:16:01,177 I 3251825 3251825] (gcs_server) gcs_actor_scheduler.cc:385: Submitting actor creation task to worker. actor_id=925d3f774d1373c100450a4501000000 worker_id=b2299a78b45c32ec8b3ae9097e5da1a88decf2c0a51ff677487c2434 node_id=277af84b2b5d71ad2a7e70d29a8ed4999b8fd317e697d7c11eee9704 job_id=01000000
[2026-09-09 05:16:02,578 I 3251825 3251825] (gcs_server) gcs_actor_scheduler.cc:424: Actor creation task succeeded. actor_id=7a20aa319240f4885b69b18601000000 worker_id=6d97e2372d46b676789637ba02f02224c0331148c7b5e363367e50f2 job_id=01000000 node_id=277af84b2b5d71ad2a7e70d29a8ed4999b8fd317e697d7c11eee9704
[2026-09-09 05:16:02,578 I 3251825 3251825] (gcs_server) gcs_actor_manager.cc:1657: Actor created successfully job_id=01000000 actor_id=7a20aa319240f4885b69b18601000000
[2026-09-09 05:16:02,578 I 3251825 3251825] (gcs_server) gcs_actor_manager.cc:449: Finished creating actor. Status: OK job_id=01000000 actor_id=7a20aa319240f4885b69b18601000000
[2026-09-09 05:16:05,996 I 3251825 3251825] (gcs_server) gcs_actor_scheduler.cc:424: Actor creation task succeeded. actor_id=925d3f774d1373c100450a4501000000 worker_id=b2299a78b45c32ec8b3ae9097e5da1a88decf2c0a51ff677487c2434 job_id=01000000 node_id=277af84b2b5d71ad2a7e70d29a8ed4999b8fd317e697d7c11eee9704
[2026-09-09 05:16:05,996 I 3251825 3251825] (gcs_server) gcs_actor_manager.cc:1657: Actor created successfully job_id=01000000 actor_id=925d3f774d1373c100450a4501000000
[2026-09-09 05:16:05,996 I 3251825 3251825] (gcs_server) gcs_actor_manager.cc:449: Finished creating actor. Status: OK job_id=01000000 actor_id=925d3f774d1373c100450a4501000000
[2026-09-09 05:16:19,499 I 3251825 3251825] (gcs_server) gcs_actor_manager.cc:315: Registering actor job_id=01000000 actor_id=4c8661739358e222fb556e5001000000
[2026-09-09 05:16:19,500 I 3251825 3251825] (gcs_server) gcs_actor_manager.cc:319: Registered actor job_id=01000000 actor_id=4c8661739358e222fb556e5001000000
[2026-09-09 05:16:19,501 I 3251825 3251825] (gcs_server) gcs_actor_manager.cc:434: Creating actor job_id=01000000 actor_id=4c8661739358e222fb556e5001000000
[2026-09-09 05:16:19,501 I 3251825 3251825] (gcs_server) gcs_actor_scheduler.cc:239: Leasing worker for actor. actor_id=4c8661739358e222fb556e5001000000 job_id=01000000 node_id=277af84b2b5d71ad2a7e70d29a8ed4999b8fd317e697d7c11eee9704
[2026-09-09 05:16:19,526 I 3251825 3251825] (gcs_server) gcs_actor_manager.cc:315: Registering actor job_id=01000000 actor_id=fc1e3bbc51f48b7b453b315301000000
[2026-09-09 05:16:19,526 I 3251825 3251825] (gcs_server) gcs_actor_manager.cc:319: Registered actor job_id=01000000 actor_id=fc1e3bbc51f48b7b453b315301000000
[2026-09-09 05:16:19,528 I 3251825 3251825] (gcs_server) gcs_actor_manager.cc:434: Creating actor job_id=01000000 actor_id=fc1e3bbc51f48b7b453b315301000000
[2026-09-09 05:16:19,528 I 3251825 3251825] (gcs_server) gcs_actor_scheduler.cc:239: Leasing worker for actor. actor_id=fc1e3bbc51f48b7b453b315301000000 job_id=01000000 node_id=277af84b2b5d71ad2a7e70d29a8ed4999b8fd317e697d7c11eee9704
[2026-09-09 05:16:19,996 I 3251825 3251825] (gcs_server) gcs_actor_scheduler.cc:583: Finished leasing worker from 277af84b2b5d71ad2a7e70d29a8ed4999b8fd317e697d7c11eee9704 for actor 4c8661739358e222fb556e5001000000, job id = 01000000
[2026-09-09 05:16:19,996 I 3251825 3251825] (gcs_server) gcs_actor_scheduler.cc:385: Submitting actor creation task to worker. actor_id=4c8661739358e222fb556e5001000000 worker_id=4cbed1fd2cafd7b36cab8b57055bdb2cf787df1df73ef338b06a650c node_id=277af84b2b5d71ad2a7e70d29a8ed4999b8fd317e697d7c11eee9704 job_id=01000000
[2026-09-09 05:16:20,054 I 3251825 3251825] (gcs_server) gcs_actor_scheduler.cc:583: Finished leasing worker from 277af84b2b5d71ad2a7e70d29a8ed4999b8fd317e697d7c11eee9704 for actor fc1e3bbc51f48b7b453b315301000000, job id = 01000000
[2026-09-09 05:16:20,054 I 3251825 3251825] (gcs_server) gcs_actor_scheduler.cc:385: Submitting actor creation task to worker. actor_id=fc1e3bbc51f48b7b453b315301000000 worker_id=d7c80f2c768c576e0f9a86a1c047f4ed568f0369781b710971faa933 node_id=277af84b2b5d71ad2a7e70d29a8ed4999b8fd317e697d7c11eee9704 job_id=01000000
[2026-09-09 05:16:24,683 I 3251825 3251825] (gcs_server) gcs_actor_scheduler.cc:424: Actor creation task succeeded. actor_id=fc1e3bbc51f48b7b453b315301000000 worker_id=d7c80f2c768c576e0f9a86a1c047f4ed568f0369781b710971faa933 job_id=01000000 node_id=277af84b2b5d71ad2a7e70d29a8ed4999b8fd317e697d7c11eee9704
[2026-09-09 05:16:24,683 I 3251825 3251825] (gcs_server) gcs_actor_manager.cc:1657: Actor created successfully job_id=01000000 actor_id=fc1e3bbc51f48b7b453b315301000000
[2026-09-09 05:16:24,683 I 3251825 3251825] (gcs_server) gcs_actor_manager.cc:449: Finished creating actor. Status: OK job_id=01000000 actor_id=fc1e3bbc51f48b7b453b315301000000
[2026-09-09 05:16:25,904 I 3251825 3251825] (gcs_server) gcs_actor_scheduler.cc:424: Actor creation task succeeded. actor_id=4c8661739358e222fb556e5001000000 worker_id=4cbed1fd2cafd7b36cab8b57055bdb2cf787df1df73ef338b06a650c job_id=01000000 node_id=277af84b2b5d71ad2a7e70d29a8ed4999b8fd317e697d7c11eee9704
[2026-09-09 05:16:25,904 I 3251825 3251825] (gcs_server) gcs_actor_manager.cc:1657: Actor created successfully job_id=01000000 actor_id=4c8661739358e222fb556e5001000000
[2026-09-09 05:16:25,904 I 3251825 3251825] (gcs_server) gcs_actor_manager.cc:449: Finished creating actor. Status: OK job_id=01000000 actor_id=4c8661739358e222fb556e5001000000
[2026-09-09 05:16:40,987 I 3251825 3251825] (gcs_server) gcs_server.cc:908: Gcs Debug state:

GcsNodeManager: 
- RegisterNode request count: 1
- DrainNode request count: 0
- GetAllNodeInfo request count: 24

GcsActorManager: 
- RegisterActor request count: 6
- CreateActor request count: 6
- GetActorInfo request count: 8
- GetNamedActorInfo request count: 5
- GetAllActorInfo request count: 0
- KillActor request count: 0
- ListNamedActors request count: 0
- Registered actors count: 6
- Destroyed actors count: 0
- Named actors count: 4
- Unresolved actors count: 0
- Pending actors count: 0
- Created actors count: 1
- owners_: 1
- actor_to_register_callbacks_: 0
- actor_to_restart_for_lineage_reconstruction_callbacks_: 0
- actor_to_create_callbacks_: 0
- sorted_destroyed_actor_list_: 0

GcsResourceManager: 
- GetAllAvailableResources request count: 1
- GetAllTotalResources request count: 0
- GetAllResourceUsage request count: 12

GcsPlacementGroupManager: 
- CreatePlacementGroup request count: 1
- RemovePlacementGroup request count: 0
- GetPlacementGroup request count: 3
- GetAllPlacementGroup request count: 0
- WaitPlacementGroupUntilReady request count: 1
- GetNamedPlacementGroup request count: 0
- Scheduling pending placement group count: 1
- Registered placement groups count: 1
- Named placement group count: 1
- Pending placement groups count: 0
- Infeasible placement groups count: 0

Publisher:
GCS_NODE_INFO_CHANNEL
- cumulative published messages: 1
- cumulative published bytes: 749
- current buffered bytes: 0
GCS_NODE_ADDRESS_AND_LIVENESS_CHANNEL
- cumulative published messages: 1
- cumulative published bytes: 92
- current buffered bytes: 0
GCS_JOB_CHANNEL
- cumulative published messages: 1
- cumulative published bytes: 795
- current buffered bytes: 795
RAY_NODE_RESOURCE_USAGE_CHANNEL
- cumulative published messages: 12
- cumulative published bytes: 666942
- current buffered bytes: 0
GCS_ACTOR_CHANNEL
- cumulative published messages: 18
- cumulative published bytes: 12479
- current buffered bytes: 939
GCS_WORKER_DELTA_CHANNEL
- cumulative published messages: 4
- cumulative published bytes: 384
- current buffered bytes: 96
RAY_LOG_CHANNEL
- cumulative published messages: 56
- cumulative published bytes: 100220
- current buffered bytes: 995

[runtime env manager] ID to URIs table:
[runtime env manager] URIs reference table:

GcsTaskManager: 
-Total num task events reported: 341
-Total num status task events dropped: 0
-Total num profile events dropped: 0
-Current num of task events stored: 123
-Total num of actor creation tasks: 6
-Total num of actor tasks: 113
-Total num of normal tasks: 1
-Total num of driver tasks: 1

GcsAutoscalerStateManager: 
- last_seen_autoscaler_state_version_: 0
- last_cluster_resource_state_version_: 12
- pending demands:



[2026-09-09 05:16:40,987 I 3251825 3251825] (gcs_server) gcs_server.cc:922: Main service Event stats:


Global stats: 587 total (10 active)
Queueing time: mean = 1.26ms, max = 240.80ms, min = 0.00ms, total = 741.71ms
Execution time:  mean = 93.37ms, total = 54807.17ms
Event stats:
	GcsInMemoryStore.Put - 119 total (0 active), Execution time: mean = 2.05ms, total = 243.75ms, Queueing time: mean = 2.06ms, max = 240.65ms, min = 0.00ms, total = 245.40ms
	RayletLoadPulled - 60 total (1 active), Execution time: mean = 0.15ms, total = 8.97ms, Queueing time: mean = 0.08ms, max = 3.86ms, min = 0.00ms, total = 5.10ms
	NodeManagerService.grpc_client.GetResourceLoad.OnReplyReceived - 58 total (0 active), Execution time: mean = 0.02ms, total = 1.16ms, Queueing time: mean = 0.01ms, max = 0.06ms, min = 0.00ms, total = 0.58ms
	NodeManagerService.grpc_client.GetResourceLoad - 58 total (0 active), Execution time: mean = 0.62ms, total = 36.10ms, Queueing time: mean = 0.00ms, max = -0.00ms, min = 9223372036854.78ms, total = 0.00ms
	ClusterResourceManager.ResetRemoteNodeView - 20 total (1 active), Execution time: mean = 0.01ms, total = 0.12ms, Queueing time: mean = 0.02ms, max = 0.02ms, min = 0.01ms, total = 0.31ms
	GcsResourceManager::Update - 16 total (0 active), Execution time: mean = 0.04ms, total = 0.68ms, Queueing time: mean = 0.03ms, max = 0.09ms, min = 0.00ms, total = 0.49ms
	GcsHealthCheckManager::MarkNodeHealthy - 16 total (0 active), Execution time: mean = 0.00ms, total = 0.02ms, Queueing time: mean = 0.03ms, max = 0.09ms, min = 0.00ms, total = 0.55ms
	HealthCheck - 14 total (0 active), Execution time: mean = 0.00ms, total = 0.04ms, Queueing time: mean = 0.01ms, max = 0.08ms, min = 0.01ms, total = 0.19ms
	GCSServer.deadline_timer.metrics_report - 12 total (1 active), Execution time: mean = 0.08ms, total = 0.99ms, Queueing time: mean = 0.18ms, max = 2.03ms, min = 0.01ms, total = 2.18ms
	AutoscalerStateService.grpc_server.GetClusterResourceState.HandleRequestImpl - 12 total (0 active), Execution time: mean = 0.05ms, total = 0.65ms, Queueing time: mean = 0.01ms, max = 0.04ms, min = 0.00ms, total = 0.12ms
	AutoscalerStateService.grpc_server.GetClusterResourceState - 12 total (0 active), Execution time: mean = 0.29ms, total = 3.45ms, Queueing time: mean = 0.00ms, max = -0.00ms, min = 9223372036854.78ms, total = 0.00ms
	WorkerInfoGcsService.grpc_server.AddWorkerInfo.HandleRequestImpl - 12 total (0 active), Execution time: mean = 0.02ms, total = 0.23ms, Queueing time: mean = 0.05ms, max = 0.15ms, min = 0.01ms, total = 0.55ms
	NodeResourceInfoGcsService.grpc_server.GetAllResourceUsage.HandleRequestImpl - 12 total (0 active), Execution time: mean = 0.05ms, total = 0.55ms, Queueing time: mean = 0.02ms, max = 0.06ms, min = 0.01ms, total = 0.22ms
	NodeResourceInfoGcsService.grpc_server.GetAllResourceUsage - 12 total (0 active), Execution time: mean = 0.16ms, total = 1.93ms, Queueing time: mean = 0.00ms, max = -0.00ms, min = 9223372036854.78ms, total = 0.00ms
	WorkerInfoGcsService.grpc_server.AddWorkerInfo - 12 total (0 active), Execution time: mean = 0.48ms, total = 5.76ms, Queueing time: mean = 0.00ms, max = -0.00ms, min = 9223372036854.78ms, total = 0.00ms
	ActorInfoGcsService.grpc_server.GetActorInfo - 8 total (0 active), Execution time: mean = 0.30ms, total = 2.43ms, Queueing time: mean = 0.00ms, max = -0.00ms, min = 9223372036854.78ms, total = 0.00ms
	ActorInfoGcsService.grpc_server.GetActorInfo.HandleRequestImpl - 8 total (0 active), Execution time: mean = 0.08ms, total = 0.63ms, Queueing time: mean = 0.06ms, max = 0.44ms, min = 0.01ms, total = 0.50ms
	event_loop_lag_probe - 8 total (0 active), Execution time: mean = 0.00ms, total = 0.02ms, Queueing time: mean = 0.21ms, max = 1.60ms, min = 0.00ms, total = 1.68ms
	GcsInMemoryStore.GetAll - 6 total (0 active), Execution time: mean = 0.01ms, total = 0.04ms, Queueing time: mean = 0.04ms, max = 0.05ms, min = 0.00ms, total = 0.23ms
	CoreWorkerService.grpc_client.WaitForActorRefDeleted - 6 total (6 active), Execution time: mean = 0.00ms, total = 0.00ms, Queueing time: mean = 0.00ms, max = -0.00ms, min = 9223372036854.78ms, total = 0.00ms
	NodeManagerService.grpc_client.RequestWorkerLease - 6 total (0 active), Execution time: mean = 430.97ms, total = 2585.79ms, Queueing time: mean = 0.00ms, max = -0.00ms, min = 9223372036854.78ms, total = 0.00ms
	ActorInfoGcsService.grpc_server.CreateActor - 6 total (0 active), Execution time: mean = 4519.76ms, total = 27118.56ms, Queueing time: mean = 0.00ms, max = -0.00ms, min = 9223372036854.78ms, total = 0.00ms
	NodeManagerService.grpc_client.RequestWorkerLease.OnReplyReceived - 6 total (0 active), Execution time: mean = 0.20ms, total = 1.17ms, Queueing time: mean = 0.03ms, max = 0.10ms, min = 0.00ms, total = 0.17ms
	ActorInfoGcsService.grpc_server.CreateActor.HandleRequestImpl - 6 total (0 active), Execution time: mean = 0.24ms, total = 1.43ms, Queueing time: mean = 0.17ms, max = 0.95ms, min = 0.00ms, total = 1.05ms
	CoreWorkerService.grpc_client.PushTask.OnReplyReceived - 6 total (0 active), Execution time: mean = 0.09ms, total = 0.52ms, Queueing time: mean = 0.05ms, max = 0.25ms, min = 0.01ms, total = 0.29ms
	CoreWorkerService.grpc_client.PushTask - 6 total (0 active), Execution time: mean = 4087.93ms, total = 24527.59ms, Queueing time: mean = 0.00ms, max = -0.00ms, min = 9223372036854.78ms, total = 0.00ms
	ActorInfoGcsService.grpc_server.RegisterActor - 6 total (0 active), Execution time: mean = 0.79ms, total = 4.75ms, Queueing time: mean = 0.00ms, max = -0.00ms, min = 9223372036854.78ms, total = 0.00ms
	ActorInfoGcsService.grpc_server.RegisterActor.HandleRequestImpl - 6 total (0 active), Execution time: mean = 0.31ms, total = 1.85ms, Queueing time: mean = 0.01ms, max = 0.01ms, min = 0.01ms, total = 0.05ms
	ActorInfoGcsService.grpc_server.GetNamedActorInfo - 5 total (0 active), Execution time: mean = 0.30ms, total = 1.51ms, Queueing time: mean = 0.00ms, max = -0.00ms, min = 9223372036854.78ms, total = 0.00ms
	ActorInfoGcsService.grpc_server.GetNamedActorInfo.HandleRequestImpl - 5 total (0 active), Execution time: mean = 0.05ms, total = 0.26ms, Queueing time: mean = 0.01ms, max = 0.01ms, min = 0.00ms, total = 0.04ms
	GcsInMemoryStore.Get - 5 total (0 active), Execution time: mean = 0.12ms, total = 0.58ms, Queueing time: mean = 0.01ms, max = 0.01ms, min = 0.01ms, total = 0.05ms
	WorkerInfoGcsService.grpc_server.ReportWorkerFailure.HandleRequestImpl - 4 total (0 active), Execution time: mean = 0.02ms, total = 0.06ms, Queueing time: mean = 0.02ms, max = 0.06ms, min = 0.01ms, total = 0.08ms
	WorkerInfoGcsService.grpc_server.ReportWorkerFailure - 4 total (0 active), Execution time: mean = 1.77ms, total = 7.07ms, Queueing time: mean = 0.00ms, max = -0.00ms, min = 9223372036854.78ms, total = 0.00ms
	PeriodicalRunner.RunFnPeriodically - 4 total (0 active), Execution time: mean = 0.08ms, total = 0.30ms, Queueing time: mean = 120.44ms, max = 240.80ms, min = 0.03ms, total = 481.75ms
	PlacementGroupInfoGcsService.grpc_server.GetPlacementGroup.HandleRequestImpl - 3 total (0 active), Execution time: mean = 0.01ms, total = 0.03ms, Queueing time: mean = 0.00ms, max = 0.00ms, min = 0.00ms, total = 0.01ms
	PlacementGroupInfoGcsService.grpc_server.GetPlacementGroup - 3 total (0 active), Execution time: mean = 0.06ms, total = 0.18ms, Queueing time: mean = 0.00ms, max = -0.00ms, min = 9223372036854.78ms, total = 0.00ms
	NodeManagerService.grpc_client.CommitBundleResources - 1 total (0 active), Execution time: mean = 0.29ms, total = 0.29ms, Queueing time: mean = 0.00ms, max = -0.00ms, min = 9223372036854.78ms, total = 0.00ms
	NodeManagerService.grpc_client.PrepareBundleResources.OnReplyReceived - 1 total (0 active), Execution time: mean = 0.04ms, total = 0.04ms, Queueing time: mean = 0.00ms, max = 0.00ms, min = 0.00ms, total = 0.00ms
	NodeManagerService.grpc_client.CommitBundleResources.OnReplyReceived - 1 total (0 active), Execution time: mean = 0.07ms, total = 0.07ms, Queueing time: mean = 0.00ms, max = 0.00ms, min = 0.00ms, total = 0.00ms
	NodeManagerService.grpc_client.PrepareBundleResources - 1 total (0 active), Execution time: mean = 0.71ms, total = 0.71ms, Queueing time: mean = 0.00ms, max = -0.00ms, min = 9223372036854.78ms, total = 0.00ms
	PlacementGroupInfoGcsService.grpc_server.CreatePlacementGroup.HandleRequestImpl - 1 total (0 active), Execution time: mean = 0.06ms, total = 0.06ms, Queueing time: mean = 0.01ms, max = 0.01ms, min = 0.01ms, total = 0.01ms
	JobInfoGcsService.grpc_server.GetNextJobID.HandleRequestImpl - 1 total (0 active), Execution time: mean = 0.01ms, total = 0.01ms, Queueing time: mean = 0.00ms, max = 0.00ms, min = 0.00ms, total = 0.00ms
	ReporterService.grpc_client.HealthCheck.OnReplyReceived - 1 total (0 active), Execution time: mean = 0.11ms, total = 0.11ms, Queueing time: mean = 0.00ms, max = 0.00ms, min = 0.00ms, total = 0.00ms
	JobInfoGcsService.grpc_server.AddJob - 1 total (0 active), Execution time: mean = 0.21ms, total = 0.21ms, Queueing time: mean = 0.00ms, max = -0.00ms, min = 9223372036854.78ms, total = 0.00ms
	ReporterService.grpc_client.HealthCheck - 1 total (0 active), Execution time: mean = 3.40ms, total = 3.40ms, Queueing time: mean = 0.00ms, max = -0.00ms, min = 9223372036854.78ms, total = 0.00ms
	GcsInMemoryStore.GetNextJobID - 1 total (0 active), Execution time: mean = 0.00ms, total = 0.00ms, Queueing time: mean = 0.00ms, max = 0.00ms, min = 0.00ms, total = 0.00ms
	JobInfoGcsService.grpc_server.GetNextJobID - 1 total (0 active), Execution time: mean = 0.06ms, total = 0.06ms, Queueing time: mean = 0.00ms, max = -0.00ms, min = 9223372036854.78ms, total = 0.00ms
	GcsHealthCheckManager::AddNode - 1 total (0 active), Execution time: mean = 0.01ms, total = 0.01ms, Queueing time: mean = 0.00ms, max = 0.00ms, min = 0.00ms, total = 0.00ms
	PlacementGroupInfoGcsService.grpc_server.WaitPlacementGroupUntilReady.HandleRequestImpl - 1 total (0 active), Execution time: mean = 0.02ms, total = 0.02ms, Queueing time: mean = 0.00ms, max = 0.00ms, min = 0.00ms, total = 0.00ms
	GcsPlacementGroupManager.SchedulePendingPlacementGroups - 1 total (0 active), Execution time: mean = 0.00ms, total = 0.00ms, Queueing time: mean = 0.06ms, max = 0.06ms, min = 0.06ms, total = 0.06ms
	NodeResourceInfoGcsService.grpc_server.GetAllAvailableResources - 1 total (0 active), Execution time: mean = 0.12ms, total = 0.12ms, Queueing time: mean = 0.00ms, max = -0.00ms, min = 9223372036854.78ms, total = 0.00ms
	GcsInitData::AsyncLoad - 1 total (0 active), Execution time: mean = 0.01ms, total = 0.01ms, Queueing time: mean = 0.00ms, max = 0.00ms, min = 0.00ms, total = 0.00ms
	NodeResourceInfoGcsService.grpc_server.GetAllAvailableResources.HandleRequestImpl - 1 total (0 active), Execution time: mean = 0.02ms, total = 0.02ms, Queueing time: mean = 0.01ms, max = 0.01ms, min = 0.01ms, total = 0.01ms
	GcsServer.GetOrGenerateClusterId.continuation - 1 total (0 active), Execution time: mean = 240.82ms, total = 240.82ms, Queueing time: mean = 0.00ms, max = 0.00ms, min = 0.00ms, total = 0.00ms
	JobInfoGcsService.grpc_server.GetAllJobInfo.HandleRequestImpl - 1 total (0 active), Execution time: mean = 0.01ms, total = 0.01ms, Queueing time: mean = 0.00ms, max = 0.00ms, min = 0.00ms, total = 0.00ms
	GCSServer.deadline_timer.debug_state_event_stats_print - 1 total (1 active, 1 running), Execution time: mean = 0.00ms, total = 0.00ms, Queueing time: mean = 0.00ms, max = -0.00ms, min = 9223372036854.78ms, total = 0.00ms
	PlacementGroupInfoGcsService.grpc_server.CreatePlacementGroup - 1 total (0 active), Execution time: mean = 0.35ms, total = 0.35ms, Queueing time: mean = 0.00ms, max = -0.00ms, min = 9223372036854.78ms, total = 0.00ms
	JobInfoGcsService.grpc_server.AddJob.HandleRequestImpl - 1 total (0 active), Execution time: mean = 0.05ms, total = 0.05ms, Queueing time: mean = 0.01ms, max = 0.01ms, min = 0.01ms, total = 0.01ms
	JobInfoGcsService.grpc_server.GetAllJobInfo - 1 total (0 active), Execution time: mean = 0.16ms, total = 0.16ms, Queueing time: mean = 0.00ms, max = -0.00ms, min = 9223372036854.78ms, total = 0.00ms
	NodeManager.AddNodeCallback - 1 total (0 active), Execution time: mean = 0.71ms, total = 0.71ms, Queueing time: mean = 0.01ms, max = 0.01ms, min = 0.01ms, total = 0.01ms
	PlacementGroupInfoGcsService.grpc_server.WaitPlacementGroupUntilReady - 1 total (0 active), Execution time: mean = 0.77ms, total = 0.77ms, Queueing time: mean = 0.00ms, max = -0.00ms, min = 9223372036854.78ms, total = 0.00ms


[2026-09-09 05:16:40,987 I 3251825 3251825] (gcs_server) gcs_server.cc:926: task_io_context Event stats:


Global stats: 142 total (1 active)
Queueing time: mean = 0.02ms, max = 0.98ms, min = 0.00ms, total = 3.41ms
Execution time:  mean = 0.14ms, total = 19.42ms
Event stats:
	TaskInfoGcsService.grpc_server.AddTaskEventData - 60 total (0 active), Execution time: mean = 0.29ms, total = 17.17ms, Queueing time: mean = 0.00ms, max = -0.00ms, min = 9223372036854.78ms, total = 0.00ms
	TaskInfoGcsService.grpc_server.AddTaskEventData.HandleRequestImpl - 60 total (0 active), Execution time: mean = 0.03ms, total = 2.08ms, Queueing time: mean = 0.05ms, max = 0.98ms, min = 0.01ms, total = 3.10ms
	GcsTaskManager.GcJobSummary - 13 total (1 active), Execution time: mean = 0.00ms, total = 0.06ms, Queueing time: mean = 0.01ms, max = 0.02ms, min = 0.01ms, total = 0.15ms
	event_loop_lag_probe - 8 total (0 active), Execution time: mean = 0.01ms, total = 0.11ms, Queueing time: mean = 0.02ms, max = 0.11ms, min = 0.00ms, total = 0.16ms
	PeriodicalRunner.RunFnPeriodically - 1 total (0 active), Execution time: mean = 0.00ms, total = 0.00ms, Queueing time: mean = 0.00ms, max = 0.00ms, min = 0.00ms, total = 0.00ms


[2026-09-09 05:16:40,987 I 3251825 3251825] (gcs_server) gcs_server.cc:926: pubsub_io_context Event stats:


Global stats: 326 total (8 active)
Queueing time: mean = 0.02ms, max = 1.75ms, min = 0.00ms, total = 5.08ms
Execution time:  mean = 302.79ms, total = 98709.02ms
Event stats:
	InternalPubSubGcsService.grpc_server.GcsSubscriberPoll.HandleRequestImpl - 72 total (0 active), Execution time: mean = 0.03ms, total = 1.88ms, Queueing time: mean = 0.03ms, max = 0.31ms, min = 0.00ms, total = 1.91ms
	InternalPubSubGcsService.grpc_server.GcsSubscriberPoll - 72 total (7 active), Execution time: mean = 1370.54ms, total = 98679.06ms, Queueing time: mean = 0.00ms, max = -0.00ms, min = 9223372036854.78ms, total = 0.00ms
	InternalPubSubGcsService.grpc_server.GcsPublish.HandleRequestImpl - 68 total (0 active), Execution time: mean = 0.07ms, total = 5.05ms, Queueing time: mean = 0.04ms, max = 1.75ms, min = 0.00ms, total = 2.55ms
	InternalPubSubGcsService.grpc_server.GcsPublish - 68 total (0 active), Execution time: mean = 0.28ms, total = 18.75ms, Queueing time: mean = 0.00ms, max = -0.00ms, min = 9223372036854.78ms, total = 0.00ms
	InternalPubSubGcsService.grpc_server.GcsSubscriberCommandBatch - 16 total (0 active), Execution time: mean = 0.22ms, total = 3.60ms, Queueing time: mean = 0.00ms, max = -0.00ms, min = 9223372036854.78ms, total = 0.00ms
	InternalPubSubGcsService.grpc_server.GcsSubscriberCommandBatch.HandleRequestImpl - 16 total (0 active), Execution time: mean = 0.04ms, total = 0.59ms, Queueing time: mean = 0.02ms, max = 0.08ms, min = 0.00ms, total = 0.26ms
	event_loop_lag_probe - 8 total (0 active), Execution time: mean = 0.01ms, total = 0.09ms, Queueing time: mean = 0.01ms, max = 0.07ms, min = 0.00ms, total = 0.10ms
	RemoveSubscriberFrom - 4 total (0 active), Execution time: mean = 0.00ms, total = 0.00ms, Queueing time: mean = 0.06ms, max = 0.14ms, min = 0.00ms, total = 0.25ms
	PeriodicalRunner.RunFnPeriodically - 1 total (0 active), Execution time: mean = 0.01ms, total = 0.01ms, Queueing time: mean = 0.00ms, max = 0.00ms, min = 0.00ms, total = 0.00ms
	Publisher.CheckDeadSubscribers - 1 total (1 active), Execution time: mean = 0.00ms, total = 0.00ms, Queueing time: mean = 0.00ms, max = -0.00ms, min = 9223372036854.78ms, total = 0.00ms


[2026-09-09 05:16:40,987 I 3251825 3251825] (gcs_server) gcs_server.cc:926: ray_syncer_io_context Event stats:


Global stats: 42 total (0 active)
Queueing time: mean = 0.12ms, max = 2.66ms, min = 0.00ms, total = 5.24ms
Execution time:  mean = 0.03ms, total = 1.07ms
Event stats:
	RaySyncer.BroadcastMessage - 16 total (0 active), Execution time: mean = 0.01ms, total = 0.12ms, Queueing time: mean = 0.00ms, max = 0.00ms, min = 0.00ms, total = 0.00ms
	 - 16 total (0 active), Execution time: mean = 0.06ms, total = 0.89ms, Queueing time: mean = 0.30ms, max = 2.66ms, min = 0.00ms, total = 4.87ms
	event_loop_lag_probe - 8 total (0 active), Execution time: mean = 0.01ms, total = 0.06ms, Queueing time: mean = 0.04ms, max = 0.26ms, min = 0.00ms, total = 0.36ms
	RaySyncerRegister - 2 total (0 active), Execution time: mean = 0.00ms, total = 0.00ms, Queueing time: mean = 0.00ms, max = 0.00ms, min = 0.00ms, total = 0.01ms


[2026-09-09 05:16:40,987 I 3251825 3251825] (gcs_server) gcs_server.cc:926: ray_event_io_context Event stats:


Global stats: 8 total (0 active)
Queueing time: mean = 0.02ms, max = 0.07ms, min = 0.00ms, total = 0.14ms
Execution time:  mean = 0.03ms, total = 0.26ms
Event stats:
	event_loop_lag_probe - 8 total (0 active), Execution time: mean = 0.03ms, total = 0.26ms, Queueing time: mean = 0.02ms, max = 0.07ms, min = 0.00ms, total = 0.14ms


[2026-09-09 05:16:40,987 I 3251825 3251825] (gcs_server) gcs_server.cc:926: internal_kv_io_context Event stats:


Global stats: 436 total (0 active)
Queueing time: mean = 0.01ms, max = 0.92ms, min = 0.00ms, total = 4.17ms
Execution time:  mean = 0.10ms, total = 41.64ms
Event stats:
	InternalKVGcsService.grpc_server.InternalKVGet - 88 total (0 active), Execution time: mean = 0.23ms, total = 20.51ms, Queueing time: mean = 0.00ms, max = -0.00ms, min = 9223372036854.78ms, total = 0.00ms
	GcsInMemoryStore.Get - 88 total (0 active), Execution time: mean = 0.01ms, total = 1.00ms, Queueing time: mean = 0.01ms, max = 0.02ms, min = 0.00ms, total = 0.63ms
	InternalKVGcsService.grpc_server.InternalKVGet.HandleRequestImpl - 88 total (0 active), Execution time: mean = 0.05ms, total = 4.55ms, Queueing time: mean = 0.03ms, max = 0.92ms, min = 0.00ms, total = 2.73ms
	InternalKVGcsService.grpc_server.InternalKVPut - 52 total (0 active), Execution time: mean = 0.25ms, total = 13.08ms, Queueing time: mean = 0.00ms, max = -0.00ms, min = 9223372036854.78ms, total = 0.00ms
	GcsInMemoryStore.Put - 52 total (0 active), Execution time: mean = 0.01ms, total = 0.30ms, Queueing time: mean = 0.01ms, max = 0.02ms, min = 0.00ms, total = 0.33ms
	InternalKVGcsService.grpc_server.InternalKVPut.HandleRequestImpl - 52 total (0 active), Execution time: mean = 0.03ms, total = 1.48ms, Queueing time: mean = 0.01ms, max = 0.03ms, min = 0.00ms, total = 0.38ms
	event_loop_lag_probe - 8 total (0 active), Execution time: mean = 0.03ms, total = 0.24ms, Queueing time: mean = 0.01ms, max = 0.06ms, min = 0.00ms, total = 0.08ms
	InternalKVGcsService.grpc_server.InternalKVDel.HandleRequestImpl - 1 total (0 active), Execution time: mean = 0.03ms, total = 0.03ms, Queueing time: mean = 0.01ms, max = 0.01ms, min = 0.01ms, total = 0.01ms
	InternalKVGcsService.grpc_server.InternalKVDel - 1 total (0 active), Execution time: mean = 0.12ms, total = 0.12ms, Queueing time: mean = 0.00ms, max = -0.00ms, min = 9223372036854.78ms, total = 0.00ms
	GcsInMemoryStore.Delete - 1 total (0 active), Execution time: mean = 0.01ms, total = 0.01ms, Queueing time: mean = 0.01ms, max = 0.01ms, min = 0.01ms, total = 0.01ms
	InternalKVGcsService.grpc_server.InternalKVExists.HandleRequestImpl - 1 total (0 active), Execution time: mean = 0.04ms, total = 0.04ms, Queueing time: mean = 0.01ms, max = 0.01ms, min = 0.01ms, total = 0.01ms
	GcsInMemoryStore.Exists - 1 total (0 active), Execution time: mean = 0.00ms, total = 0.00ms, Queueing time: mean = 0.01ms, max = 0.01ms, min = 0.01ms, total = 0.01ms
	InternalKVGcsService.grpc_server.InternalKVExists - 1 total (0 active), Execution time: mean = 0.10ms, total = 0.10ms, Queueing time: mean = 0.00ms, max = -0.00ms, min = 9223372036854.78ms, total = 0.00ms
	InternalKVGcsService.grpc_server.GetInternalConfig - 1 total (0 active), Execution time: mean = 0.12ms, total = 0.12ms, Queueing time: mean = 0.00ms, max = -0.00ms, min = 9223372036854.78ms, total = 0.00ms
	InternalKVGcsService.grpc_server.GetInternalConfig.HandleRequestImpl - 1 total (0 active), Execution time: mean = 0.03ms, total = 0.03ms, Queueing time: mean = 0.01ms, max = 0.01ms, min = 0.01ms, total = 0.01ms


[2026-09-09 05:16:40,988 I 3251825 3251825] (gcs_server) gcs_server.cc:926: node_manager_io_context Event stats:


Global stats: 119 total (0 active)
Queueing time: mean = 0.02ms, max = 0.56ms, min = 0.00ms, total = 2.06ms
Execution time:  mean = 0.15ms, total = 17.37ms
Event stats:
	NodeInfoGcsService.grpc_server.GetAllNodeInfo.HandleRequestImpl - 19 total (0 active), Execution time: mean = 0.02ms, total = 0.34ms, Queueing time: mean = 0.01ms, max = 0.03ms, min = 0.00ms, total = 0.14ms
	NodeInfoGcsService.grpc_server.GetAllNodeInfo - 19 total (0 active), Execution time: mean = 0.40ms, total = 7.57ms, Queueing time: mean = 0.00ms, max = -0.00ms, min = 9223372036854.78ms, total = 0.00ms
	NodeInfoGcsService.grpc_server.GetClusterId - 17 total (0 active), Execution time: mean = 0.15ms, total = 2.53ms, Queueing time: mean = 0.00ms, max = -0.00ms, min = 9223372036854.78ms, total = 0.00ms
	NodeInfoGcsService.grpc_server.GetClusterId.HandleRequestImpl - 17 total (0 active), Execution time: mean = 0.01ms, total = 0.24ms, Queueing time: mean = 0.03ms, max = 0.26ms, min = 0.01ms, total = 0.45ms
	NodeInfoGcsService.grpc_server.CheckAlive.HandleRequestImpl - 13 total (0 active), Execution time: mean = 0.02ms, total = 0.24ms, Queueing time: mean = 0.03ms, max = 0.20ms, min = 0.01ms, total = 0.43ms
	NodeInfoGcsService.grpc_server.CheckAlive - 13 total (0 active), Execution time: mean = 0.16ms, total = 2.13ms, Queueing time: mean = 0.00ms, max = -0.00ms, min = 9223372036854.78ms, total = 0.00ms
	event_loop_lag_probe - 8 total (0 active), Execution time: mean = 0.03ms, total = 0.24ms, Queueing time: mean = 0.01ms, max = 0.08ms, min = 0.00ms, total = 0.10ms
	NodeInfoGcsService.grpc_server.GetAllNodeAddressAndLiveness.HandleRequestImpl - 5 total (0 active), Execution time: mean = 0.01ms, total = 0.04ms, Queueing time: mean = 0.07ms, max = 0.34ms, min = 0.00ms, total = 0.37ms
	NodeInfoGcsService.grpc_server.GetAllNodeAddressAndLiveness - 5 total (0 active), Execution time: mean = 0.29ms, total = 1.45ms, Queueing time: mean = 0.00ms, max = -0.00ms, min = 9223372036854.78ms, total = 0.00ms
	GcsInMemoryStore.Put - 1 total (0 active), Execution time: mean = 0.03ms, total = 0.03ms, Queueing time: mean = 0.01ms, max = 0.01ms, min = 0.01ms, total = 0.01ms
	NodeInfoGcsService.grpc_server.RegisterNode - 1 total (0 active), Execution time: mean = 2.47ms, total = 2.47ms, Queueing time: mean = 0.00ms, max = -0.00ms, min = 9223372036854.78ms, total = 0.00ms
	NodeInfoGcsService.grpc_server.RegisterNode.HandleRequestImpl - 1 total (0 active), Execution time: mean = 0.08ms, total = 0.08ms, Queueing time: mean = 0.56ms, max = 0.56ms, min = 0.56ms, total = 0.56ms


[2026-09-09 05:16:42,328 I 3251825 3251825] (gcs_server) gcs_actor_manager.cc:991: Destroying actor, force_kill=0, timeout_ms=30000 job_id=01000000 actor_id=b85f6a3bfeff66ef51aa3ccd01000000
[2026-09-09 05:16:42,328 I 3251825 3251825] (gcs_server) gcs_actor_manager.cc:966: Actor b85f6a3bfeff66ef51aa3ccd01000000 has no references, destroying actor, job id = 01000000
[2026-09-09 05:16:42,328 I 3251825 3251853] (gcs_server) gcs_node_manager.cc:175: HandleUnregisterNode() for node node_id=277af84b2b5d71ad2a7e70d29a8ed4999b8fd317e697d7c11eee9704 grpc_peer=ipv4:155.103.252.95:52922
[2026-09-09 05:16:42,328 I 3251825 3251853] (gcs_server) gcs_node_manager.cc:641: , death reason = EXPECTED_TERMINATION, death message = received SIGTERM node_id=277af84b2b5d71ad2a7e70d29a8ed4999b8fd317e697d7c11eee9704 node_name=155.103.252.95
[2026-09-09 05:16:42,328 I 3251825 3251825] (gcs_server) gcs_placement_group_manager.cc:685: Node is dead, rescheduling the placement groups on the dead node. node_id=277af84b2b5d71ad2a7e70d29a8ed4999b8fd317e697d7c11eee9704
[2026-09-09 05:16:42,328 I 3251825 3251825] (gcs_server) gcs_placement_group_manager.cc:693: Rescheduling a bundle when a node dies, placement group id:f3ba560ba314739695465b8226bc01000000 bundle index:0
[2026-09-09 05:16:42,328 I 3251825 3251825] (gcs_server) gcs_actor_manager.cc:1314: Node died; killing actors that were owned by workers on it: fc1e3bbc51f48b7b453b315301000000, 7a20aa319240f4885b69b18601000000, 925d3f774d1373c100450a4501000000, cc8050a260b79fd5bd01215a01000000, 4c8661739358e222fb556e5001000000 node_id=277af84b2b5d71ad2a7e70d29a8ed4999b8fd317e697d7c11eee9704
[2026-09-09 05:16:42,328 I 3251825 3251825] (gcs_server) gcs_actor_manager.cc:991: Destroying actor, force_kill=1, timeout_ms=-1 job_id=01000000 actor_id=fc1e3bbc51f48b7b453b315301000000
[2026-09-09 05:16:42,328 I 3251825 3251825] (gcs_server) gcs_actor_manager.cc:900: Actor name agent_loop_worker_0_2d3d5930 is cleaned up.
[2026-09-09 05:16:42,328 I 3251825 3251825] (gcs_server) gcs_actor_manager.cc:991: Destroying actor, force_kill=1, timeout_ms=-1 job_id=01000000 actor_id=7a20aa319240f4885b69b18601000000
[2026-09-09 05:16:42,329 I 3251825 3251825] (gcs_server) gcs_actor_manager.cc:900: Actor name reward_loop_worker_0 is cleaned up.
[2026-09-09 05:16:42,329 I 3251825 3251825] (gcs_server) gcs_actor_manager.cc:991: Destroying actor, force_kill=1, timeout_ms=-1 job_id=01000000 actor_id=925d3f774d1373c100450a4501000000
[2026-09-09 05:16:42,329 I 3251825 3251825] (gcs_server) gcs_actor_manager.cc:900: Actor name vllm_server_0_0 is cleaned up.
[2026-09-09 05:16:42,329 I 3251825 3251825] (gcs_server) gcs_actor_manager.cc:991: Destroying actor, force_kill=1, timeout_ms=-1 job_id=01000000 actor_id=cc8050a260b79fd5bd01215a01000000
[2026-09-09 05:16:42,329 I 3251825 3251825] (gcs_server) gcs_actor_manager.cc:900: Actor name PafYfqWorkerDict_0:0 is cleaned up.
[2026-09-09 05:16:42,329 I 3251825 3251825] (gcs_server) gcs_actor_manager.cc:991: Destroying actor, force_kill=1, timeout_ms=-1 job_id=01000000 actor_id=4c8661739358e222fb556e5001000000
[2026-09-09 05:16:42,329 I 3251825 3251825] (gcs_server) gcs_job_manager.cc:489: Node is dead, marking all jobs with drivers on this node as finished. node_id=277af84b2b5d71ad2a7e70d29a8ed4999b8fd317e697d7c11eee9704
[2026-09-09 05:16:42,330 I 3251825 3251825] (gcs_server) gcs_job_manager.cc:157: Marking job as finished. job_id=01000000
[2026-09-09 05:16:42,330 I 3251825 3251825] (gcs_server) gcs_placement_group_scheduler.cc:624: Cancelling all committed bundles of a placement group, id is f3ba560ba314739695465b8226bc01000000
[2026-09-09 05:16:42,330 I 3251825 3251825] (gcs_server) gcs_placement_group_manager.cc:766: Removed placement group because its job finished. placement_group_id=f3ba560ba314739695465b8226bc01000000
[2026-09-09 05:16:42,538 I 3251825 3251825] (gcs_server) gcs_actor_manager.cc:962: Worker 5b05b8f0807af7e2bd993410166a7d750b5bfecb0e341ee8c73cb4bf failed, destroying actor child, job id = 01000000
[2026-09-09 05:16:42,538 I 3251825 3251825] (gcs_server) gcs_actor_manager.cc:962: Worker 5b05b8f0807af7e2bd993410166a7d750b5bfecb0e341ee8c73cb4bf failed, destroying actor child, job id = 01000000
[2026-09-09 05:16:42,538 I 3251825 3251825] (gcs_server) gcs_actor_manager.cc:962: Worker 5b05b8f0807af7e2bd993410166a7d750b5bfecb0e341ee8c73cb4bf failed, destroying actor child, job id = 01000000
[2026-09-09 05:16:42,538 I 3251825 3251825] (gcs_server) gcs_actor_manager.cc:962: Worker 5b05b8f0807af7e2bd993410166a7d750b5bfecb0e341ee8c73cb4bf failed, destroying actor child, job id = 01000000
[2026-09-09 05:16:42,538 I 3251825 3251825] (gcs_server) gcs_actor_manager.cc:962: Worker 5b05b8f0807af7e2bd993410166a7d750b5bfecb0e341ee8c73cb4bf failed, destroying actor child, job id = 01000000
[2026-09-09 05:16:42,540 I 3251825 3251825] (gcs_server) gcs_actor_manager.cc:1869: Node with actor is already dead, return status: RpcError: RPC error: Cancelling all calls rpc_code: 14 actor_id=4c8661739358e222fb556e5001000000 node_id=277af84b2b5d71ad2a7e70d29a8ed4999b8fd317e697d7c11eee9704
[2026-09-09 05:16:42,540 I 3251825 3251825] (gcs_server) gcs_actor_manager.cc:1869: Node with actor is already dead, return status: RpcError: RPC error: Cancelling all calls rpc_code: 14 actor_id=cc8050a260b79fd5bd01215a01000000 node_id=277af84b2b5d71ad2a7e70d29a8ed4999b8fd317e697d7c11eee9704
[2026-09-09 05:16:42,540 I 3251825 3251825] (gcs_server) gcs_actor_manager.cc:1869: Node with actor is already dead, return status: RpcError: RPC error: Cancelling all calls rpc_code: 14 actor_id=7a20aa319240f4885b69b18601000000 node_id=277af84b2b5d71ad2a7e70d29a8ed4999b8fd317e697d7c11eee9704
[2026-09-09 05:16:42,540 I 3251825 3251825] (gcs_server) gcs_actor_manager.cc:1869: Node with actor is already dead, return status: RpcError: RPC error: Cancelling all calls rpc_code: 14 actor_id=925d3f774d1373c100450a4501000000 node_id=277af84b2b5d71ad2a7e70d29a8ed4999b8fd317e697d7c11eee9704
[2026-09-09 05:16:42,540 I 3251825 3251825] (gcs_server) gcs_actor_manager.cc:1869: Node with actor is already dead, return status: RpcError: RPC error: Cancelling all calls rpc_code: 14 actor_id=b85f6a3bfeff66ef51aa3ccd01000000 node_id=277af84b2b5d71ad2a7e70d29a8ed4999b8fd317e697d7c11eee9704
[2026-09-09 05:16:42,540 I 3251825 3251825] (gcs_server) gcs_actor_manager.cc:1869: Node with actor is already dead, return status: RpcError: RPC error: Cancelling all calls rpc_code: 14 actor_id=fc1e3bbc51f48b7b453b315301000000 node_id=277af84b2b5d71ad2a7e70d29a8ed4999b8fd317e697d7c11eee9704
[2026-09-09 05:16:42,544 I 3251825 3251850] (gcs_server) ray_syncer_bidi_reactor_base.h:243: Failed to read a message from node: 277af84b2b5d71ad2a7e70d29a8ed4999b8fd317e697d7c11eee9704
[2026-09-09 05:16:42,545 I 3251825 3251850] (gcs_server) ray_syncer.cc:253: Connection is broken. node_id=277af84b2b5d71ad2a7e70d29a8ed4999b8fd317e697d7c11eee9704
[2026-09-09 05:16:42,545 I 3251825 3251825] (gcs_server) gcs_server_main.cc:241: GCS server received SIGTERM, shutting down...
[2026-09-09 05:16:42,545 I 3251825 3251825] (gcs_server) gcs_server.cc:326: Stopping GCS server.
[2026-09-09 05:16:42,545 I 3251825 3251825] (gcs_server) ray_event_recorder.cc:66: Stopping RayEventRecorder and flushing remaining events.
[2026-09-09 05:16:42,619 I 3251825 3251825] (gcs_server) gcs_server.cc:345: GCS server stopped.
[2026-09-09 05:16:42,620 W 3251825 3263643] (gcs_server) open_telemetry_metric_recorder.cc:67: Failed to export metrics to the metrics agent. Result: 1
[2026-09-09 05:16:42,620 I 3251825 3251825] (gcs_server) stats.h:164: Stats module has shutdown.
