2026-09-09 05:15:41,872	INFO log_monitor.py:168 -- Starting log monitor with [max open files=200], [is_autoscaler_v2=False]
2026-09-09 05:15:41,872	INFO log_monitor.py:290 -- Beginning to track file raylet.err
2026-09-09 05:15:41,873	INFO log_monitor.py:290 -- Beginning to track file monitor.log
2026-09-09 05:15:41,873	INFO log_monitor.py:290 -- Beginning to track file gcs_server.err
2026-09-09 05:15:46,291	INFO log_monitor.py:290 -- Beginning to track file worker-8d1be84170e405360d3b10ebccea5009bf5db2b2e72b7d293ca7e42d-ffffffff-3252371.err
2026-09-09 05:15:46,291	INFO log_monitor.py:290 -- Beginning to track file worker-3d000ccd432c67ef9b8133e7a85582ec3a82c1ac63e5868cdde493ab-ffffffff-3252373.out
2026-09-09 05:15:46,291	INFO log_monitor.py:290 -- Beginning to track file worker-3d000ccd432c67ef9b8133e7a85582ec3a82c1ac63e5868cdde493ab-ffffffff-3252373.err
2026-09-09 05:15:46,291	INFO log_monitor.py:290 -- Beginning to track file worker-8d1be84170e405360d3b10ebccea5009bf5db2b2e72b7d293ca7e42d-ffffffff-3252371.out
2026-09-09 05:15:46,291	INFO log_monitor.py:290 -- Beginning to track file worker-7f22b6ee831277e3e9006f923a20d007500eebbf22eb1063d8085f0f-ffffffff-3252372.out
2026-09-09 05:15:46,291	INFO log_monitor.py:290 -- Beginning to track file worker-7f22b6ee831277e3e9006f923a20d007500eebbf22eb1063d8085f0f-ffffffff-3252372.err
2026-09-09 05:15:46,392	INFO log_monitor.py:290 -- Beginning to track file worker-bf4b7a44a9c030b77d28b720638b284d8258869418ab67d0c6a7e203-ffffffff-3252374.err
2026-09-09 05:15:46,392	INFO log_monitor.py:290 -- Beginning to track file worker-bf4b7a44a9c030b77d28b720638b284d8258869418ab67d0c6a7e203-ffffffff-3252374.out
2026-09-09 05:15:46,693	INFO log_monitor.py:290 -- Beginning to track file worker-5b05b8f0807af7e2bd993410166a7d750b5bfecb0e341ee8c73cb4bf-01000000-3252623.out
2026-09-09 05:15:46,693	INFO log_monitor.py:290 -- Beginning to track file worker-5b05b8f0807af7e2bd993410166a7d750b5bfecb0e341ee8c73cb4bf-01000000-3252623.err
2026-09-09 05:15:51,619	INFO log_monitor.py:290 -- Beginning to track file worker-8aa7b3dc6a8529bdebc4ef5fe747d295d30383ba516b182f4529c2d2-01000000-3252845.out
2026-09-09 05:15:51,619	INFO log_monitor.py:290 -- Beginning to track file worker-8aa7b3dc6a8529bdebc4ef5fe747d295d30383ba516b182f4529c2d2-01000000-3252845.err
2026-09-09 05:15:52,125	INFO log_monitor.py:290 -- Beginning to track file worker-bab214a57eea3593f7e864bdfa278b7661d04ed3cade72e65763a6fa-01000000-3253237.out
2026-09-09 05:15:52,125	INFO log_monitor.py:290 -- Beginning to track file worker-bab214a57eea3593f7e864bdfa278b7661d04ed3cade72e65763a6fa-01000000-3253237.err
2026-09-09 05:15:59,665	INFO log_monitor.py:290 -- Beginning to track file worker-6d97e2372d46b676789637ba02f02224c0331148c7b5e363367e50f2-01000000-3255575.err
2026-09-09 05:15:59,665	INFO log_monitor.py:290 -- Beginning to track file worker-6d97e2372d46b676789637ba02f02224c0331148c7b5e363367e50f2-01000000-3255575.out
2026-09-09 05:16:01,174	INFO log_monitor.py:290 -- Beginning to track file worker-b2299a78b45c32ec8b3ae9097e5da1a88decf2c0a51ff677487c2434-01000000-3256272.err
2026-09-09 05:16:01,174	INFO log_monitor.py:290 -- Beginning to track file worker-b2299a78b45c32ec8b3ae9097e5da1a88decf2c0a51ff677487c2434-01000000-3256272.out
2026-09-09 05:16:19,996	INFO log_monitor.py:290 -- Beginning to track file worker-4cbed1fd2cafd7b36cab8b57055bdb2cf787df1df73ef338b06a650c-01000000-3259564.err
2026-09-09 05:16:19,996	INFO log_monitor.py:290 -- Beginning to track file worker-4cbed1fd2cafd7b36cab8b57055bdb2cf787df1df73ef338b06a650c-01000000-3259564.out
2026-09-09 05:16:20,097	INFO log_monitor.py:290 -- Beginning to track file worker-d7c80f2c768c576e0f9a86a1c047f4ed568f0369781b710971faa933-01000000-3259567.out
2026-09-09 05:16:20,097	INFO log_monitor.py:290 -- Beginning to track file worker-d7c80f2c768c576e0f9a86a1c047f4ed568f0369781b710971faa933-01000000-3259567.err
