2026-09-09 05:15:41,273	INFO monitor.py:715 -- Starting monitor using ray installation: /home/ubuntu/ai-infra-book-experiments/tools/verl-private/verl-project-verl-d040717/.venv/lib/python3.12/site-packages/ray/__init__.py
2026-09-09 05:15:41,273	INFO monitor.py:716 -- Ray version: 2.55.1
2026-09-09 05:15:41,273	INFO monitor.py:717 -- Ray commit: 237c2455ebb1ea15a32dd9e1fdeb2d617badc37f
2026-09-09 05:15:41,273	INFO monitor.py:718 -- Monitor started with command: ['/home/ubuntu/ai-infra-book-experiments/tools/verl-private/verl-project-verl-d040717/.venv/lib/python3.12/site-packages/ray/autoscaler/_private/monitor.py', '--logs-dir=/home/ubuntu/ai-infra-book-experiments/tools/verl-private/r/control/logs', '--logging-rotate-bytes=536870912', '--logging-rotate-backup-count=5', '--gcs-address=155.103.252.95:6398', '--stdout-filepath=/home/ubuntu/ai-infra-book-experiments/tools/verl-private/r/control/logs/monitor.out', '--stderr-filepath=/home/ubuntu/ai-infra-book-experiments/tools/verl-private/r/control/logs/monitor.err', '--monitor-ip=155.103.252.95']
2026-09-09 05:15:41,279	INFO monitor.py:161 -- session_name: control
2026-09-09 05:15:41,280	INFO monitor.py:193 -- Starting autoscaler metrics server on port 44217
2026-09-09 05:15:41,281	INFO monitor.py:218 -- Monitor: Started
2026-09-09 05:15:41,286	INFO autoscaler.py:280 -- disable_node_updaters:False
2026-09-09 05:15:41,286	INFO autoscaler.py:289 -- disable_launch_config_check:True
2026-09-09 05:15:41,286	INFO autoscaler.py:301 -- foreground_node_launch:False
2026-09-09 05:15:41,286	INFO autoscaler.py:311 -- worker_liveness_check:True
2026-09-09 05:15:41,286	INFO autoscaler.py:361 -- StandardAutoscaler: {'cluster_name': 'default', 'max_workers': 0, 'upscaling_speed': 1.0, 'docker': {}, 'idle_timeout_minutes': 0, 'provider': {'type': 'readonly', 'use_node_id_as_ip': True, 'disable_launch_config_check': True}, 'auth': {}, 'available_node_types': {'ray.head.default': {'resources': {}, 'node_config': {}, 'max_workers': 0}}, 'head_node_type': 'ray.head.default', 'file_mounts': {}, 'cluster_synced_files': [], 'file_mounts_sync_continuously': False, 'rsync_exclude': [], 'rsync_filter': [], 'initialization_commands': [], 'setup_commands': [], 'head_setup_commands': [], 'worker_setup_commands': [], 'head_start_ray_commands': [], 'worker_start_ray_commands': []}
2026-09-09 05:15:41,287	INFO monitor.py:393 -- Autoscaler has not yet received load metrics. Waiting.
2026-09-09 05:15:46,288	INFO autoscaler.py:147 -- The autoscaler took 0.0 seconds to fetch the list of non-terminated nodes.
2026-09-09 05:15:46,289	INFO autoscaler.py:408 -- 
======== Autoscaler status: 2026-09-09 05:15:46.289000 ========
Node status
---------------------------------------------------------------
Active:
 1 node_277af84b2b5d71ad2a7e70d29a8ed4999b8fd317e697d7c11eee9704
Pending:
 (no pending nodes)
Recent failures:
 (no failures)

Resources
---------------------------------------------------------------
Total Usage:
 0.0/4.0 CPU
 0.0/1.0 GPU
 0B/20.00GiB memory
 0B/128.00MiB object_store_memory

From request_resources:
 (none)
Pending Demands:
 (no resource demands)
2026-09-09 05:15:46,289	INFO autoscaler.py:469 -- The autoscaler took 0.001 seconds to complete the update iteration.
2026-09-09 05:15:51,296	INFO autoscaler.py:147 -- The autoscaler took 0.0 seconds to fetch the list of non-terminated nodes.
2026-09-09 05:15:51,296	INFO autoscaler.py:408 -- 
======== Autoscaler status: 2026-09-09 05:15:51.296766 ========
Node status
---------------------------------------------------------------
Active:
 1 node_277af84b2b5d71ad2a7e70d29a8ed4999b8fd317e697d7c11eee9704
Pending:
 (no pending nodes)
Recent failures:
 (no failures)

Resources
---------------------------------------------------------------
Total Usage:
 0.0/4.0 CPU
 0.0/1.0 GPU
 0B/20.00GiB memory
 0B/128.00MiB object_store_memory

From request_resources:
 (none)
Pending Demands:
 (no resource demands)
2026-09-09 05:15:51,297	INFO autoscaler.py:469 -- The autoscaler took 0.001 seconds to complete the update iteration.
2026-09-09 05:15:56,303	INFO autoscaler.py:147 -- The autoscaler took 0.0 seconds to fetch the list of non-terminated nodes.
2026-09-09 05:15:56,303	INFO autoscaler.py:408 -- 
======== Autoscaler status: 2026-09-09 05:15:56.303698 ========
Node status
---------------------------------------------------------------
Active:
 1 node_277af84b2b5d71ad2a7e70d29a8ed4999b8fd317e697d7c11eee9704
Pending:
 (no pending nodes)
Recent failures:
 (no failures)

Resources
---------------------------------------------------------------
Total Usage:
 1.0/4.0 CPU (1.0 used of 3.0 reserved in placement groups)
 0.33330000000000004/1.0 GPU (0.33330000000000004 used of 1.0 reserved in placement groups)
 0B/20.00GiB memory
 0B/128.00MiB object_store_memory

From request_resources:
 (none)
Pending Demands:
 (no resource demands)
2026-09-09 05:15:56,304	INFO autoscaler.py:469 -- The autoscaler took 0.001 seconds to complete the update iteration.
2026-09-09 05:16:01,312	INFO autoscaler.py:147 -- The autoscaler took 0.0 seconds to fetch the list of non-terminated nodes.
2026-09-09 05:16:01,312	INFO autoscaler.py:408 -- 
======== Autoscaler status: 2026-09-09 05:16:01.312160 ========
Node status
---------------------------------------------------------------
Active:
 1 node_277af84b2b5d71ad2a7e70d29a8ed4999b8fd317e697d7c11eee9704
Pending:
 (no pending nodes)
Recent failures:
 (no failures)

Resources
---------------------------------------------------------------
Total Usage:
 1.0/4.0 CPU (1.0 used of 3.0 reserved in placement groups)
 0.33330000000000004/1.0 GPU (0.33330000000000004 used of 1.0 reserved in placement groups)
 0B/20.00GiB memory
 0B/128.00MiB object_store_memory

From request_resources:
 (none)
Pending Demands:
 (no resource demands)
2026-09-09 05:16:01,312	INFO autoscaler.py:469 -- The autoscaler took 0.001 seconds to complete the update iteration.
2026-09-09 05:16:06,314	INFO autoscaler.py:147 -- The autoscaler took 0.0 seconds to fetch the list of non-terminated nodes.
2026-09-09 05:16:06,315	INFO autoscaler.py:408 -- 
======== Autoscaler status: 2026-09-09 05:16:06.315136 ========
Node status
---------------------------------------------------------------
Active:
 1 node_277af84b2b5d71ad2a7e70d29a8ed4999b8fd317e697d7c11eee9704
Pending:
 (no pending nodes)
Recent failures:
 (no failures)

Resources
---------------------------------------------------------------
Total Usage:
 1.0/4.0 CPU (1.0 used of 3.0 reserved in placement groups)
 0.33330000000000004/1.0 GPU (0.33330000000000004 used of 1.0 reserved in placement groups)
 0B/20.00GiB memory
 0B/128.00MiB object_store_memory

From request_resources:
 (none)
Pending Demands:
 (no resource demands)
2026-09-09 05:16:06,316	INFO autoscaler.py:469 -- The autoscaler took 0.001 seconds to complete the update iteration.
2026-09-09 05:16:11,318	INFO autoscaler.py:147 -- The autoscaler took 0.0 seconds to fetch the list of non-terminated nodes.
2026-09-09 05:16:11,318	INFO autoscaler.py:408 -- 
======== Autoscaler status: 2026-09-09 05:16:11.318184 ========
Node status
---------------------------------------------------------------
Active:
 1 node_277af84b2b5d71ad2a7e70d29a8ed4999b8fd317e697d7c11eee9704
Pending:
 (no pending nodes)
Recent failures:
 (no failures)

Resources
---------------------------------------------------------------
Total Usage:
 1.0/4.0 CPU (1.0 used of 3.0 reserved in placement groups)
 0.33330000000000004/1.0 GPU (0.33330000000000004 used of 1.0 reserved in placement groups)
 0B/20.00GiB memory
 0B/128.00MiB object_store_memory

From request_resources:
 (none)
Pending Demands:
 (no resource demands)
2026-09-09 05:16:11,318	INFO autoscaler.py:469 -- The autoscaler took 0.001 seconds to complete the update iteration.
2026-09-09 05:16:16,320	INFO autoscaler.py:147 -- The autoscaler took 0.0 seconds to fetch the list of non-terminated nodes.
2026-09-09 05:16:16,320	INFO autoscaler.py:408 -- 
======== Autoscaler status: 2026-09-09 05:16:16.320542 ========
Node status
---------------------------------------------------------------
Active:
 1 node_277af84b2b5d71ad2a7e70d29a8ed4999b8fd317e697d7c11eee9704
Pending:
 (no pending nodes)
Recent failures:
 (no failures)

Resources
---------------------------------------------------------------
Total Usage:
 1.0/4.0 CPU (1.0 used of 3.0 reserved in placement groups)
 0.33330000000000004/1.0 GPU (0.33330000000000004 used of 1.0 reserved in placement groups)
 0B/20.00GiB memory
 0B/128.00MiB object_store_memory

From request_resources:
 (none)
Pending Demands:
 (no resource demands)
2026-09-09 05:16:16,321	INFO autoscaler.py:469 -- The autoscaler took 0.001 seconds to complete the update iteration.
2026-09-09 05:16:21,324	INFO autoscaler.py:147 -- The autoscaler took 0.0 seconds to fetch the list of non-terminated nodes.
2026-09-09 05:16:21,324	INFO autoscaler.py:408 -- 
======== Autoscaler status: 2026-09-09 05:16:21.324743 ========
Node status
---------------------------------------------------------------
Active:
 1 node_277af84b2b5d71ad2a7e70d29a8ed4999b8fd317e697d7c11eee9704
Pending:
 (no pending nodes)
Recent failures:
 (no failures)

Resources
---------------------------------------------------------------
Total Usage:
 1.0/4.0 CPU (1.0 used of 3.0 reserved in placement groups)
 0.33330000000000004/1.0 GPU (0.33330000000000004 used of 1.0 reserved in placement groups)
 0B/20.00GiB memory
 0B/128.00MiB object_store_memory

From request_resources:
 (none)
Pending Demands:
 (no resource demands)
2026-09-09 05:16:21,325	INFO autoscaler.py:469 -- The autoscaler took 0.001 seconds to complete the update iteration.
2026-09-09 05:16:26,327	INFO autoscaler.py:147 -- The autoscaler took 0.0 seconds to fetch the list of non-terminated nodes.
2026-09-09 05:16:26,327	INFO autoscaler.py:408 -- 
======== Autoscaler status: 2026-09-09 05:16:26.327337 ========
Node status
---------------------------------------------------------------
Active:
 1 node_277af84b2b5d71ad2a7e70d29a8ed4999b8fd317e697d7c11eee9704
Pending:
 (no pending nodes)
Recent failures:
 (no failures)

Resources
---------------------------------------------------------------
Total Usage:
 1.0/4.0 CPU (1.0 used of 3.0 reserved in placement groups)
 0.33330000000000004/1.0 GPU (0.33330000000000004 used of 1.0 reserved in placement groups)
 0B/20.00GiB memory
 0B/128.00MiB object_store_memory

From request_resources:
 (none)
Pending Demands:
 (no resource demands)
2026-09-09 05:16:26,327	INFO autoscaler.py:469 -- The autoscaler took 0.001 seconds to complete the update iteration.
2026-09-09 05:16:31,329	INFO autoscaler.py:147 -- The autoscaler took 0.0 seconds to fetch the list of non-terminated nodes.
2026-09-09 05:16:31,329	INFO autoscaler.py:408 -- 
======== Autoscaler status: 2026-09-09 05:16:31.329855 ========
Node status
---------------------------------------------------------------
Active:
 1 node_277af84b2b5d71ad2a7e70d29a8ed4999b8fd317e697d7c11eee9704
Pending:
 (no pending nodes)
Recent failures:
 (no failures)

Resources
---------------------------------------------------------------
Total Usage:
 1.0/4.0 CPU (1.0 used of 3.0 reserved in placement groups)
 0.33330000000000004/1.0 GPU (0.33330000000000004 used of 1.0 reserved in placement groups)
 0B/20.00GiB memory
 37.69KiB/128.00MiB object_store_memory

From request_resources:
 (none)
Pending Demands:
 (no resource demands)
2026-09-09 05:16:31,330	INFO autoscaler.py:469 -- The autoscaler took 0.001 seconds to complete the update iteration.
2026-09-09 05:16:36,332	INFO autoscaler.py:147 -- The autoscaler took 0.0 seconds to fetch the list of non-terminated nodes.
2026-09-09 05:16:36,332	INFO autoscaler.py:408 -- 
======== Autoscaler status: 2026-09-09 05:16:36.332234 ========
Node status
---------------------------------------------------------------
Active:
 1 node_277af84b2b5d71ad2a7e70d29a8ed4999b8fd317e697d7c11eee9704
Pending:
 (no pending nodes)
Recent failures:
 (no failures)

Resources
---------------------------------------------------------------
Total Usage:
 1.0/4.0 CPU (1.0 used of 3.0 reserved in placement groups)
 0.33330000000000004/1.0 GPU (0.33330000000000004 used of 1.0 reserved in placement groups)
 0B/20.00GiB memory
 0B/128.00MiB object_store_memory

From request_resources:
 (none)
Pending Demands:
 (no resource demands)
2026-09-09 05:16:36,332	INFO autoscaler.py:469 -- The autoscaler took 0.001 seconds to complete the update iteration.
2026-09-09 05:16:41,334	INFO autoscaler.py:147 -- The autoscaler took 0.0 seconds to fetch the list of non-terminated nodes.
2026-09-09 05:16:41,335	INFO autoscaler.py:408 -- 
======== Autoscaler status: 2026-09-09 05:16:41.335038 ========
Node status
---------------------------------------------------------------
Active:
 1 node_277af84b2b5d71ad2a7e70d29a8ed4999b8fd317e697d7c11eee9704
Pending:
 (no pending nodes)
Recent failures:
 (no failures)

Resources
---------------------------------------------------------------
Total Usage:
 1.0/4.0 CPU (1.0 used of 3.0 reserved in placement groups)
 0.33330000000000004/1.0 GPU (0.33330000000000004 used of 1.0 reserved in placement groups)
 0B/20.00GiB memory
 0B/128.00MiB object_store_memory

From request_resources:
 (none)
Pending Demands:
 (no resource demands)
2026-09-09 05:16:41,335	INFO autoscaler.py:469 -- The autoscaler took 0.001 seconds to complete the update iteration.
