[2026-09-09 05:15:59,582 I 3255575 3255575] core_worker_process.cc:795: Constructing CoreWorkerProcess. pid: 3255575
[2026-09-09 05:15:59,584 I 3255575 3255575] event.cc:499: Ray Event initialized for CORE_WORKER
[2026-09-09 05:15:59,584 I 3255575 3255575] event.cc:499: Ray Event initialized for EXPORT_TASK
[2026-09-09 05:15:59,584 I 3255575 3255575] event.cc:332: Set ray event level to warning
[2026-09-09 05:15:59,584 I 3255575 3255575] grpc_server.cc:143: worker server started, listening on port 16408.
[2026-09-09 05:15:59,590 I 3255575 3255575] core_worker_process.cc:267: Initializing worker at address: 155.103.252.95:16408 worker_id=6d97e2372d46b676789637ba02f02224c0331148c7b5e363367e50f2 node_id=277af84b2b5d71ad2a7e70d29a8ed4999b8fd317e697d7c11eee9704
[2026-09-09 05:15:59,591 I 3255575 3255575] task_event_buffer.cc:564: Reporting task events to GCS every 1000ms.
[2026-09-09 05:15:59,591 I 3255575 3255575] core_worker.cc:517: Adjusted worker niceness to 15
[2026-09-09 05:15:59,591 I 3255575 3255814] core_worker.cc:457: Event stats:


Global stats: 10 total (8 active)
Queueing time: mean = 0.02ms, max = 0.23ms, min = 0.01ms, total = 0.23ms
Execution time:  mean = 0.00ms, total = 0.01ms
Event stats:
	PeriodicalRunner.RunFnPeriodically - 7 total (5 active, 1 running), Execution time: mean = 0.00ms, total = 0.01ms, Queueing time: mean = 0.03ms, max = 0.23ms, min = 0.01ms, total = 0.23ms
	ray::rpc::WorkerInfoGcsService.grpc_client.AddWorkerInfo - 1 total (1 active), Execution time: mean = 0.00ms, total = 0.00ms, Queueing time: mean = 0.00ms, max = -0.00ms, min = 9223372036854.78ms, total = 0.00ms
	CoreWorker.ExitIfParentRayletDies - 1 total (1 active), Execution time: mean = 0.00ms, total = 0.00ms, Queueing time: mean = 0.00ms, max = -0.00ms, min = 9223372036854.78ms, total = 0.00ms
	Publisher.CheckDeadSubscribers - 1 total (1 active), Execution time: mean = 0.00ms, total = 0.00ms, Queueing time: mean = 0.00ms, max = -0.00ms, min = 9223372036854.78ms, total = 0.00ms

-----------------
Task execution event stats:

Global stats: 0 total (0 active)
Queueing time: mean = -nanms, max = -0.00ms, min = 9223372036854.78ms, total = 0.00ms
Execution time:  mean = -nanms, total = 0.00ms
Event stats:

-----------------
Task Event stats:

IO Service Stats:

Global stats: 2 total (1 active)
Queueing time: mean = 0.00ms, max = 0.00ms, min = 0.00ms, total = 0.00ms
Execution time:  mean = 0.02ms, total = 0.04ms
Event stats:
	CoreWorker.deadline_timer.flush_task_events - 1 total (1 active), Execution time: mean = 0.00ms, total = 0.00ms, Queueing time: mean = 0.00ms, max = -0.00ms, min = 9223372036854.78ms, total = 0.00ms
	PeriodicalRunner.RunFnPeriodically - 1 total (0 active), Execution time: mean = 0.04ms, total = 0.04ms, Queueing time: mean = 0.00ms, max = 0.00ms, min = 0.00ms, total = 0.00ms
Other Stats:
	gcs_grpc_in_progress:0
	event_aggregator_grpc_in_progress:0
	current number of task status events in buffer: 0
	current number of profile events in buffer: 0
	current number of dropped task attempts tracked: 0
	total task events sent: 0 MiB
	total number of task attempts sent: 0
	total number of task attempts dropped reported: 0
	total number of sent failure: 0
	num status task events dropped: 0
	num profile task events dropped: 0
	num ray task events reported to aggregator: 0
	num ray task events failed to report to aggregator: 0
	num of task attempts dropped reported to aggregator: 0
	num of failed requests to aggregator: 0

[2026-09-09 05:15:59,594 I 3255575 3255575] actor_task_submitter.cc:75: Set actor max pending calls to -1 actor_id=7a20aa319240f4885b69b18601000000
[2026-09-09 05:15:59,594 I 3255575 3255575] core_worker.cc:2889: Creating actor actor_id=7a20aa319240f4885b69b18601000000
[2026-09-09 05:16:02,577 I 3255575 3255575] task_receiver.cc:117: Actor creation task finished, task_id: ffffffffffffffff7a20aa319240f4885b69b18601000000, actor_id: 7a20aa319240f4885b69b18601000000, actor_repr_name: 
[2026-09-09 05:16:28,319 I 3255575 3255575] unordered_actor_task_execution_queue.cc:52: Setting actor as asyncio with max_concurrency=1000, and defined concurrency groups are:

[2026-09-09 05:16:42,331 I 3255575 3255814] core_worker.cc:4074: Force kill actor request has received. exiting immediately... The actor is dead because its owner has died. Owner Id: 5b05b8f0807af7e2bd993410166a7d750b5bfecb0e341ee8c73cb4bf Owner Ip address: 155.103.252.95 Owner worker exit type: SYSTEM_ERROR Worker exit detail: Owner's node has crashed.
[2026-09-09 05:16:42,343 I 3255575 3255814] core_worker_shutdown_executor.cc:286: Try killing all child processes of this worker as it exits. Child process pids: 
[2026-09-09 05:16:42,343 I 3255575 3255814] core_worker_shutdown_executor.cc:344: Sending disconnect message to the local raylet.
[2026-09-09 05:16:42,343 I 3255575 3255814] raylet_ipc_client.cc:133: RayletIpcClient::Disconnect, exit_type=INTENDED_SYSTEM_EXIT, exit_detail=Worker exits because the actor is killed. The actor is dead because its owner has died. Owner Id: 5b05b8f0807af7e2bd993410166a7d750b5bfecb0e341ee8c73cb4bf Owner Ip address: 155.103.252.95 Owner worker exit type: SYSTEM_ERROR Worker exit detail: Owner's node has crashed., has creation_task_exception_pb_bytes=0
