[2026-09-09 05:15:45,998 I 3251808 3251808] core_worker_process.cc:795: Constructing CoreWorkerProcess. pid: 3251808
[2026-09-09 05:15:46,000 I 3251808 3251808] event.cc:499: Ray Event initialized for CORE_WORKER
[2026-09-09 05:15:46,000 I 3251808 3251808] event.cc:499: Ray Event initialized for EXPORT_TASK
[2026-09-09 05:15:46,000 I 3251808 3251808] event.cc:332: Set ray event level to warning
[2026-09-09 05:15:46,304 I 3251808 3251808] grpc_server.cc:143: driver server started, listening on port 16400.
[2026-09-09 05:15:46,309 I 3251808 3251808] core_worker_process.cc:267: Initializing worker at address: 155.103.252.95:16400 worker_id=01000000ffffffffffffffffffffffffffffffffffffffffffffffff node_id=277af84b2b5d71ad2a7e70d29a8ed4999b8fd317e697d7c11eee9704
[2026-09-09 05:15:46,309 I 3251808 3251808] task_event_buffer.cc:564: Reporting task events to GCS every 1000ms.
[2026-09-09 05:15:46,309 I 3251808 3252369] core_worker.cc:457: Event stats:


Global stats: 10 total (9 active)
Queueing time: mean = 0.00ms, max = 0.01ms, min = 0.01ms, total = 0.01ms
Execution time:  mean = 0.00ms, total = 0.01ms
Event stats:
	PeriodicalRunner.RunFnPeriodically - 6 total (5 active, 1 running), Execution time: mean = 0.00ms, total = 0.01ms, Queueing time: mean = 0.00ms, max = 0.01ms, min = 0.01ms, total = 0.01ms
	ray::rpc::InternalPubSubGcsService.grpc_client.GcsSubscriberCommandBatch - 1 total (1 active), Execution time: mean = 0.00ms, total = 0.00ms, Queueing time: mean = 0.00ms, max = -0.00ms, min = 9223372036854.78ms, total = 0.00ms
	ray::rpc::InternalPubSubGcsService.grpc_client.GcsSubscriberPoll - 1 total (1 active), Execution time: mean = 0.00ms, total = 0.00ms, Queueing time: mean = 0.00ms, max = -0.00ms, min = 9223372036854.78ms, total = 0.00ms
	Publisher.CheckDeadSubscribers - 1 total (1 active), Execution time: mean = 0.00ms, total = 0.00ms, Queueing time: mean = 0.00ms, max = -0.00ms, min = 9223372036854.78ms, total = 0.00ms
	ray::rpc::WorkerInfoGcsService.grpc_client.AddWorkerInfo - 1 total (1 active), Execution time: mean = 0.00ms, total = 0.00ms, Queueing time: mean = 0.00ms, max = -0.00ms, min = 9223372036854.78ms, total = 0.00ms

-----------------
Task execution event stats:

Global stats: 0 total (0 active)
Queueing time: mean = -nanms, max = -0.00ms, min = 9223372036854.78ms, total = 0.00ms
Execution time:  mean = -nanms, total = 0.00ms
Event stats:

-----------------
Task Event stats:

IO Service Stats:

Global stats: 2 total (1 active)
Queueing time: mean = 0.00ms, max = 0.00ms, min = 0.00ms, total = 0.00ms
Execution time:  mean = 0.02ms, total = 0.04ms
Event stats:
	PeriodicalRunner.RunFnPeriodically - 1 total (0 active), Execution time: mean = 0.04ms, total = 0.04ms, Queueing time: mean = 0.00ms, max = 0.00ms, min = 0.00ms, total = 0.00ms
	CoreWorker.deadline_timer.flush_task_events - 1 total (1 active), Execution time: mean = 0.00ms, total = 0.00ms, Queueing time: mean = 0.00ms, max = -0.00ms, min = 9223372036854.78ms, total = 0.00ms
Other Stats:
	gcs_grpc_in_progress:0
	event_aggregator_grpc_in_progress:0
	current number of task status events in buffer: 1
	current number of profile events in buffer: 0
	current number of dropped task attempts tracked: 0
	total task events sent: 0 MiB
	total number of task attempts sent: 0
	total number of task attempts dropped reported: 0
	total number of sent failure: 0
	num status task events dropped: 0
	num profile task events dropped: 0
	num ray task events reported to aggregator: 0
	num ray task events failed to report to aggregator: 0
	num of task attempts dropped reported to aggregator: 0
	num of failed requests to aggregator: 0

[2026-09-09 05:15:46,310 I 3251808 3252369] accessor.cc:453: Received address and liveness notification for node, IsAlive = 1 node_id=277af84b2b5d71ad2a7e70d29a8ed4999b8fd317e697d7c11eee9704
[2026-09-09 05:15:46,310 I 3251808 3252369] normal_task_submitter.cc:857: Number of alive nodes:1
[2026-09-09 05:15:46,319 I 3251808 3251808] actor_task_submitter.cc:75: Set actor max pending calls to -1 actor_id=b85f6a3bfeff66ef51aa3ccd01000000
[2026-09-09 05:15:46,325 I 3251808 3252369] actor_manager.cc:236: received notification on actor, state: PENDING_CREATION, ip address: , port: 0, num_restarts: 0, death context type=CONTEXT_NOT_SET actor_id=b85f6a3bfeff66ef51aa3ccd01000000 worker_id=NIL_ID node_id=277af84b2b5d71ad2a7e70d29a8ed4999b8fd317e697d7c11eee9704
[2026-09-09 05:15:49,544 I 3251808 3252369] actor_manager.cc:236: received notification on actor, state: ALIVE, ip address: 155.103.252.95, port: 16405, num_restarts: 0, death context type=CONTEXT_NOT_SET actor_id=b85f6a3bfeff66ef51aa3ccd01000000 worker_id=5b05b8f0807af7e2bd993410166a7d750b5bfecb0e341ee8c73cb4bf node_id=277af84b2b5d71ad2a7e70d29a8ed4999b8fd317e697d7c11eee9704
[2026-09-09 05:16:42,328 I 3251808 3252369] actor_manager.cc:236: received notification on actor, state: DEAD, ip address: 155.103.252.95, port: 16405, num_restarts: 0, death context type=ActorDiedErrorContext actor_id=b85f6a3bfeff66ef51aa3ccd01000000 worker_id=5b05b8f0807af7e2bd993410166a7d750b5bfecb0e341ee8c73cb4bf node_id=277af84b2b5d71ad2a7e70d29a8ed4999b8fd317e697d7c11eee9704
[2026-09-09 05:16:42,328 I 3251808 3252369] actor_task_submitter.cc:429: Failing pending tasks for actor because the actor is already dead. actor_id=b85f6a3bfeff66ef51aa3ccd01000000
[2026-09-09 05:16:42,330 I 3251808 3252369] accessor.cc:453: Received address and liveness notification for node, IsAlive = 0 node_id=277af84b2b5d71ad2a7e70d29a8ed4999b8fd317e697d7c11eee9704
[2026-09-09 05:16:42,330 I 3251808 3252369] core_worker.cc:754: Node failure. All objects pinned on that node will be lost if object reconstruction is not enabled. node_id=277af84b2b5d71ad2a7e70d29a8ed4999b8fd317e697d7c11eee9704
[2026-09-09 05:16:43,321 I 3251808 3252369] raylet_client.cc:99: Error reporting lease backlog information: RpcError: RPC error: failed to connect to all addresses; last error: UNKNOWN: ipv4:155.103.252.95:34771: Failed to connect to remote host: Connection refused rpc_code: 14
[2026-09-09 05:16:44,203 W 3251808 3252622] python_gcs_subscriber.cc:188: Error while unregistering the subscriber: failed to connect to all addresses; last error: UNKNOWN: ipv4:155.103.252.95:6398: Failed to connect to remote host: Connection refused [code 14]
[2026-09-09 05:16:44,203 W 3251808 3251808] python_gcs_subscriber.cc:188: Error while unregistering the subscriber: failed to connect to all addresses; last error: UNKNOWN: ipv4:155.103.252.95:6398: Failed to connect to remote host: Connection refused [code 14]
[2026-09-09 05:16:44,203 I 3251808 3251808] core_worker.cc:597: Sending disconnect message to the local raylet.
[2026-09-09 05:16:44,203 I 3251808 3251808] raylet_ipc_client.cc:133: RayletIpcClient::Disconnect, exit_type=INTENDED_USER_EXIT, exit_detail=Shutdown by ray.shutdown()., has creation_task_exception_pb_bytes=0
[2026-09-09 05:16:44,203 W 3251808 3251808] core_worker.cc:603: Failed to disconnect from the local raylet: IOError: Broken pipe
[2026-09-09 05:16:44,203 I 3251808 3251808] task_event_buffer.cc:577: Shutting down TaskEventBuffer.
[2026-09-09 05:16:44,321 I 3251808 3252369] raylet_client.cc:99: Error reporting lease backlog information: RpcError: RPC error: failed to connect to all addresses; last error: UNKNOWN: ipv4:155.103.252.95:34771: Failed to connect to remote host: Connection refused rpc_code: 14
[2026-09-09 05:16:45,321 I 3251808 3252369] raylet_client.cc:99: Error reporting lease backlog information: RpcError: RPC error: failed to connect to all addresses; last error: UNKNOWN: ipv4:155.103.252.95:34771: Failed to connect to remote host: Connection refused rpc_code: 14
[2026-09-09 05:16:46,310 I 3251808 3252369] core_worker.cc:457: Event stats:


Global stats: 841 total (6 active)
Queueing time: mean = 0.05ms, max = 3.49ms, min = 0.00ms, total = 45.76ms
Execution time:  mean = 200.14ms, total = 168318.25ms
Event stats:
	CoreWorker.RecoverObjects - 600 total (1 active), Execution time: mean = 0.01ms, total = 3.85ms, Queueing time: mean = 0.06ms, max = 3.49ms, min = 0.00ms, total = 38.60ms
	CoreWorker.InternalHeartbeat - 60 total (1 active), Execution time: mean = 0.14ms, total = 8.11ms, Queueing time: mean = 0.05ms, max = 1.01ms, min = 0.01ms, total = 3.08ms
	NodeManagerService.grpc_client.ReportWorkerBacklog.OnReplyReceived - 60 total (0 active), Execution time: mean = 0.01ms, total = 0.88ms, Queueing time: mean = 0.01ms, max = 0.06ms, min = 0.00ms, total = 0.51ms
	NodeManagerService.grpc_client.ReportWorkerBacklog - 60 total (0 active), Execution time: mean = 0.52ms, total = 31.38ms, Queueing time: mean = 0.00ms, max = -0.00ms, min = 9223372036854.78ms, total = 0.00ms
	CoreWorker.RecordMetrics - 12 total (1 active), Execution time: mean = 0.07ms, total = 0.82ms, Queueing time: mean = 0.08ms, max = 0.88ms, min = 0.00ms, total = 1.00ms
	CoreWorker.TryDelPendingObjectRefStreams - 6 total (1 active), Execution time: mean = 0.01ms, total = 0.03ms, Queueing time: mean = 0.01ms, max = 0.03ms, min = 0.01ms, total = 0.09ms
	PeriodicalRunner.RunFnPeriodically - 6 total (0 active), Execution time: mean = 0.07ms, total = 0.42ms, Queueing time: mean = 0.17ms, max = 0.43ms, min = 0.01ms, total = 1.05ms
	ray::rpc::InternalPubSubGcsService.grpc_client.GcsSubscriberPoll - 5 total (0 active), Execution time: mean = 11250.58ms, total = 56252.90ms, Queueing time: mean = 0.00ms, max = -0.00ms, min = 9223372036854.78ms, total = 0.00ms
	ray::rpc::InternalPubSubGcsService.grpc_client.GcsSubscriberPoll.OnReplyReceived - 5 total (0 active), Execution time: mean = 0.06ms, total = 0.32ms, Queueing time: mean = 0.10ms, max = 0.28ms, min = 0.01ms, total = 0.49ms
	Subscriber.HandlePublishedMessage_GCS_ACTOR_CHANNEL - 2 total (0 active), Execution time: mean = 0.25ms, total = 0.51ms, Queueing time: mean = 0.07ms, max = 0.07ms, min = 0.06ms, total = 0.14ms
	ray::rpc::InternalPubSubGcsService.grpc_client.GcsSubscriberCommandBatch - 2 total (0 active), Execution time: mean = 0.36ms, total = 0.72ms, Queueing time: mean = 0.00ms, max = -0.00ms, min = 9223372036854.78ms, total = 0.00ms
	ray::rpc::InternalPubSubGcsService.grpc_client.GcsSubscriberCommandBatch.OnReplyReceived - 2 total (0 active), Execution time: mean = 0.14ms, total = 0.28ms, Queueing time: mean = 0.10ms, max = 0.19ms, min = 0.01ms, total = 0.19ms
	CoreWorkerService.grpc_client.PushTask.OnReplyReceived - 1 total (0 active), Execution time: mean = 0.08ms, total = 0.08ms, Queueing time: mean = 0.01ms, max = 0.01ms, min = 0.01ms, total = 0.01ms
	ray::rpc::ActorInfoGcsService.grpc_client.GetActorInfo - 1 total (0 active), Execution time: mean = 0.24ms, total = 0.24ms, Queueing time: mean = 0.00ms, max = -0.00ms, min = 9223372036854.78ms, total = 0.00ms
	ray::rpc::NodeInfoGcsService.grpc_client.GetAllNodeAddressAndLiveness - 1 total (0 active), Execution time: mean = 0.44ms, total = 0.44ms, Queueing time: mean = 0.00ms, max = -0.00ms, min = 9223372036854.78ms, total = 0.00ms
	Publisher.CheckDeadSubscribers - 1 total (1 active), Execution time: mean = 0.00ms, total = 0.00ms, Queueing time: mean = 0.00ms, max = -0.00ms, min = 9223372036854.78ms, total = 0.00ms
	CoreWorkerService.grpc_server.WaitForActorRefDeleted.HandleRequestImpl - 1 total (0 active), Execution time: mean = 0.02ms, total = 0.02ms, Queueing time: mean = 0.11ms, max = 0.11ms, min = 0.11ms, total = 0.11ms
	ray::rpc::WorkerInfoGcsService.grpc_client.AddWorkerInfo.OnReplyReceived - 1 total (0 active), Execution time: mean = 0.02ms, total = 0.02ms, Queueing time: mean = 0.26ms, max = 0.26ms, min = 0.26ms, total = 0.26ms
	ray::rpc::ActorInfoGcsService.grpc_client.CreateActor - 1 total (0 active), Execution time: mean = 3222.77ms, total = 3222.77ms, Queueing time: mean = 0.00ms, max = -0.00ms, min = 9223372036854.78ms, total = 0.00ms
	ActorTaskSubmitter::SubmitTask - 1 total (0 active), Execution time: mean = 0.01ms, total = 0.01ms, Queueing time: mean = 0.04ms, max = 0.04ms, min = 0.04ms, total = 0.04ms
	ray::rpc::WorkerInfoGcsService.grpc_client.AddWorkerInfo - 1 total (0 active), Execution time: mean = 0.37ms, total = 0.37ms, Queueing time: mean = 0.00ms, max = -0.00ms, min = 9223372036854.78ms, total = 0.00ms
	ray::rpc::ActorInfoGcsService.grpc_client.GetActorInfo.OnReplyReceived - 1 total (0 active), Execution time: mean = 0.42ms, total = 0.42ms, Queueing time: mean = 0.00ms, max = 0.00ms, min = 0.00ms, total = 0.00ms
	ActorCreator.AsyncRegisterActor - 1 total (0 active), Execution time: mean = 0.11ms, total = 0.11ms, Queueing time: mean = 0.01ms, max = 0.01ms, min = 0.01ms, total = 0.01ms
	CoreWorkerService.grpc_client.PushTask - 1 total (0 active), Execution time: mean = 52784.07ms, total = 52784.07ms, Queueing time: mean = 0.00ms, max = -0.00ms, min = 9223372036854.78ms, total = 0.00ms
	ray::rpc::NodeInfoGcsService.grpc_client.GetAllNodeAddressAndLiveness.OnReplyReceived - 1 total (0 active), Execution time: mean = 0.03ms, total = 0.03ms, Queueing time: mean = 0.00ms, max = 0.00ms, min = 0.00ms, total = 0.00ms
	CoreWorker.PrintEventStats - 1 total (1 active, 1 running), Execution time: mean = 0.00ms, total = 0.00ms, Queueing time: mean = 0.00ms, max = -0.00ms, min = 9223372036854.78ms, total = 0.00ms
	Subscriber.HandlePublishedMessage_GCS_NODE_ADDRESS_AND_LIVENESS_CHANNEL - 1 total (0 active), Execution time: mean = 0.02ms, total = 0.02ms, Queueing time: mean = 0.13ms, max = 0.13ms, min = 0.13ms, total = 0.13ms
	ray::rpc::ActorInfoGcsService.grpc_client.ReportActorOutOfScope.OnReplyReceived - 1 total (0 active), Execution time: mean = 0.02ms, total = 0.02ms, Queueing time: mean = 0.01ms, max = 0.01ms, min = 0.01ms, total = 0.01ms
	ray::rpc::ActorInfoGcsService.grpc_client.RegisterActor - 1 total (0 active), Execution time: mean = 1.66ms, total = 1.66ms, Queueing time: mean = 0.00ms, max = -0.00ms, min = 9223372036854.78ms, total = 0.00ms
	ray::rpc::ActorInfoGcsService.grpc_client.RegisterActor.OnReplyReceived - 1 total (0 active), Execution time: mean = 0.11ms, total = 0.11ms, Queueing time: mean = 0.03ms, max = 0.03ms, min = 0.03ms, total = 0.03ms
	CoreWorkerService.grpc_server.WaitForActorRefDeleted - 1 total (0 active), Execution time: mean = 56006.92ms, total = 56006.92ms, Queueing time: mean = 0.00ms, max = -0.00ms, min = 9223372036854.78ms, total = 0.00ms
	ray::rpc::ActorInfoGcsService.grpc_client.CreateActor.OnReplyReceived - 1 total (0 active), Execution time: mean = 0.05ms, total = 0.05ms, Queueing time: mean = 0.01ms, max = 0.01ms, min = 0.01ms, total = 0.01ms
	ray::rpc::ActorInfoGcsService.grpc_client.ReportActorOutOfScope - 1 total (0 active), Execution time: mean = 0.68ms, total = 0.68ms, Queueing time: mean = 0.00ms, max = -0.00ms, min = 9223372036854.78ms, total = 0.00ms

-----------------
Task execution event stats:

Global stats: 0 total (0 active)
Queueing time: mean = -nanms, max = -0.00ms, min = 9223372036854.78ms, total = 0.00ms
Execution time:  mean = -nanms, total = 0.00ms
Event stats:

-----------------
Task Event stats:
Task Event Buffer is disabled.

[2026-09-09 05:16:46,315 W 3251808 3263865] open_telemetry_metric_recorder.cc:67: Failed to export metrics to the metrics agent. Result: 1
[2026-09-09 05:16:46,321 I 3251808 3252369] raylet_client.cc:99: Error reporting lease backlog information: RpcError: RPC error: failed to connect to all addresses; last error: UNKNOWN: ipv4:155.103.252.95:34771: Failed to connect to remote host: Connection refused rpc_code: 14
[2026-09-09 05:16:47,321 I 3251808 3252369] raylet_client.cc:99: Error reporting lease backlog information: RpcError: RPC error: failed to connect to all addresses; last error: UNKNOWN: ipv4:155.103.252.95:34771: Failed to connect to remote host: Connection refused rpc_code: 14
[2026-09-09 05:16:48,321 I 3251808 3252369] raylet_client.cc:99: Error reporting lease backlog information: RpcError: RPC error: failed to connect to all addresses; last error: UNKNOWN: ipv4:155.103.252.95:34771: Failed to connect to remote host: Connection refused rpc_code: 14
[2026-09-09 05:16:49,203 W 3251808 3251808] graceful_shutdown.h:57: TaskEventBuffer shutdown timed out waiting for in-flight operations. Some events may be lost.
[2026-09-09 05:16:49,203 I 3251808 3252616] task_event_buffer.cc:543: Task event buffer io service stopped.
[2026-09-09 05:16:49,203 I 3251808 3251808] core_worker_shutdown_executor.cc:85: Waiting for joining a core worker io thread. If it hangs here, there might be deadlock or a high load in the core worker io service.
[2026-09-09 05:16:49,203 I 3251808 3252369] core_worker_process.cc:188: Core worker main io service stopped.
[2026-09-09 05:16:49,204 I 3251808 3251808] core_worker_shutdown_executor.cc:101: Disconnecting a GCS client.
[2026-09-09 05:16:49,204 I 3251808 3251808] core_worker_shutdown_executor.cc:108: Core worker ready to be deallocated.
[2026-09-09 05:16:49,204 I 3251808 3251808] core_worker_process.cc:988: Waiting for driver shutdown to complete...
[2026-09-09 05:16:49,204 I 3251808 3251808] core_worker_shutdown_executor.cc:42: Shutdown completed successfully
[2026-09-09 05:16:49,204 I 3251808 3251808] core_worker_process.cc:990: Driver shutdown complete. Removing the global worker.
[2026-09-09 05:16:49,204 I 3251808 3251808] core_worker_shutdown_executor.cc:42: Shutdown completed successfully
[2026-09-09 05:16:49,204 I 3251808 3251808] core_worker.cc:533: Core worker is destructed
[2026-09-09 05:16:49,204 I 3251808 3251808] core_worker_process.cc:867: Destructing CoreWorkerProcessImpl. pid: 3251808
[2026-09-09 05:16:49,204 I 3251808 3251808] stats.h:164: Stats module has shutdown.
