[2026-09-09 05:15:46,678 I 3252623 3252623] core_worker_process.cc:795: Constructing CoreWorkerProcess. pid: 3252623
[2026-09-09 05:15:46,679 I 3252623 3252623] event.cc:499: Ray Event initialized for CORE_WORKER
[2026-09-09 05:15:46,679 I 3252623 3252623] event.cc:499: Ray Event initialized for EXPORT_TASK
[2026-09-09 05:15:46,679 I 3252623 3252623] event.cc:332: Set ray event level to warning
[2026-09-09 05:15:46,680 I 3252623 3252623] grpc_server.cc:143: worker server started, listening on port 16405.
[2026-09-09 05:15:46,686 I 3252623 3252623] core_worker_process.cc:267: Initializing worker at address: 155.103.252.95:16405 worker_id=5b05b8f0807af7e2bd993410166a7d750b5bfecb0e341ee8c73cb4bf node_id=277af84b2b5d71ad2a7e70d29a8ed4999b8fd317e697d7c11eee9704
[2026-09-09 05:15:46,686 I 3252623 3252623] task_event_buffer.cc:564: Reporting task events to GCS every 1000ms.
[2026-09-09 05:15:46,687 I 3252623 3252623] core_worker.cc:517: Adjusted worker niceness to 15
[2026-09-09 05:15:46,687 I 3252623 3252659] core_worker.cc:457: Event stats:


Global stats: 10 total (8 active)
Queueing time: mean = 0.02ms, max = 0.24ms, min = 0.01ms, total = 0.25ms
Execution time:  mean = 0.00ms, total = 0.01ms
Event stats:
	PeriodicalRunner.RunFnPeriodically - 7 total (5 active, 1 running), Execution time: mean = 0.00ms, total = 0.01ms, Queueing time: mean = 0.04ms, max = 0.24ms, min = 0.01ms, total = 0.25ms
	Publisher.CheckDeadSubscribers - 1 total (1 active), Execution time: mean = 0.00ms, total = 0.00ms, Queueing time: mean = 0.00ms, max = -0.00ms, min = 9223372036854.78ms, total = 0.00ms
	CoreWorker.ExitIfParentRayletDies - 1 total (1 active), Execution time: mean = 0.00ms, total = 0.00ms, Queueing time: mean = 0.00ms, max = -0.00ms, min = 9223372036854.78ms, total = 0.00ms
	ray::rpc::WorkerInfoGcsService.grpc_client.AddWorkerInfo - 1 total (1 active), Execution time: mean = 0.00ms, total = 0.00ms, Queueing time: mean = 0.00ms, max = -0.00ms, min = 9223372036854.78ms, total = 0.00ms

-----------------
Task execution event stats:

Global stats: 0 total (0 active)
Queueing time: mean = -nanms, max = -0.00ms, min = 9223372036854.78ms, total = 0.00ms
Execution time:  mean = -nanms, total = 0.00ms
Event stats:

-----------------
Task Event stats:

IO Service Stats:

Global stats: 2 total (1 active)
Queueing time: mean = 0.00ms, max = 0.00ms, min = 0.00ms, total = 0.00ms
Execution time:  mean = 0.02ms, total = 0.05ms
Event stats:
	PeriodicalRunner.RunFnPeriodically - 1 total (0 active), Execution time: mean = 0.05ms, total = 0.05ms, Queueing time: mean = 0.00ms, max = 0.00ms, min = 0.00ms, total = 0.00ms
	CoreWorker.deadline_timer.flush_task_events - 1 total (1 active), Execution time: mean = 0.00ms, total = 0.00ms, Queueing time: mean = 0.00ms, max = -0.00ms, min = 9223372036854.78ms, total = 0.00ms
Other Stats:
	gcs_grpc_in_progress:0
	event_aggregator_grpc_in_progress:0
	current number of task status events in buffer: 0
	current number of profile events in buffer: 0
	current number of dropped task attempts tracked: 0
	total task events sent: 0 MiB
	total number of task attempts sent: 0
	total number of task attempts dropped reported: 0
	total number of sent failure: 0
	num status task events dropped: 0
	num profile task events dropped: 0
	num ray task events reported to aggregator: 0
	num ray task events failed to report to aggregator: 0
	num of task attempts dropped reported to aggregator: 0
	num of failed requests to aggregator: 0

[2026-09-09 05:15:46,690 I 3252623 3252623] actor_task_submitter.cc:75: Set actor max pending calls to -1 actor_id=b85f6a3bfeff66ef51aa3ccd01000000
[2026-09-09 05:15:46,690 I 3252623 3252623] core_worker.cc:2889: Creating actor actor_id=b85f6a3bfeff66ef51aa3ccd01000000
[2026-09-09 05:15:49,543 I 3252623 3252623] task_receiver.cc:117: Actor creation task finished, task_id: ffffffffffffffffb85f6a3bfeff66ef51aa3ccd01000000, actor_id: b85f6a3bfeff66ef51aa3ccd01000000, actor_repr_name: 
[2026-09-09 05:15:51,102 I 3252623 3252623] core_worker.cc:2272: Submitting Placement Group creation to GCS placement_group_id=f3ba560ba314739695465b8226bc01000000
[2026-09-09 05:15:51,109 I 3252623 3252659] accessor.cc:453: Received address and liveness notification for node, IsAlive = 1 node_id=277af84b2b5d71ad2a7e70d29a8ed4999b8fd317e697d7c11eee9704
[2026-09-09 05:15:51,109 I 3252623 3252659] normal_task_submitter.cc:857: Number of alive nodes:1
[2026-09-09 05:15:51,642 W 3252623 3252623] actor_manager.cc:110: Failed to look up actor with name 'PafYfqWorkerDict_0:0'. This could because 1. You are trying to look up a named actor you didn't create. 2. The named actor died. 3. You did not use a namespace matching the namespace of the actor.
[2026-09-09 05:15:51,676 I 3252623 3252623] actor_task_submitter.cc:75: Set actor max pending calls to -1 actor_id=cc8050a260b79fd5bd01215a01000000
[2026-09-09 05:15:51,682 I 3252623 3252659] actor_manager.cc:236: received notification on actor, state: PENDING_CREATION, ip address: , port: 0, num_restarts: 0, death context type=CONTEXT_NOT_SET actor_id=cc8050a260b79fd5bd01215a01000000 worker_id=NIL_ID node_id=NIL_ID
[2026-09-09 05:15:51,682 I 3252623 3252659] actor_manager.cc:236: received notification on actor, state: PENDING_CREATION, ip address: , port: 0, num_restarts: 0, death context type=CONTEXT_NOT_SET actor_id=cc8050a260b79fd5bd01215a01000000 worker_id=NIL_ID node_id=277af84b2b5d71ad2a7e70d29a8ed4999b8fd317e697d7c11eee9704
[2026-09-09 05:15:55,367 I 3252623 3252659] actor_manager.cc:236: received notification on actor, state: ALIVE, ip address: 155.103.252.95, port: 16407, num_restarts: 0, death context type=CONTEXT_NOT_SET actor_id=cc8050a260b79fd5bd01215a01000000 worker_id=bab214a57eea3593f7e864bdfa278b7661d04ed3cade72e65763a6fa node_id=277af84b2b5d71ad2a7e70d29a8ed4999b8fd317e697d7c11eee9704
[2026-09-09 05:15:59,208 W 3252623 3252623] actor_manager.cc:110: Failed to look up actor with name 'reward_loop_worker_0'. This could because 1. You are trying to look up a named actor you didn't create. 2. The named actor died. 3. You did not use a namespace matching the namespace of the actor.
[2026-09-09 05:15:59,222 I 3252623 3252623] actor_task_submitter.cc:75: Set actor max pending calls to -1 actor_id=7a20aa319240f4885b69b18601000000
[2026-09-09 05:16:00,651 W 3252623 3252623] actor_manager.cc:110: Failed to look up actor with name 'vllm_server_0_0'. This could because 1. You are trying to look up a named actor you didn't create. 2. The named actor died. 3. You did not use a namespace matching the namespace of the actor.
[2026-09-09 05:16:00,701 I 3252623 3252623] actor_task_submitter.cc:75: Set actor max pending calls to -1 actor_id=925d3f774d1373c100450a4501000000
[2026-09-09 05:16:00,703 I 3252623 3252659] actor_manager.cc:236: received notification on actor, state: PENDING_CREATION, ip address: , port: 0, num_restarts: 0, death context type=CONTEXT_NOT_SET actor_id=925d3f774d1373c100450a4501000000 worker_id=NIL_ID node_id=NIL_ID
[2026-09-09 05:16:00,705 I 3252623 3252659] actor_manager.cc:236: received notification on actor, state: PENDING_CREATION, ip address: , port: 0, num_restarts: 0, death context type=CONTEXT_NOT_SET actor_id=925d3f774d1373c100450a4501000000 worker_id=NIL_ID node_id=277af84b2b5d71ad2a7e70d29a8ed4999b8fd317e697d7c11eee9704
[2026-09-09 05:16:05,997 I 3252623 3252659] actor_manager.cc:236: received notification on actor, state: ALIVE, ip address: 155.103.252.95, port: 16409, num_restarts: 0, death context type=CONTEXT_NOT_SET actor_id=925d3f774d1373c100450a4501000000 worker_id=b2299a78b45c32ec8b3ae9097e5da1a88decf2c0a51ff677487c2434 node_id=277af84b2b5d71ad2a7e70d29a8ed4999b8fd317e697d7c11eee9704
[2026-09-09 05:16:19,499 I 3252623 3252623] actor_task_submitter.cc:75: Set actor max pending calls to -1 actor_id=4c8661739358e222fb556e5001000000
[2026-09-09 05:16:19,501 W 3252623 3252623] actor_manager.cc:110: Failed to look up actor with name 'agent_loop_worker_0_2d3d5930'. This could because 1. You are trying to look up a named actor you didn't create. 2. The named actor died. 3. You did not use a namespace matching the namespace of the actor.
[2026-09-09 05:16:19,525 I 3252623 3252623] actor_task_submitter.cc:75: Set actor max pending calls to -1 actor_id=fc1e3bbc51f48b7b453b315301000000
[2026-09-09 05:16:22,556 I 3252623 3252659] actor_manager.cc:236: received notification on actor, state: PENDING_CREATION, ip address: 155.103.252.95, port: 16411, num_restarts: 0, death context type=CONTEXT_NOT_SET actor_id=fc1e3bbc51f48b7b453b315301000000 worker_id=d7c80f2c768c576e0f9a86a1c047f4ed568f0369781b710971faa933 node_id=277af84b2b5d71ad2a7e70d29a8ed4999b8fd317e697d7c11eee9704
[2026-09-09 05:16:24,684 I 3252623 3252659] actor_manager.cc:236: received notification on actor, state: ALIVE, ip address: 155.103.252.95, port: 16411, num_restarts: 0, death context type=CONTEXT_NOT_SET actor_id=fc1e3bbc51f48b7b453b315301000000 worker_id=d7c80f2c768c576e0f9a86a1c047f4ed568f0369781b710971faa933 node_id=277af84b2b5d71ad2a7e70d29a8ed4999b8fd317e697d7c11eee9704
[2026-09-09 05:16:42,329 I 3252623 3252659] core_worker_shutdown_executor.cc:124: Executing worker exit: INTENDED_SYSTEM_EXIT - Worker exits because the actor is killed. The actor is dead because all references to the actor were removed. (timeout: -1ms)
[2026-09-09 05:16:42,330 I 3252623 3252659] accessor.cc:453: Received address and liveness notification for node, IsAlive = 0 node_id=277af84b2b5d71ad2a7e70d29a8ed4999b8fd317e697d7c11eee9704
[2026-09-09 05:16:42,330 I 3252623 3252659] core_worker.cc:754: Node failure. All objects pinned on that node will be lost if object reconstruction is not enabled. node_id=277af84b2b5d71ad2a7e70d29a8ed4999b8fd317e697d7c11eee9704
[2026-09-09 05:16:42,335 I 3252623 3252659] actor_manager.cc:236: received notification on actor, state: DEAD, ip address: 155.103.252.95, port: 16411, num_restarts: 0, death context type=ActorDiedErrorContext actor_id=fc1e3bbc51f48b7b453b315301000000 worker_id=d7c80f2c768c576e0f9a86a1c047f4ed568f0369781b710971faa933 node_id=277af84b2b5d71ad2a7e70d29a8ed4999b8fd317e697d7c11eee9704
[2026-09-09 05:16:42,335 I 3252623 3252659] actor_task_submitter.cc:429: Failing pending tasks for actor because the actor is already dead. actor_id=fc1e3bbc51f48b7b453b315301000000
[2026-09-09 05:16:42,335 I 3252623 3252659] actor_manager.cc:236: received notification on actor, state: DEAD, ip address: 155.103.252.95, port: 16409, num_restarts: 0, death context type=ActorDiedErrorContext actor_id=925d3f774d1373c100450a4501000000 worker_id=b2299a78b45c32ec8b3ae9097e5da1a88decf2c0a51ff677487c2434 node_id=277af84b2b5d71ad2a7e70d29a8ed4999b8fd317e697d7c11eee9704
[2026-09-09 05:16:42,335 I 3252623 3252659] actor_task_submitter.cc:429: Failing pending tasks for actor because the actor is already dead. actor_id=925d3f774d1373c100450a4501000000
[2026-09-09 05:16:42,335 I 3252623 3252659] actor_manager.cc:236: received notification on actor, state: DEAD, ip address: 155.103.252.95, port: 16407, num_restarts: 0, death context type=ActorDiedErrorContext actor_id=cc8050a260b79fd5bd01215a01000000 worker_id=bab214a57eea3593f7e864bdfa278b7661d04ed3cade72e65763a6fa node_id=277af84b2b5d71ad2a7e70d29a8ed4999b8fd317e697d7c11eee9704
[2026-09-09 05:16:42,335 I 3252623 3252659] actor_task_submitter.cc:429: Failing pending tasks for actor because the actor is already dead. actor_id=cc8050a260b79fd5bd01215a01000000
[2026-09-09 05:16:42,336 I 3252623 3252623] core_worker_shutdown_executor.cc:200: Wait for currently executing tasks in the underlying thread pools to finish.
[2026-09-09 05:16:42,336 I 3252623 3252623] core_worker_shutdown_executor.cc:238: Not draining reference counter since this is an actor worker.
[2026-09-09 05:16:42,349 I 3252623 3252623] core_worker_shutdown_executor.cc:286: Try killing all child processes of this worker as it exits. Child process pids: 
[2026-09-09 05:16:42,349 I 3252623 3252623] core_worker_shutdown_executor.cc:344: Sending disconnect message to the local raylet.
[2026-09-09 05:16:42,349 I 3252623 3252623] raylet_ipc_client.cc:133: RayletIpcClient::Disconnect, exit_type=INTENDED_SYSTEM_EXIT, exit_detail=Worker exits because the actor is killed. The actor is dead because all references to the actor were removed., has creation_task_exception_pb_bytes=0
