[2026-09-09 05:15:51,548 I 3252845 3252845] core_worker_process.cc:795: Constructing CoreWorkerProcess. pid: 3252845
[2026-09-09 05:15:51,549 I 3252845 3252845] event.cc:499: Ray Event initialized for CORE_WORKER
[2026-09-09 05:15:51,549 I 3252845 3252845] event.cc:499: Ray Event initialized for EXPORT_TASK
[2026-09-09 05:15:51,549 I 3252845 3252845] event.cc:332: Set ray event level to warning
[2026-09-09 05:15:51,550 I 3252845 3252845] grpc_server.cc:143: worker server started, listening on port 16406.
[2026-09-09 05:15:51,554 I 3252845 3252845] core_worker_process.cc:267: Initializing worker at address: 155.103.252.95:16406 worker_id=8aa7b3dc6a8529bdebc4ef5fe747d295d30383ba516b182f4529c2d2 node_id=277af84b2b5d71ad2a7e70d29a8ed4999b8fd317e697d7c11eee9704
[2026-09-09 05:15:51,555 I 3252845 3252845] task_event_buffer.cc:564: Reporting task events to GCS every 1000ms.
[2026-09-09 05:15:51,555 I 3252845 3252845] core_worker.cc:517: Adjusted worker niceness to 15
[2026-09-09 05:15:51,555 I 3252845 3253140] core_worker.cc:457: Event stats:


Global stats: 10 total (8 active)
Queueing time: mean = 0.02ms, max = 0.20ms, min = 0.00ms, total = 0.20ms
Execution time:  mean = 0.00ms, total = 0.01ms
Event stats:
	PeriodicalRunner.RunFnPeriodically - 7 total (5 active, 1 running), Execution time: mean = 0.00ms, total = 0.01ms, Queueing time: mean = 0.03ms, max = 0.20ms, min = 0.00ms, total = 0.20ms
	Publisher.CheckDeadSubscribers - 1 total (1 active), Execution time: mean = 0.00ms, total = 0.00ms, Queueing time: mean = 0.00ms, max = -0.00ms, min = 9223372036854.78ms, total = 0.00ms
	CoreWorker.ExitIfParentRayletDies - 1 total (1 active), Execution time: mean = 0.00ms, total = 0.00ms, Queueing time: mean = 0.00ms, max = -0.00ms, min = 9223372036854.78ms, total = 0.00ms
	ray::rpc::WorkerInfoGcsService.grpc_client.AddWorkerInfo - 1 total (1 active), Execution time: mean = 0.00ms, total = 0.00ms, Queueing time: mean = 0.00ms, max = -0.00ms, min = 9223372036854.78ms, total = 0.00ms

-----------------
Task execution event stats:

Global stats: 0 total (0 active)
Queueing time: mean = -nanms, max = -0.00ms, min = 9223372036854.78ms, total = 0.00ms
Execution time:  mean = -nanms, total = 0.00ms
Event stats:

-----------------
Task Event stats:

IO Service Stats:

Global stats: 2 total (1 active)
Queueing time: mean = 0.00ms, max = 0.00ms, min = 0.00ms, total = 0.00ms
Execution time:  mean = 0.02ms, total = 0.03ms
Event stats:
	PeriodicalRunner.RunFnPeriodically - 1 total (0 active), Execution time: mean = 0.03ms, total = 0.03ms, Queueing time: mean = 0.00ms, max = 0.00ms, min = 0.00ms, total = 0.00ms
	CoreWorker.deadline_timer.flush_task_events - 1 total (1 active), Execution time: mean = 0.00ms, total = 0.00ms, Queueing time: mean = 0.00ms, max = -0.00ms, min = 9223372036854.78ms, total = 0.00ms
Other Stats:
	gcs_grpc_in_progress:0
	event_aggregator_grpc_in_progress:0
	current number of task status events in buffer: 0
	current number of profile events in buffer: 0
	current number of dropped task attempts tracked: 0
	total task events sent: 0 MiB
	total number of task attempts sent: 0
	total number of task attempts dropped reported: 0
	total number of sent failure: 0
	num status task events dropped: 0
	num profile task events dropped: 0
	num ray task events reported to aggregator: 0
	num ray task events failed to report to aggregator: 0
	num of task attempts dropped reported to aggregator: 0
	num of failed requests to aggregator: 0

