[2026-09-09 05:16:20,042 I 3259567 3259567] core_worker_process.cc:795: Constructing CoreWorkerProcess. pid: 3259567
[2026-09-09 05:16:20,044 I 3259567 3259567] event.cc:499: Ray Event initialized for CORE_WORKER
[2026-09-09 05:16:20,044 I 3259567 3259567] event.cc:499: Ray Event initialized for EXPORT_TASK
[2026-09-09 05:16:20,044 I 3259567 3259567] event.cc:332: Set ray event level to warning
[2026-09-09 05:16:20,045 I 3259567 3259567] grpc_server.cc:143: worker server started, listening on port 16411.
[2026-09-09 05:16:20,051 I 3259567 3259567] core_worker_process.cc:267: Initializing worker at address: 155.103.252.95:16411 worker_id=d7c80f2c768c576e0f9a86a1c047f4ed568f0369781b710971faa933 node_id=277af84b2b5d71ad2a7e70d29a8ed4999b8fd317e697d7c11eee9704
[2026-09-09 05:16:20,052 I 3259567 3259567] task_event_buffer.cc:564: Reporting task events to GCS every 1000ms.
[2026-09-09 05:16:20,052 I 3259567 3259567] core_worker.cc:517: Adjusted worker niceness to 15
[2026-09-09 05:16:20,052 I 3259567 3259838] core_worker.cc:457: Event stats:


Global stats: 10 total (8 active)
Queueing time: mean = 0.00ms, max = 0.01ms, min = 0.00ms, total = 0.01ms
Execution time:  mean = 0.00ms, total = 0.02ms
Event stats:
	PeriodicalRunner.RunFnPeriodically - 7 total (5 active, 1 running), Execution time: mean = 0.00ms, total = 0.02ms, Queueing time: mean = 0.00ms, max = 0.01ms, min = 0.00ms, total = 0.01ms
	CoreWorker.ExitIfParentRayletDies - 1 total (1 active), Execution time: mean = 0.00ms, total = 0.00ms, Queueing time: mean = 0.00ms, max = -0.00ms, min = 9223372036854.78ms, total = 0.00ms
	ray::rpc::WorkerInfoGcsService.grpc_client.AddWorkerInfo - 1 total (1 active), Execution time: mean = 0.00ms, total = 0.00ms, Queueing time: mean = 0.00ms, max = -0.00ms, min = 9223372036854.78ms, total = 0.00ms
	Publisher.CheckDeadSubscribers - 1 total (1 active), Execution time: mean = 0.00ms, total = 0.00ms, Queueing time: mean = 0.00ms, max = -0.00ms, min = 9223372036854.78ms, total = 0.00ms

-----------------
Task execution event stats:

Global stats: 0 total (0 active)
Queueing time: mean = -nanms, max = -0.00ms, min = 9223372036854.78ms, total = 0.00ms
Execution time:  mean = -nanms, total = 0.00ms
Event stats:

-----------------
Task Event stats:

IO Service Stats:

Global stats: 2 total (1 active)
Queueing time: mean = 0.00ms, max = 0.00ms, min = 0.00ms, total = 0.00ms
Execution time:  mean = 0.02ms, total = 0.04ms
Event stats:
	PeriodicalRunner.RunFnPeriodically - 1 total (0 active), Execution time: mean = 0.04ms, total = 0.04ms, Queueing time: mean = 0.00ms, max = 0.00ms, min = 0.00ms, total = 0.00ms
	CoreWorker.deadline_timer.flush_task_events - 1 total (1 active), Execution time: mean = 0.00ms, total = 0.00ms, Queueing time: mean = 0.00ms, max = -0.00ms, min = 9223372036854.78ms, total = 0.00ms
Other Stats:
	gcs_grpc_in_progress:0
	event_aggregator_grpc_in_progress:0
	current number of task status events in buffer: 0
	current number of profile events in buffer: 0
	current number of dropped task attempts tracked: 0
	total task events sent: 0 MiB
	total number of task attempts sent: 0
	total number of task attempts dropped reported: 0
	total number of sent failure: 0
	num status task events dropped: 0
	num profile task events dropped: 0
	num ray task events reported to aggregator: 0
	num ray task events failed to report to aggregator: 0
	num of task attempts dropped reported to aggregator: 0
	num of failed requests to aggregator: 0

[2026-09-09 05:16:20,059 I 3259567 3259567] actor_task_submitter.cc:75: Set actor max pending calls to -1 actor_id=fc1e3bbc51f48b7b453b315301000000
[2026-09-09 05:16:20,059 I 3259567 3259567] core_worker.cc:2889: Creating actor actor_id=fc1e3bbc51f48b7b453b315301000000
[2026-09-09 05:16:24,070 I 3259567 3261068] actor_task_submitter.cc:75: Set actor max pending calls to -1 actor_id=4c8661739358e222fb556e5001000000
[2026-09-09 05:16:24,072 I 3259567 3261068] actor_task_submitter.cc:75: Set actor max pending calls to -1 actor_id=7a20aa319240f4885b69b18601000000
[2026-09-09 05:16:24,683 I 3259567 3259567] task_receiver.cc:117: Actor creation task finished, task_id: fffffffffffffffffc1e3bbc51f48b7b453b315301000000, actor_id: fc1e3bbc51f48b7b453b315301000000, actor_repr_name: 
[2026-09-09 05:16:24,685 I 3259567 3259567] unordered_actor_task_execution_queue.cc:52: Setting actor as asyncio with max_concurrency=1000, and defined concurrency groups are:

[2026-09-09 05:16:24,733 I 3259567 3259838] actor_manager.cc:236: received notification on actor, state: PENDING_CREATION, ip address: 155.103.252.95, port: 16410, num_restarts: 0, death context type=CONTEXT_NOT_SET actor_id=4c8661739358e222fb556e5001000000 worker_id=4cbed1fd2cafd7b36cab8b57055bdb2cf787df1df73ef338b06a650c node_id=277af84b2b5d71ad2a7e70d29a8ed4999b8fd317e697d7c11eee9704
[2026-09-09 05:16:24,733 I 3259567 3259838] accessor.cc:453: Received address and liveness notification for node, IsAlive = 1 node_id=277af84b2b5d71ad2a7e70d29a8ed4999b8fd317e697d7c11eee9704
[2026-09-09 05:16:24,733 I 3259567 3259838] normal_task_submitter.cc:857: Number of alive nodes:1
[2026-09-09 05:16:25,904 I 3259567 3259838] actor_manager.cc:236: received notification on actor, state: ALIVE, ip address: 155.103.252.95, port: 16410, num_restarts: 0, death context type=CONTEXT_NOT_SET actor_id=4c8661739358e222fb556e5001000000 worker_id=4cbed1fd2cafd7b36cab8b57055bdb2cf787df1df73ef338b06a650c node_id=277af84b2b5d71ad2a7e70d29a8ed4999b8fd317e697d7c11eee9704
[2026-09-09 05:16:25,907 I 3259567 3259838] actor_task_submitter.cc:75: Set actor max pending calls to -1 actor_id=925d3f774d1373c100450a4501000000
[2026-09-09 05:16:27,762 I 3259567 3259838] actor_task_submitter.cc:75: Set actor max pending calls to -1 actor_id=925d3f774d1373c100450a4501000000
[2026-09-09 05:16:27,762 I 3259567 3259838] actor_task_submitter.cc:75: Set actor max pending calls to -1 actor_id=925d3f774d1373c100450a4501000000
[2026-09-09 05:16:27,763 I 3259567 3259838] actor_task_submitter.cc:75: Set actor max pending calls to -1 actor_id=925d3f774d1373c100450a4501000000
[2026-09-09 05:16:27,763 I 3259567 3259838] actor_task_submitter.cc:75: Set actor max pending calls to -1 actor_id=925d3f774d1373c100450a4501000000
[2026-09-09 05:16:27,763 I 3259567 3259838] actor_task_submitter.cc:75: Set actor max pending calls to -1 actor_id=925d3f774d1373c100450a4501000000
[2026-09-09 05:16:27,764 I 3259567 3259838] actor_task_submitter.cc:75: Set actor max pending calls to -1 actor_id=925d3f774d1373c100450a4501000000
[2026-09-09 05:16:27,764 I 3259567 3259838] actor_manager.cc:236: received notification on actor, state: ALIVE, ip address: 155.103.252.95, port: 16409, num_restarts: 0, death context type=CONTEXT_NOT_SET actor_id=925d3f774d1373c100450a4501000000 worker_id=b2299a78b45c32ec8b3ae9097e5da1a88decf2c0a51ff677487c2434 node_id=277af84b2b5d71ad2a7e70d29a8ed4999b8fd317e697d7c11eee9704
[2026-09-09 05:16:27,764 I 3259567 3259838] actor_task_submitter.cc:75: Set actor max pending calls to -1 actor_id=925d3f774d1373c100450a4501000000
[2026-09-09 05:16:28,319 I 3259567 3259838] actor_manager.cc:236: received notification on actor, state: ALIVE, ip address: 155.103.252.95, port: 16408, num_restarts: 0, death context type=CONTEXT_NOT_SET actor_id=7a20aa319240f4885b69b18601000000 worker_id=6d97e2372d46b676789637ba02f02224c0331148c7b5e363367e50f2 node_id=277af84b2b5d71ad2a7e70d29a8ed4999b8fd317e697d7c11eee9704
[2026-09-09 05:16:36,104 I 3259567 3259838] actor_task_submitter.cc:75: Set actor max pending calls to -1 actor_id=925d3f774d1373c100450a4501000000
[2026-09-09 05:16:36,106 I 3259567 3259838] actor_task_submitter.cc:75: Set actor max pending calls to -1 actor_id=925d3f774d1373c100450a4501000000
[2026-09-09 05:16:36,106 I 3259567 3259838] actor_task_submitter.cc:75: Set actor max pending calls to -1 actor_id=925d3f774d1373c100450a4501000000
[2026-09-09 05:16:36,106 I 3259567 3259838] actor_task_submitter.cc:75: Set actor max pending calls to -1 actor_id=925d3f774d1373c100450a4501000000
[2026-09-09 05:16:36,106 I 3259567 3259838] actor_task_submitter.cc:75: Set actor max pending calls to -1 actor_id=925d3f774d1373c100450a4501000000
[2026-09-09 05:16:36,107 I 3259567 3259838] actor_task_submitter.cc:75: Set actor max pending calls to -1 actor_id=925d3f774d1373c100450a4501000000
[2026-09-09 05:16:36,107 I 3259567 3259838] actor_task_submitter.cc:75: Set actor max pending calls to -1 actor_id=925d3f774d1373c100450a4501000000
[2026-09-09 05:16:36,107 I 3259567 3259838] actor_task_submitter.cc:75: Set actor max pending calls to -1 actor_id=925d3f774d1373c100450a4501000000
[2026-09-09 05:16:42,269 I 3259567 3259838] actor_task_submitter.cc:75: Set actor max pending calls to -1 actor_id=925d3f774d1373c100450a4501000000
[2026-09-09 05:16:42,270 I 3259567 3259838] actor_task_submitter.cc:75: Set actor max pending calls to -1 actor_id=925d3f774d1373c100450a4501000000
[2026-09-09 05:16:42,272 I 3259567 3259838] actor_task_submitter.cc:75: Set actor max pending calls to -1 actor_id=925d3f774d1373c100450a4501000000
[2026-09-09 05:16:42,272 I 3259567 3259838] actor_task_submitter.cc:75: Set actor max pending calls to -1 actor_id=925d3f774d1373c100450a4501000000
[2026-09-09 05:16:42,329 I 3259567 3259838] accessor.cc:453: Received address and liveness notification for node, IsAlive = 0 node_id=277af84b2b5d71ad2a7e70d29a8ed4999b8fd317e697d7c11eee9704
[2026-09-09 05:16:42,329 I 3259567 3259838] core_worker.cc:754: Node failure. All objects pinned on that node will be lost if object reconstruction is not enabled. node_id=277af84b2b5d71ad2a7e70d29a8ed4999b8fd317e697d7c11eee9704
[2026-09-09 05:16:42,331 I 3259567 3259838] actor_manager.cc:236: received notification on actor, state: DEAD, ip address: 155.103.252.95, port: 16408, num_restarts: 0, death context type=ActorDiedErrorContext actor_id=7a20aa319240f4885b69b18601000000 worker_id=6d97e2372d46b676789637ba02f02224c0331148c7b5e363367e50f2 node_id=277af84b2b5d71ad2a7e70d29a8ed4999b8fd317e697d7c11eee9704
[2026-09-09 05:16:42,331 I 3259567 3259838] actor_task_submitter.cc:429: Failing pending tasks for actor because the actor is already dead. actor_id=7a20aa319240f4885b69b18601000000
[2026-09-09 05:16:42,331 I 3259567 3259838] actor_manager.cc:236: received notification on actor, state: DEAD, ip address: 155.103.252.95, port: 16409, num_restarts: 0, death context type=ActorDiedErrorContext actor_id=925d3f774d1373c100450a4501000000 worker_id=b2299a78b45c32ec8b3ae9097e5da1a88decf2c0a51ff677487c2434 node_id=277af84b2b5d71ad2a7e70d29a8ed4999b8fd317e697d7c11eee9704
[2026-09-09 05:16:42,331 I 3259567 3259838] actor_task_submitter.cc:429: Failing pending tasks for actor because the actor is already dead. actor_id=925d3f774d1373c100450a4501000000
[2026-09-09 05:16:42,331 I 3259567 3259838] actor_manager.cc:236: received notification on actor, state: DEAD, ip address: 155.103.252.95, port: 16410, num_restarts: 0, death context type=ActorDiedErrorContext actor_id=4c8661739358e222fb556e5001000000 worker_id=4cbed1fd2cafd7b36cab8b57055bdb2cf787df1df73ef338b06a650c node_id=277af84b2b5d71ad2a7e70d29a8ed4999b8fd317e697d7c11eee9704
[2026-09-09 05:16:42,331 I 3259567 3259838] actor_task_submitter.cc:429: Failing pending tasks for actor because the actor is already dead. actor_id=4c8661739358e222fb556e5001000000
[2026-09-09 05:16:42,336 I 3259567 3259838] core_worker.cc:4074: Force kill actor request has received. exiting immediately... The actor is dead because its owner has died. Owner Id: 5b05b8f0807af7e2bd993410166a7d750b5bfecb0e341ee8c73cb4bf Owner Ip address: 155.103.252.95 Owner worker exit type: SYSTEM_ERROR Worker exit detail: Owner's node has crashed.
[2026-09-09 05:16:42,350 I 3259567 3259838] core_worker_shutdown_executor.cc:286: Try killing all child processes of this worker as it exits. Child process pids: 
[2026-09-09 05:16:42,354 I 3259567 3259838] core_worker_shutdown_executor.cc:344: Sending disconnect message to the local raylet.
[2026-09-09 05:16:42,354 I 3259567 3259838] raylet_ipc_client.cc:133: RayletIpcClient::Disconnect, exit_type=INTENDED_SYSTEM_EXIT, exit_detail=Worker exits because the actor is killed. The actor is dead because its owner has died. Owner Id: 5b05b8f0807af7e2bd993410166a7d750b5bfecb0e341ee8c73cb4bf Owner Ip address: 155.103.252.95 Owner worker exit type: SYSTEM_ERROR Worker exit detail: Owner's node has crashed., has creation_task_exception_pb_bytes=0
