[2026-09-09 05:15:41,586 I 3252022 3252022] (raylet) main.cc:279: Setting cluster ID to: 948601a9c679c9c5d684a7f7b738bb6cd88fbf6266b819e7e236df2e
[2026-09-09 05:15:41,592 I 3252022 3252022] (raylet) main.cc:548: Per-worker process group cleanup is DISABLED, subreaper is DISABLED
[2026-09-09 05:15:41,592 I 3252022 3252022] (raylet) main.cc:685: Setting node ID node_id=277af84b2b5d71ad2a7e70d29a8ed4999b8fd317e697d7c11eee9704
[2026-09-09 05:15:41,592 I 3252022 3252022] (raylet) store_runner.cc:50: Allowing the Plasma store to use up to 0.134218GB of memory.
[2026-09-09 05:15:41,592 I 3252022 3252022] (raylet) store_runner.cc:66: Starting object store with directory /dev/shm, fallback /home/ubuntu/ai-infra-book-experiments/tools/verl-private/r/control, and huge page support disabled
[2026-09-09 05:15:41,592 I 3252022 3252045] (raylet) dlmalloc.cc:324: Setting dlmalloc config: plasma_directory=/dev/shm, fallback_directory=/home/ubuntu/ai-infra-book-experiments/tools/verl-private/r/control, hugepage_enabled=0, fallback_enabled=1
[2026-09-09 05:15:41,592 I 3252022 3252045] (raylet) dlmalloc.cc:153: create_and_mmap_buffer(134217736, /dev/shm/plasmaXXXXXX)
[2026-09-09 05:15:41,593 E 3252022 3252045] (raylet) file_system_monitor.cc:116: /home/ubuntu/ai-infra-book-experiments/tools/verl-private/r/control is over 95% full, available space: 74.3523 GB; capacity: 3752.16 GB. Object creation will fail if spilling is required.
[2026-09-09 05:15:41,593 I 3252022 3252045] (raylet) store.cc:572: Plasma store debug dump: 
Current usage: 0 / 0.134218 GB
- num bytes created total: 0
0 pending objects of total size 0MB
- objects spillable: 0
- bytes spillable: 0
- objects unsealed: 0
- bytes unsealed: 0
- objects in use: 0
- bytes in use: 0
- objects evictable: 0
- bytes evictable: 0

- objects created by worker: 0
- bytes created by worker: 0
- objects restored: 0
- bytes restored: 0
- objects received: 0
- bytes received: 0
- objects errored: 0
- bytes errored: 0

[2026-09-09 05:15:41,594 I 3252022 3252022] (raylet) grpc_server.cc:143: ObjectManager server started, listening on port 43455.
[2026-09-09 05:15:41,595 W 3252022 3252022] (raylet) memory_monitor_utils.cc:140: Got negative used memory for cgroup -1, setting it to zero
[2026-09-09 05:15:41,595 I 3252022 3252022] (raylet) threshold_memory_monitor.cc:52: MemoryMonitor initialized with usage threshold at 192285507584 bytes (95.000000% of system memory), total system memory bytes: 202405810176, monitor interval: 250ms
[2026-09-09 05:15:41,595 I 3252022 3252022] (raylet) node_manager.cc:248: Initializing NodeManager node_id=277af84b2b5d71ad2a7e70d29a8ed4999b8fd317e697d7c11eee9704
[2026-09-09 05:15:41,595 I 3252022 3252022] (raylet) grpc_server.cc:143: NodeManager server started, listening on port 34771.
[2026-09-09 05:15:41,602 I 3252022 3252074] (raylet) agent_manager.cc:81: Monitor agent process with name dashboard_agent
[2026-09-09 05:15:41,602 I 3252022 3252076] (raylet) agent_manager.cc:81: Monitor agent process with name runtime_env_agent
[2026-09-09 05:15:42,053 I 3252022 3252022] (raylet) metrics_agent_client.cc:45: Initializing exporter ...
[2026-09-09 05:15:42,054 I 3252022 3252022] (raylet) event.cc:499: Ray Event initialized for RAYLET
[2026-09-09 05:15:42,054 I 3252022 3252022] (raylet) event.cc:332: Set ray event level to warning
[2026-09-09 05:15:42,054 I 3252022 3252022] (raylet) main.cc:1133: Setting temp dir to: /home/ubuntu/ai-infra-book-experiments/tools/verl-private/r
[2026-09-09 05:15:42,055 I 3252022 3252022] (raylet) node_manager.cc:303: Raylet of id, 277af84b2b5d71ad2a7e70d29a8ed4999b8fd317e697d7c11eee9704 started. Raylet consists of node_manager and object_manager. node_manager address: 155.103.252.95:0 object_manager address: 155.103.252.95:43455 hostname: ubuntu
[2026-09-09 05:15:42,056 I 3252022 3252022] (raylet) node_manager.cc:441: [state-dump] NodeManager:
[state-dump] Node ID: 277af84b2b5d71ad2a7e70d29a8ed4999b8fd317e697d7c11eee9704
[state-dump] Node name: 155.103.252.95
[state-dump] InitialConfigResources: {GPU: 1, CPU: 4, accelerator_type:RTX: 1, node:155.103.252.95: 1, memory: 2.14748e+10, node:__internal_head__: 1, object_store_memory: 1.34218e+08}
[state-dump] ClusterLeaseManager:
[state-dump] ========== Node: 277af84b2b5d71ad2a7e70d29a8ed4999b8fd317e697d7c11eee9704 =================
[state-dump] Infeasible queue length: 0
[state-dump] Schedule queue length: 0
[state-dump] Grant queue length: 0
[state-dump] num_waiting_for_resource: 0
[state-dump] num_waiting_for_plasma_memory: 0
[state-dump] num_waiting_for_remote_node_resources: 0
[state-dump] num_worker_not_started_by_job_config_not_exist: 0
[state-dump] num_worker_not_started_by_registration_timeout: 0
[state-dump] num_tasks_waiting_for_workers: 0
[state-dump] num_cancelled_leases: 0
[state-dump] cluster_resource_scheduler state: 
[state-dump] Local id: -8908823517840299034 Local resources: {"total":{CPU: [40000], GPU: [10000], accelerator_type:RTX: [10000], node:__internal_head__: [10000], node:155.103.252.95: [10000], memory: [214748364800000], object_store_memory: [1342177280000]}}, "available": {CPU: [40000], GPU: [10000], accelerator_type:RTX: [10000], node:__internal_head__: [10000], node:155.103.252.95: [10000], memory: [214748364800000], object_store_memory: [1342177280000]}}, "labels":{"ray.io/node-id":"277af84b2b5d71ad2a7e70d29a8ed4999b8fd317e697d7c11eee9704","ray.io/accelerator-type":"RTX",} is_draining: 0 is_idle: 1 Cluster resources (at most 20 nodes are shown): node id: -8908823517840299034{"total":{GPU: 10000, accelerator_type:RTX: 10000, node:155.103.252.95: 10000, memory: 214748364800000, object_store_memory: 1342177280000, node:__internal_head__: 10000, CPU: 40000}}, "available": {GPU: 10000, accelerator_type:RTX: 10000, node:155.103.252.95: 10000, memory: 214748364800000, object_store_memory: 1342177280000, node:__internal_head__: 10000, CPU: 40000}}, "labels":{"ray.io/node-id":"277af84b2b5d71ad2a7e70d29a8ed4999b8fd317e697d7c11eee9704","ray.io/accelerator-type":"RTX",}, "is_draining": 0, "draining_deadline_timestamp_ms": -1} { "placement group locations": [], "node to bundles": []}
[state-dump] Waiting leases size: 0
[state-dump] Number of granted lease arguments: 0
[state-dump] Number of pinned lease arguments: 0
[state-dump] Total size of pinned lease arguments: 0
[state-dump] Number of total spilled leases: 0
[state-dump] Number of spilled waiting leases: 0
[state-dump] Number of spilled unschedulable leases: 0
[state-dump] Resource usage {
[state-dump] }
[state-dump] Backlog Size per scheduling descriptor :{workerId: num backlogs}:
[state-dump] 
[state-dump] Granted leases by scheduling class:
[state-dump] ==================================================
[state-dump] 
[state-dump] ClusterResources:
[state-dump] LocalObjectManager:
[state-dump] - num pinned objects: 0
[state-dump] - pinned objects size: 0
[state-dump] - num objects pending restore: 0
[state-dump] - num objects pending spill: 0
[state-dump] - num bytes pending spill: 0
[state-dump] - num bytes currently spilled: 0
[state-dump] - cumulative spill requests: 0
[state-dump] - cumulative restore requests: 0
[state-dump] - spilled objects pending delete: 0
[state-dump] 
[state-dump] ObjectManager:
[state-dump] - num local objects: 0
[state-dump] - num unfulfilled push requests: 0
[state-dump] - num object pull requests: 0
[state-dump] - num chunks received total: 0
[state-dump] - num chunks received failed (all): 0
[state-dump] - num chunks received failed / cancelled: 0
[state-dump] - num chunks received failed / plasma error: 0
[state-dump] Event stats:
[state-dump] Global stats: 0 total (0 active)
[state-dump] Queueing time: mean = -nanms, max = -0.00ms, min = 9223372036854.78ms, total = 0.00ms
[state-dump] Execution time:  mean = -nanms, total = 0.00ms
[state-dump] Event stats:
[state-dump] PushManager:
[state-dump] - num pushes remaining: 0
[state-dump] - num chunks in flight: 0
[state-dump] - num chunks remaining: 0
[state-dump] - max chunks allowed: 409
[state-dump] OwnershipBasedObjectDirectory:
[state-dump] - num listeners: 0
[state-dump] - cumulative location updates: 0
[state-dump] - num location updates per second: 0.000
[state-dump] - num location lookups per second: 0.000
[state-dump] - num locations added per second: 0.000
[state-dump] - num locations removed per second: 0.000
[state-dump] BufferPool:
[state-dump] - create buffer state map size: 0
[state-dump] PullManager:
[state-dump] - num bytes available for pulled objects: 134217728
[state-dump] - num bytes being pulled (all): 0
[state-dump] - num bytes being pulled / pinned: 0
[state-dump] - get request bundles: BundlePullRequestQueue{0 total, 0 active, 0 inactive, 0 unpullable}
[state-dump] - wait request bundles: BundlePullRequestQueue{0 total, 0 active, 0 inactive, 0 unpullable}
[state-dump] - task request bundles: BundlePullRequestQueue{0 total, 0 active, 0 inactive, 0 unpullable}
[state-dump] - first get request bundle: N/A
[state-dump] - first wait request bundle: N/A
[state-dump] - first task request bundle: N/A
[state-dump] - num objects queued: 0
[state-dump] - num objects actively pulled (all): 0
[state-dump] - num objects actively pulled / pinned: 0
[state-dump] - num bundles being pulled: 0
[state-dump] - num pull retries: 0
[state-dump] - max timeout seconds: 0
[state-dump] - max timeout request is already processed. No entry.
[state-dump] 
[state-dump] WorkerPool:
[state-dump] - registered jobs: 0
[state-dump] - process_failed_job_config_missing: 0
[state-dump] - process_failed_rate_limited: 0
[state-dump] - process_failed_pending_registration: 0
[state-dump] - process_failed_runtime_env_setup_failed: 0
[state-dump] - num PYTHON workers: 0
[state-dump] - num PYTHON drivers: 0
[state-dump] - num PYTHON pending start requests: 0
[state-dump] - num PYTHON pending registration requests: 0
[state-dump] - num object spill callbacks queued: 0
[state-dump] - num object restore queued: 0
[state-dump] - num util functions queued: 0
[state-dump] - num JAVA workers: 0
[state-dump] - num JAVA drivers: 0
[state-dump] - num JAVA pending start requests: 0
[state-dump] - num JAVA pending registration requests: 0
[state-dump] - num object spill callbacks queued: 0
[state-dump] - num object restore queued: 0
[state-dump] - num util functions queued: 0
[state-dump] - num idle workers: 0
[state-dump] LeaseDependencyManager:
[state-dump] - lease deps map size: 0
[state-dump] - get req map size: 0
[state-dump] - wait req map size: 0
[state-dump] - local objects map size: 0
[state-dump] WaitManager:
[state-dump] - num active wait requests: 0
[state-dump] Subscriber:
[state-dump] Channel WORKER_OBJECT_EVICTION
[state-dump] - cumulative subscribe requests: 0
[state-dump] - cumulative unsubscribe requests: 0
[state-dump] - active subscribed publishers: 0
[state-dump] - cumulative published messages: 0
[state-dump] - cumulative processed messages: 0
[state-dump] Channel WORKER_REF_REMOVED_CHANNEL
[state-dump] - cumulative subscribe requests: 0
[state-dump] - cumulative unsubscribe requests: 0
[state-dump] - active subscribed publishers: 0
[state-dump] - cumulative published messages: 0
[state-dump] - cumulative processed messages: 0
[state-dump] Channel WORKER_OBJECT_LOCATIONS_CHANNEL
[state-dump] - cumulative subscribe requests: 0
[state-dump] - cumulative unsubscribe requests: 0
[state-dump] - active subscribed publishers: 0
[state-dump] - cumulative published messages: 0
[state-dump] - cumulative processed messages: 0
[state-dump] num async plasma notifications: 0
[state-dump] Event stats:
[state-dump] Global stats: 30 total (14 active)
[state-dump] Queueing time: mean = 46.18ms, max = 459.11ms, min = 0.00ms, total = 1385.33ms
[state-dump] Execution time:  mean = 15.52ms, total = 465.68ms
[state-dump] Event stats:
[state-dump] 	PeriodicalRunner.RunFnPeriodically - 11 total (2 active, 1 running), Execution time: mean = 0.08ms, total = 0.85ms, Queueing time: mean = 125.54ms, max = 459.11ms, min = 0.03ms, total = 1380.90ms
[state-dump] 	event_loop_lag_probe - 2 total (0 active), Execution time: mean = 0.01ms, total = 0.01ms, Queueing time: mean = 2.20ms, max = 4.40ms, min = 0.00ms, total = 4.40ms
[state-dump] 	ReporterService.grpc_client.HealthCheck - 1 total (1 active), Execution time: mean = 0.00ms, total = 0.00ms, Queueing time: mean = 0.00ms, max = -0.00ms, min = 9223372036854.78ms, total = 0.00ms
[state-dump] 	ray::rpc::InternalKVGcsService.grpc_client.GetInternalConfig - 1 total (0 active), Execution time: mean = 1.60ms, total = 1.60ms, Queueing time: mean = 0.00ms, max = -0.00ms, min = 9223372036854.78ms, total = 0.00ms
[state-dump] 	ClusterResourceManager.ResetRemoteNodeView - 1 total (1 active), Execution time: mean = 0.00ms, total = 0.00ms, Queueing time: mean = 0.00ms, max = -0.00ms, min = 9223372036854.78ms, total = 0.00ms
[state-dump] 	ray::rpc::InternalKVGcsService.grpc_client.GetInternalConfig.OnReplyReceived - 1 total (0 active), Execution time: mean = 461.82ms, total = 461.82ms, Queueing time: mean = 0.00ms, max = 0.00ms, min = 0.00ms, total = 0.00ms
[state-dump] 	NodeManager.deadline_timer.debug_state_dump - 1 total (1 active), Execution time: mean = 0.00ms, total = 0.00ms, Queueing time: mean = 0.00ms, max = -0.00ms, min = 9223372036854.78ms, total = 0.00ms
[state-dump] 	ray::rpc::InternalPubSubGcsService.grpc_client.GcsSubscriberPoll - 1 total (1 active), Execution time: mean = 0.00ms, total = 0.00ms, Queueing time: mean = 0.00ms, max = -0.00ms, min = 9223372036854.78ms, total = 0.00ms
[state-dump] 	ray::rpc::InternalPubSubGcsService.grpc_client.GcsSubscriberCommandBatch - 1 total (1 active), Execution time: mean = 0.00ms, total = 0.00ms, Queueing time: mean = 0.00ms, max = -0.00ms, min = 9223372036854.78ms, total = 0.00ms
[state-dump] 	ObjectManager.UpdateAvailableMemory - 1 total (0 active), Execution time: mean = 0.00ms, total = 0.00ms, Queueing time: mean = 0.01ms, max = 0.01ms, min = 0.01ms, total = 0.01ms
[state-dump] 	ray::rpc::NodeInfoGcsService.grpc_client.RegisterNode - 1 total (0 active), Execution time: mean = 1.24ms, total = 1.24ms, Queueing time: mean = 0.00ms, max = -0.00ms, min = 9223372036854.78ms, total = 0.00ms
[state-dump] 	NodeManager.deadline_timer.record_metrics - 1 total (1 active), Execution time: mean = 0.00ms, total = 0.00ms, Queueing time: mean = 0.00ms, max = -0.00ms, min = 9223372036854.78ms, total = 0.00ms
[state-dump] 	NodeManager.CheckForUnexpectedWorkerDisconnects - 1 total (1 active), Execution time: mean = 0.00ms, total = 0.00ms, Queueing time: mean = 0.00ms, max = -0.00ms, min = 9223372036854.78ms, total = 0.00ms
[state-dump] 	NodeManager.deadline_timer.spill_objects_when_over_threshold - 1 total (1 active), Execution time: mean = 0.00ms, total = 0.00ms, Queueing time: mean = 0.00ms, max = -0.00ms, min = 9223372036854.78ms, total = 0.00ms
[state-dump] 	NodeManager.GCTaskFailureReason - 1 total (1 active), Execution time: mean = 0.00ms, total = 0.00ms, Queueing time: mean = 0.00ms, max = -0.00ms, min = 9223372036854.78ms, total = 0.00ms
[state-dump] 	NodeManager.deadline_timer.flush_free_objects - 1 total (1 active), Execution time: mean = 0.00ms, total = 0.00ms, Queueing time: mean = 0.00ms, max = -0.00ms, min = 9223372036854.78ms, total = 0.00ms
[state-dump] 	NodeManager.ScheduleAndGrantLeases - 1 total (1 active), Execution time: mean = 0.00ms, total = 0.00ms, Queueing time: mean = 0.00ms, max = -0.00ms, min = 9223372036854.78ms, total = 0.00ms
[state-dump] 	ray::rpc::NodeInfoGcsService.grpc_client.RegisterNode.OnReplyReceived - 1 total (0 active), Execution time: mean = 0.16ms, total = 0.16ms, Queueing time: mean = 0.02ms, max = 0.02ms, min = 0.02ms, total = 0.02ms
[state-dump] 	RayletWorkerPool.deadline_timer.kill_idle_workers - 1 total (1 active), Execution time: mean = 0.00ms, total = 0.00ms, Queueing time: mean = 0.00ms, max = -0.00ms, min = 9223372036854.78ms, total = 0.00ms
[state-dump] DebugString() time ms: 0
[state-dump] 
[state-dump] 
[2026-09-09 05:15:42,057 I 3252022 3252022] (raylet) accessor.cc:453: Received address and liveness notification for node, IsAlive = 1 node_id=277af84b2b5d71ad2a7e70d29a8ed4999b8fd317e697d7c11eee9704
[2026-09-09 05:15:42,061 I 3252022 3252022] (raylet) metrics_agent_client.cc:59: Exporter initialized.
[2026-09-09 05:15:46,000 I 3252022 3252022] (raylet) worker_pool.cc:752: [Eagerly] Start install runtime environment for job 01000000.
[2026-09-09 05:15:46,001 I 3252022 3252022] (raylet) worker_pool.cc:531: Started worker process with pid 3252371 worker_id=8d1be84170e405360d3b10ebccea5009bf5db2b2e72b7d293ca7e42d
[2026-09-09 05:15:46,002 I 3252022 3252022] (raylet) worker_pool.cc:531: Started worker process with pid 3252372 worker_id=7f22b6ee831277e3e9006f923a20d007500eebbf22eb1063d8085f0f
[2026-09-09 05:15:46,002 I 3252022 3252022] (raylet) worker_pool.cc:531: Started worker process with pid 3252373 worker_id=3d000ccd432c67ef9b8133e7a85582ec3a82c1ac63e5868cdde493ab
[2026-09-09 05:15:46,006 I 3252022 3252022] (raylet) worker_pool.cc:531: Started worker process with pid 3252374 worker_id=bf4b7a44a9c030b77d28b720638b284d8258869418ab67d0c6a7e203
[2026-09-09 05:15:46,009 I 3252022 3252022] (raylet) runtime_env_agent_client.cc:393: Create runtime env for job 01000000
[2026-09-09 05:15:46,009 I 3252022 3252022] (raylet) worker_pool.cc:763: [Eagerly] Create runtime env successful for job 01000000.
[2026-09-09 05:15:46,262 I 3252022 3252045] (raylet) object_store.cc:37: Object store current usage 8e-09 / 0.134218 GB.
[2026-09-09 05:15:46,310 I 3252022 3252022] (raylet) worker_pool.cc:742: Job 01000000 already started in worker pool.
[2026-09-09 05:15:46,322 I 3252022 3252022] (raylet) runtime_env_agent_client.cc:393: Create runtime env for job 01000000
[2026-09-09 05:15:46,323 I 3252022 3252022] (raylet) worker_pool.cc:531: Started worker process with pid 3252623 worker_id=5b05b8f0807af7e2bd993410166a7d750b5bfecb0e341ee8c73cb4bf
[2026-09-09 05:15:46,599 W 3252022 3252070] (raylet) memory_monitor_utils.cc:140: Got negative used memory for cgroup -1, setting it to zero
[2026-09-09 05:15:51,109 I 3252022 3252022] (raylet) runtime_env_agent_client.cc:393: Create runtime env for job 01000000
[2026-09-09 05:15:51,110 I 3252022 3252022] (raylet) worker_pool.cc:531: Started worker process with pid 3252845 worker_id=8aa7b3dc6a8529bdebc4ef5fe747d295d30383ba516b182f4529c2d2
[2026-09-09 05:15:51,272 I 3252022 3252022] (raylet) node_manager.cc:1413: Disconnecting worker, graceful=true, disconnect_type=1, has_creation_task_exception=false worker_id=bf4b7a44a9c030b77d28b720638b284d8258869418ab67d0c6a7e203 job_id=NIL_ID
[2026-09-09 05:15:51,278 I 3252022 3252022] (raylet) node_manager.cc:1413: Disconnecting worker, graceful=true, disconnect_type=1, has_creation_task_exception=false worker_id=3d000ccd432c67ef9b8133e7a85582ec3a82c1ac63e5868cdde493ab job_id=NIL_ID
[2026-09-09 05:15:51,281 W 3252022 3252045] (raylet) store.cc:365: Disconnecting client due to connection error with code 2: End of file
[2026-09-09 05:15:51,290 I 3252022 3252022] (raylet) node_manager.cc:1413: Disconnecting worker, graceful=true, disconnect_type=1, has_creation_task_exception=false worker_id=8d1be84170e405360d3b10ebccea5009bf5db2b2e72b7d293ca7e42d job_id=NIL_ID
[2026-09-09 05:15:51,300 W 3252022 3252045] (raylet) store.cc:365: Disconnecting client due to connection error with code 2: End of file
[2026-09-09 05:15:51,307 W 3252022 3252045] (raylet) store.cc:365: Disconnecting client due to connection error with code 2: End of file
[2026-09-09 05:15:51,601 W 3252022 3252070] (raylet) memory_monitor_utils.cc:140: Got negative used memory for cgroup -1, setting it to zero
[2026-09-09 05:15:51,607 E 3252022 3252046] (raylet) file_system_monitor.cc:116: /home/ubuntu/ai-infra-book-experiments/tools/verl-private/r/control is over 95% full, available space: 74.3485 GB; capacity: 3752.16 GB. Object creation will fail if spilling is required.
[2026-09-09 05:15:51,681 I 3252022 3252022] (raylet) runtime_env_agent_client.cc:393: Create runtime env for job 01000000
[2026-09-09 05:15:51,682 I 3252022 3252022] (raylet) worker_pool.cc:531: Started worker process with pid 3253237 worker_id=bab214a57eea3593f7e864bdfa278b7661d04ed3cade72e65763a6fa
[2026-09-09 05:15:52,668 I 3252022 3252022] (raylet) node_manager.cc:1413: Disconnecting worker, graceful=true, disconnect_type=1, has_creation_task_exception=false worker_id=7f22b6ee831277e3e9006f923a20d007500eebbf22eb1063d8085f0f job_id=NIL_ID
[2026-09-09 05:15:52,670 W 3252022 3252045] (raylet) store.cc:365: Disconnecting client due to connection error with code 2: End of file
[2026-09-09 05:15:56,607 W 3252022 3252070] (raylet) memory_monitor_utils.cc:140: Got negative used memory for cgroup -1, setting it to zero
[2026-09-09 05:15:59,227 I 3252022 3252022] (raylet) runtime_env_agent_client.cc:393: Create runtime env for job 01000000
[2026-09-09 05:15:59,228 I 3252022 3252022] (raylet) worker_pool.cc:531: Started worker process with pid 3255575 worker_id=6d97e2372d46b676789637ba02f02224c0331148c7b5e363367e50f2
[2026-09-09 05:16:00,704 I 3252022 3252022] (raylet) runtime_env_agent_client.cc:393: Create runtime env for job 01000000
[2026-09-09 05:16:00,704 I 3252022 3252022] (raylet) worker_pool.cc:531: Started worker process with pid 3256272 worker_id=b2299a78b45c32ec8b3ae9097e5da1a88decf2c0a51ff677487c2434
[2026-09-09 05:16:01,609 W 3252022 3252070] (raylet) memory_monitor_utils.cc:140: Got negative used memory for cgroup -1, setting it to zero
[2026-09-09 05:16:01,616 E 3252022 3252046] (raylet) file_system_monitor.cc:116: /home/ubuntu/ai-infra-book-experiments/tools/verl-private/r/control is over 95% full, available space: 74.3142 GB; capacity: 3752.16 GB. Object creation will fail if spilling is required.
[2026-09-09 05:16:06,611 W 3252022 3252070] (raylet) memory_monitor_utils.cc:140: Got negative used memory for cgroup -1, setting it to zero
[2026-09-09 05:16:11,613 W 3252022 3252070] (raylet) memory_monitor_utils.cc:140: Got negative used memory for cgroup -1, setting it to zero
[2026-09-09 05:16:11,626 E 3252022 3252046] (raylet) file_system_monitor.cc:116: /home/ubuntu/ai-infra-book-experiments/tools/verl-private/r/control is over 95% full, available space: 74.2885 GB; capacity: 3752.16 GB. Object creation will fail if spilling is required.
[2026-09-09 05:16:16,615 W 3252022 3252070] (raylet) memory_monitor_utils.cc:140: Got negative used memory for cgroup -1, setting it to zero
[2026-09-09 05:16:19,503 I 3252022 3252022] (raylet) runtime_env_agent_client.cc:393: Create runtime env for job 01000000
[2026-09-09 05:16:19,504 I 3252022 3252022] (raylet) worker_pool.cc:531: Started worker process with pid 3259564 worker_id=4cbed1fd2cafd7b36cab8b57055bdb2cf787df1df73ef338b06a650c
[2026-09-09 05:16:19,529 I 3252022 3252022] (raylet) runtime_env_agent_client.cc:393: Create runtime env for job 01000000
[2026-09-09 05:16:19,530 I 3252022 3252022] (raylet) worker_pool.cc:531: Started worker process with pid 3259567 worker_id=d7c80f2c768c576e0f9a86a1c047f4ed568f0369781b710971faa933
[2026-09-09 05:16:21,625 W 3252022 3252070] (raylet) memory_monitor_utils.cc:140: Got negative used memory for cgroup -1, setting it to zero
[2026-09-09 05:16:21,639 E 3252022 3252046] (raylet) file_system_monitor.cc:116: /home/ubuntu/ai-infra-book-experiments/tools/verl-private/r/control is over 95% full, available space: 74.2718 GB; capacity: 3752.16 GB. Object creation will fail if spilling is required.
[2026-09-09 05:16:26,630 W 3252022 3252070] (raylet) memory_monitor_utils.cc:140: Got negative used memory for cgroup -1, setting it to zero
[2026-09-09 05:16:31,635 W 3252022 3252070] (raylet) memory_monitor_utils.cc:140: Got negative used memory for cgroup -1, setting it to zero
[2026-09-09 05:16:31,653 E 3252022 3252046] (raylet) file_system_monitor.cc:116: /home/ubuntu/ai-infra-book-experiments/tools/verl-private/r/control is over 95% full, available space: 74.0887 GB; capacity: 3752.16 GB. Object creation will fail if spilling is required.
[2026-09-09 05:16:34,192 I 3252022 3252022] (raylet) local_resource_manager.cc:349: Object store memory is idle.
[2026-09-09 05:16:36,638 W 3252022 3252070] (raylet) memory_monitor_utils.cc:140: Got negative used memory for cgroup -1, setting it to zero
[2026-09-09 05:16:40,494 I 3252022 3252022] (raylet) local_resource_manager.cc:349: Object store memory is idle.
[2026-09-09 05:16:41,593 I 3252022 3252045] (raylet) store.cc:572: Plasma store debug dump: 
Current usage: 0 / 0.134218 GB
- num bytes created total: 148590
0 pending objects of total size 0MB
- objects spillable: 0
- bytes spillable: 0
- objects unsealed: 0
- bytes unsealed: 0
- objects in use: 0
- bytes in use: 0
- objects evictable: 0
- bytes evictable: 0

- objects created by worker: 0
- bytes created by worker: 0
- objects restored: 0
- bytes restored: 0
- objects received: 0
- bytes received: 0
- objects errored: 0
- bytes errored: 0

[2026-09-09 05:16:41,640 W 3252022 3252070] (raylet) memory_monitor_utils.cc:140: Got negative used memory for cgroup -1, setting it to zero
[2026-09-09 05:16:41,659 E 3252022 3252046] (raylet) file_system_monitor.cc:116: /home/ubuntu/ai-infra-book-experiments/tools/verl-private/r/control is over 95% full, available space: 74.1214 GB; capacity: 3752.16 GB. Object creation will fail if spilling is required.
[2026-09-09 05:16:42,057 I 3252022 3252022] (raylet) node_manager.cc:441: [state-dump] NodeManager:
[state-dump] Node ID: 277af84b2b5d71ad2a7e70d29a8ed4999b8fd317e697d7c11eee9704
[state-dump] Node name: 155.103.252.95
[state-dump] InitialConfigResources: {GPU: 1, CPU: 4, accelerator_type:RTX: 1, node:155.103.252.95: 1, memory: 2.14748e+10, node:__internal_head__: 1, object_store_memory: 1.34218e+08}
[state-dump] ClusterLeaseManager:
[state-dump] ========== Node: 277af84b2b5d71ad2a7e70d29a8ed4999b8fd317e697d7c11eee9704 =================
[state-dump] Infeasible queue length: 0
[state-dump] Schedule queue length: 0
[state-dump] Grant queue length: 0
[state-dump] num_waiting_for_resource: 0
[state-dump] num_waiting_for_plasma_memory: 0
[state-dump] num_waiting_for_remote_node_resources: 0
[state-dump] num_worker_not_started_by_job_config_not_exist: 0
[state-dump] num_worker_not_started_by_registration_timeout: 0
[state-dump] num_tasks_waiting_for_workers: 0
[state-dump] num_cancelled_leases: 0
[state-dump] cluster_resource_scheduler state: 
[state-dump] Local id: -8908823517840299034 Local resources: {"total":{GPU: [10000], CPU: [40000], accelerator_type:RTX: [10000], node:155.103.252.95: [10000], object_store_memory: [1342177280000], CPU_group_0_f3ba560ba314739695465b8226bc01000000: [30000], GPU_group_f3ba560ba314739695465b8226bc01000000: [10000], bundle_group_f3ba560ba314739695465b8226bc01000000: [10000000], GPU_group_0_f3ba560ba314739695465b8226bc01000000: [10000], memory: [214748364800000], CPU_group_f3ba560ba314739695465b8226bc01000000: [30000], node:__internal_head__: [10000], bundle_group_0_f3ba560ba314739695465b8226bc01000000: [10000000]}}, "available": {GPU_group_0_f3ba560ba314739695465b8226bc01000000: [6667], memory: [214748364800000], CPU_group_f3ba560ba314739695465b8226bc01000000: [20000], node:__internal_head__: [10000], bundle_group_0_f3ba560ba314739695465b8226bc01000000: [9999990], GPU: [0], object_store_memory: [1342177280000], CPU: [10000], accelerator_type:RTX: [10000], node:155.103.252.95: [10000], CPU_group_0_f3ba560ba314739695465b8226bc01000000: [20000], GPU_group_f3ba560ba314739695465b8226bc01000000: [6667], bundle_group_f3ba560ba314739695465b8226bc01000000: [9999990]}}, "labels":{"ray.io/node-id":"277af84b2b5d71ad2a7e70d29a8ed4999b8fd317e697d7c11eee9704","ray.io/accelerator-type":"RTX",} is_draining: 0 is_idle: 0 Cluster resources (at most 20 nodes are shown): node id: -8908823517840299034{"total":{node:__internal_head__: 10000, node:155.103.252.95: 10000, object_store_memory: 1342177280000, CPU_group_0_f3ba560ba314739695465b8226bc01000000: 30000, bundle_group_f3ba560ba314739695465b8226bc01000000: 10000000, accelerator_type:RTX: 10000, CPU: 40000, bundle_group_0_f3ba560ba314739695465b8226bc01000000: 10000000, memory: 214748364800000, GPU_group_f3ba560ba314739695465b8226bc01000000: 10000, GPU_group_0_f3ba560ba314739695465b8226bc01000000: 10000, GPU: 10000, CPU_group_f3ba560ba314739695465b8226bc01000000: 30000}}, "available": {memory: 214748364800000, GPU_group_f3ba560ba314739695465b8226bc01000000: 6667, CPU: 10000, object_store_memory: 1342177280000, bundle_group_f3ba560ba314739695465b8226bc01000000: 9999990, node:155.103.252.95: 10000, node:__internal_head__: 10000, CPU_group_f3ba560ba314739695465b8226bc01000000: 20000, accelerator_type:RTX: 10000, CPU_group_0_f3ba560ba314739695465b8226bc01000000: 20000, GPU_group_0_f3ba560ba314739695465b8226bc01000000: 6667, bundle_group_0_f3ba560ba314739695465b8226bc01000000: 9999990}}, "labels":{"ray.io/accelerator-type":"RTX","ray.io/node-id":"277af84b2b5d71ad2a7e70d29a8ed4999b8fd317e697d7c11eee9704",}, "is_draining": 0, "draining_deadline_timestamp_ms": -1} { "placement group locations": [], "node to bundles": []}
[state-dump] Waiting leases size: 0
[state-dump] Number of granted lease arguments: 0
[state-dump] Number of pinned lease arguments: 0
[state-dump] Total size of pinned lease arguments: 0
[state-dump] Number of total spilled leases: 0
[state-dump] Number of spilled waiting leases: 0
[state-dump] Number of spilled unschedulable leases: 0
[state-dump] Resource usage {
[state-dump]     - (language=PYTHON actor_or_taskAgentLoopWorker.__init__ pid=3259567 worker_id=d7c80f2c768c576e0f9a86a1c047f4ed568f0369781b710971faa933): {}
[state-dump]     - (language=PYTHON actor_or_taskGlobalRequestLoadBalancer.__init__ pid=3259564 worker_id=4cbed1fd2cafd7b36cab8b57055bdb2cf787df1df73ef338b06a650c): {}
[state-dump]     - (language=PYTHON actor_or_taskvLLMHttpServer.__init__ pid=3256272 worker_id=b2299a78b45c32ec8b3ae9097e5da1a88decf2c0a51ff677487c2434): {}
[state-dump]     - (language=PYTHON actor_or_taskRewardLoopWorker.__init__ pid=3255575 worker_id=6d97e2372d46b676789637ba02f02224c0331148c7b5e363367e50f2): {}
[state-dump]     - (language=PYTHON actor_or_taskWorkerDict.__init__ pid=3253237 worker_id=bab214a57eea3593f7e864bdfa278b7661d04ed3cade72e65763a6fa): {CPU_group_f3ba560ba314739695465b8226bc01000000: 1, bundle_group_0_f3ba560ba314739695465b8226bc01000000: 0.001, GPU_group_f3ba560ba314739695465b8226bc01000000: 0.3333, CPU_group_0_f3ba560ba314739695465b8226bc01000000: 1, bundle_group_f3ba560ba314739695465b8226bc01000000: 0.001, GPU_group_0_f3ba560ba314739695465b8226bc01000000: 0.3333}
[state-dump]     - (language=PYTHON actor_or_taskTaskRunner.__init__ pid=3252623 worker_id=5b05b8f0807af7e2bd993410166a7d750b5bfecb0e341ee8c73cb4bf): {}
[state-dump] }
[state-dump] Backlog Size per scheduling descriptor :{workerId: num backlogs}:
[state-dump] 
[state-dump] Granted leases by scheduling class:
[state-dump] ==================================================
[state-dump] 
[state-dump] ClusterResources:
[state-dump] LocalObjectManager:
[state-dump] - num pinned objects: 0
[state-dump] - pinned objects size: 0
[state-dump] - num objects pending restore: 0
[state-dump] - num objects pending spill: 0
[state-dump] - num bytes pending spill: 0
[state-dump] - num bytes currently spilled: 0
[state-dump] - cumulative spill requests: 0
[state-dump] - cumulative restore requests: 0
[state-dump] - spilled objects pending delete: 0
[state-dump] 
[state-dump] ObjectManager:
[state-dump] - num local objects: 0
[state-dump] - num unfulfilled push requests: 0
[state-dump] - num object pull requests: 0
[state-dump] - num chunks received total: 0
[state-dump] - num chunks received failed (all): 0
[state-dump] - num chunks received failed / cancelled: 0
[state-dump] - num chunks received failed / plasma error: 0
[state-dump] Event stats:
[state-dump] Global stats: 4 total (0 active)
[state-dump] Queueing time: mean = 0.09ms, max = 0.20ms, min = 0.01ms, total = 0.37ms
[state-dump] Execution time:  mean = 0.01ms, total = 0.04ms
[state-dump] Event stats:
[state-dump] 	ObjectManager.FreeObjects - 4 total (0 active), Execution time: mean = 0.01ms, total = 0.04ms, Queueing time: mean = 0.09ms, max = 0.20ms, min = 0.01ms, total = 0.37ms
[state-dump] PushManager:
[state-dump] - num pushes remaining: 0
[state-dump] - num chunks in flight: 0
[state-dump] - num chunks remaining: 0
[state-dump] - max chunks allowed: 409
[state-dump] OwnershipBasedObjectDirectory:
[state-dump] - num listeners: 0
[state-dump] - cumulative location updates: 0
[state-dump] - num location updates per second: 0.000
[state-dump] - num location lookups per second: 0.000
[state-dump] - num locations added per second: 0.400
[state-dump] - num locations removed per second: 0.200
[state-dump] BufferPool:
[state-dump] - create buffer state map size: 0
[state-dump] PullManager:
[state-dump] - num bytes available for pulled objects: 134217728
[state-dump] - num bytes being pulled (all): 0
[state-dump] - num bytes being pulled / pinned: 0
[state-dump] - get request bundles: BundlePullRequestQueue{0 total, 0 active, 0 inactive, 0 unpullable}
[state-dump] - wait request bundles: BundlePullRequestQueue{0 total, 0 active, 0 inactive, 0 unpullable}
[state-dump] - task request bundles: BundlePullRequestQueue{0 total, 0 active, 0 inactive, 0 unpullable}
[state-dump] - first get request bundle: N/A
[state-dump] - first wait request bundle: N/A
[state-dump] - first task request bundle: N/A
[state-dump] - num objects queued: 0
[state-dump] - num objects actively pulled (all): 0
[state-dump] - num objects actively pulled / pinned: 0
[state-dump] - num bundles being pulled: 0
[state-dump] - num pull retries: 0
[state-dump] - max timeout seconds: 0
[state-dump] - max timeout request is already processed. No entry.
[state-dump] 
[state-dump] WorkerPool:
[state-dump] - registered jobs: 1
[state-dump] - process_failed_job_config_missing: 0
[state-dump] - process_failed_rate_limited: 0
[state-dump] - process_failed_pending_registration: 0
[state-dump] - process_failed_runtime_env_setup_failed: 0
[state-dump] - num PYTHON workers: 7
[state-dump] - num PYTHON drivers: 1
[state-dump] - num PYTHON pending start requests: 0
[state-dump] - num PYTHON pending registration requests: 0
[state-dump] - num object spill callbacks queued: 0
[state-dump] - num object restore queued: 0
[state-dump] - num util functions queued: 0
[state-dump] - num JAVA workers: 0
[state-dump] - num JAVA drivers: 0
[state-dump] - num JAVA pending start requests: 0
[state-dump] - num JAVA pending registration requests: 0
[state-dump] - num object spill callbacks queued: 0
[state-dump] - num object restore queued: 0
[state-dump] - num util functions queued: 0
[state-dump] - num idle workers: 1
[state-dump] LeaseDependencyManager:
[state-dump] - lease deps map size: 0
[state-dump] - get req map size: 0
[state-dump] - wait req map size: 0
[state-dump] - local objects map size: 0
[state-dump] WaitManager:
[state-dump] - num active wait requests: 0
[state-dump] Subscriber:
[state-dump] Channel WORKER_OBJECT_EVICTION
[state-dump] - cumulative subscribe requests: 4
[state-dump] - cumulative unsubscribe requests: 4
[state-dump] - active subscribed publishers: 0
[state-dump] - cumulative published messages: 4
[state-dump] - cumulative processed messages: 4
[state-dump] Channel WORKER_REF_REMOVED_CHANNEL
[state-dump] - cumulative subscribe requests: 0
[state-dump] - cumulative unsubscribe requests: 0
[state-dump] - active subscribed publishers: 0
[state-dump] - cumulative published messages: 0
[state-dump] - cumulative processed messages: 0
[state-dump] Channel WORKER_OBJECT_LOCATIONS_CHANNEL
[state-dump] - cumulative subscribe requests: 4
[state-dump] - cumulative unsubscribe requests: 4
[state-dump] - active subscribed publishers: 0
[state-dump] - cumulative published messages: 0
[state-dump] - cumulative processed messages: 0
[state-dump] num async plasma notifications: 0
[state-dump] Event stats:
[state-dump] Global stats: 3691 total (23 active)
[state-dump] Queueing time: mean = 24.09ms, max = 33132.48ms, min = 0.00ms, total = 88899.77ms
[state-dump] Execution time:  mean = 7.12ms, total = 26277.37ms
[state-dump] Event stats:
[state-dump] 	ObjectManager.UpdateAvailableMemory - 600 total (0 active), Execution time: mean = 0.00ms, total = 1.15ms, Queueing time: mean = 0.02ms, max = 2.76ms, min = 0.00ms, total = 9.95ms
[state-dump] 	NodeManager.CheckGC - 600 total (1 active), Execution time: mean = 0.00ms, total = 1.73ms, Queueing time: mean = 0.06ms, max = 3.60ms, min = 0.00ms, total = 36.59ms
[state-dump] 	RaySyncer.OnDemandBroadcasting - 600 total (1 active), Execution time: mean = 0.01ms, total = 7.86ms, Queueing time: mean = 0.05ms, max = 3.59ms, min = 0.00ms, total = 30.66ms
[state-dump] 	NodeManagerService.grpc_server.ReportWorkerBacklog.HandleRequestImpl - 365 total (0 active), Execution time: mean = 0.04ms, total = 14.67ms, Queueing time: mean = 0.04ms, max = 5.94ms, min = 0.00ms, total = 14.49ms
[state-dump] 	NodeManagerService.grpc_server.ReportWorkerBacklog - 365 total (0 active), Execution time: mean = 0.21ms, total = 75.82ms, Queueing time: mean = 0.00ms, max = -0.00ms, min = 9223372036854.78ms, total = 0.00ms
[state-dump] 	RayletWorkerPool.deadline_timer.kill_idle_workers - 300 total (1 active), Execution time: mean = 0.01ms, total = 3.56ms, Queueing time: mean = 0.06ms, max = 3.53ms, min = 0.00ms, total = 19.37ms
[state-dump] 	ClientConnection.async_read.ProcessMessageHeader - 70 total (8 active), Execution time: mean = 0.00ms, total = 0.17ms, Queueing time: mean = 1247.50ms, max = 33132.48ms, min = 0.00ms, total = 87325.20ms
[state-dump] 	ClientConnection.async_read.ProcessMessage - 62 total (0 active), Execution time: mean = 0.34ms, total = 21.20ms, Queueing time: mean = 0.00ms, max = 0.02ms, min = 0.00ms, total = 0.22ms
[state-dump] 	NodeManager.CheckForUnexpectedWorkerDisconnects - 60 total (1 active), Execution time: mean = 0.01ms, total = 0.66ms, Queueing time: mean = 0.10ms, max = 2.91ms, min = 0.00ms, total = 5.94ms
[state-dump] 	NodeManagerService.grpc_server.GetResourceLoad.HandleRequestImpl - 60 total (0 active), Execution time: mean = 0.06ms, total = 3.89ms, Queueing time: mean = 0.02ms, max = 0.38ms, min = 0.00ms, total = 1.14ms
[state-dump] 	NodeManager.ScheduleAndGrantLeases - 60 total (1 active), Execution time: mean = 0.01ms, total = 0.58ms, Queueing time: mean = 0.10ms, max = 2.92ms, min = 0.00ms, total = 6.09ms
[state-dump] 	NodeManager.deadline_timer.spill_objects_when_over_threshold - 60 total (1 active), Execution time: mean = 0.00ms, total = 0.08ms, Queueing time: mean = 0.31ms, max = 5.86ms, min = 0.00ms, total = 18.35ms
[state-dump] 	NodeManager.deadline_timer.flush_free_objects - 60 total (1 active), Execution time: mean = 0.01ms, total = 0.59ms, Queueing time: mean = 0.30ms, max = 5.86ms, min = 0.00ms, total = 17.89ms
[state-dump] 	NodeManagerService.grpc_server.GetResourceLoad - 60 total (0 active), Execution time: mean = 0.23ms, total = 13.94ms, Queueing time: mean = 0.00ms, max = -0.00ms, min = 9223372036854.78ms, total = 0.00ms
[state-dump] 	ClusterResourceManager.ResetRemoteNodeView - 21 total (1 active), Execution time: mean = 0.01ms, total = 0.11ms, Queueing time: mean = 0.10ms, max = 1.77ms, min = 0.01ms, total = 2.06ms
[state-dump] 	 - 16 total (0 active), Execution time: mean = 0.00ms, total = 0.01ms, Queueing time: mean = 0.02ms, max = 0.11ms, min = 0.00ms, total = 0.31ms
[state-dump] 	ObjectManager.ObjectAdded - 16 total (0 active), Execution time: mean = 0.06ms, total = 1.03ms, Queueing time: mean = 0.01ms, max = 0.01ms, min = 0.00ms, total = 0.13ms
[state-dump] 	CoreWorkerService.grpc_client.PubsubCommandBatch.OnReplyReceived - 16 total (0 active), Execution time: mean = 0.01ms, total = 0.22ms, Queueing time: mean = 0.02ms, max = 0.07ms, min = 0.00ms, total = 0.36ms
[state-dump] 	CoreWorkerService.grpc_client.PubsubCommandBatch - 16 total (0 active), Execution time: mean = 0.49ms, total = 7.81ms, Queueing time: mean = 0.00ms, max = -0.00ms, min = 9223372036854.78ms, total = 0.00ms
[state-dump] 	ObjectManager.ObjectDeleted - 16 total (0 active), Execution time: mean = 0.04ms, total = 0.68ms, Queueing time: mean = 0.03ms, max = 0.08ms, min = 0.01ms, total = 0.45ms
[state-dump] 	RaySyncer.BroadcastMessage - 16 total (0 active), Execution time: mean = 0.16ms, total = 2.57ms, Queueing time: mean = 0.00ms, max = 0.00ms, min = 0.00ms, total = 0.01ms
[state-dump] 	PeriodicalRunner.RunFnPeriodically - 13 total (0 active), Execution time: mean = 0.10ms, total = 1.27ms, Queueing time: mean = 106.40ms, max = 459.11ms, min = 0.03ms, total = 1383.23ms
[state-dump] 	ClientConnection.async_write.DoAsyncWrites - 13 total (0 active), Execution time: mean = 0.00ms, total = 0.01ms, Queueing time: mean = 0.01ms, max = 0.04ms, min = 0.01ms, total = 0.14ms
[state-dump] 	NodeManager.deadline_timer.record_metrics - 12 total (1 active), Execution time: mean = 0.12ms, total = 1.42ms, Queueing time: mean = 1.36ms, max = 5.92ms, min = 0.00ms, total = 16.27ms
[state-dump] 	NodeManagerService.grpc_server.GetSystemConfig.HandleRequestImpl - 12 total (0 active), Execution time: mean = 0.03ms, total = 0.38ms, Queueing time: mean = 0.01ms, max = 0.02ms, min = 0.01ms, total = 0.11ms
[state-dump] 	NodeManagerService.grpc_server.GetWorkerPIDs - 12 total (0 active), Execution time: mean = 0.20ms, total = 2.35ms, Queueing time: mean = 0.00ms, max = -0.00ms, min = 9223372036854.78ms, total = 0.00ms
[state-dump] 	NodeManagerService.grpc_server.GetAgentPIDs - 12 total (0 active), Execution time: mean = 0.15ms, total = 1.78ms, Queueing time: mean = 0.00ms, max = -0.00ms, min = 9223372036854.78ms, total = 0.00ms
[state-dump] 	NodeManagerService.grpc_server.GetWorkerPIDs.HandleRequestImpl - 12 total (0 active), Execution time: mean = 0.05ms, total = 0.61ms, Queueing time: mean = 0.01ms, max = 0.02ms, min = 0.01ms, total = 0.16ms
[state-dump] 	NodeManagerService.grpc_server.GetSystemConfig - 12 total (0 active), Execution time: mean = 0.14ms, total = 1.71ms, Queueing time: mean = 0.00ms, max = -0.00ms, min = 9223372036854.78ms, total = 0.00ms
[state-dump] 	NodeManagerService.grpc_server.GetAgentPIDs.HandleRequestImpl - 12 total (0 active), Execution time: mean = 0.02ms, total = 0.20ms, Queueing time: mean = 0.04ms, max = 0.20ms, min = 0.00ms, total = 0.49ms
[state-dump] 	CoreWorkerService.grpc_client.PubsubLongPolling - 9 total (1 active), Execution time: mean = 1325.15ms, total = 11926.38ms, Queueing time: mean = 0.00ms, max = -0.00ms, min = 9223372036854.78ms, total = 0.00ms
[state-dump] 	CoreWorkerService.grpc_client.UpdateObjectLocationBatch.OnReplyReceived - 8 total (0 active), Execution time: mean = 0.02ms, total = 0.12ms, Queueing time: mean = 0.03ms, max = 0.21ms, min = 0.00ms, total = 0.27ms
[state-dump] 	CoreWorkerService.grpc_client.UpdateObjectLocationBatch - 8 total (0 active), Execution time: mean = 0.91ms, total = 7.28ms, Queueing time: mean = 0.00ms, max = -0.00ms, min = 9223372036854.78ms, total = 0.00ms
[state-dump] 	event_loop_lag_probe - 8 total (0 active), Execution time: mean = 0.01ms, total = 0.06ms, Queueing time: mean = 0.55ms, max = 4.40ms, min = 0.00ms, total = 4.42ms
[state-dump] 	CoreWorkerService.grpc_client.PubsubLongPolling.OnReplyReceived - 8 total (0 active), Execution time: mean = 0.08ms, total = 0.61ms, Queueing time: mean = 0.02ms, max = 0.07ms, min = 0.00ms, total = 0.16ms
[state-dump] 	NodeManagerService.grpc_server.RequestWorkerLease.HandleRequestImpl - 7 total (0 active), Execution time: mean = 0.12ms, total = 0.87ms, Queueing time: mean = 0.01ms, max = 0.01ms, min = 0.01ms, total = 0.06ms
[state-dump] 	NodeManagerService.grpc_server.RequestWorkerLease - 7 total (0 active), Execution time: mean = 432.37ms, total = 3026.57ms, Queueing time: mean = 0.00ms, max = -0.00ms, min = 9223372036854.78ms, total = 0.00ms
[state-dump] 	NodeManager.deadline_timer.debug_state_dump - 6 total (1 active), Execution time: mean = 2.44ms, total = 14.62ms, Queueing time: mean = 0.49ms, max = 2.88ms, min = 0.00ms, total = 2.92ms
[state-dump] 	ray::rpc::InternalPubSubGcsService.grpc_client.GcsSubscriberPoll - 6 total (1 active), Execution time: mean = 1768.94ms, total = 10613.63ms, Queueing time: mean = 0.00ms, max = -0.00ms, min = 9223372036854.78ms, total = 0.00ms
[state-dump] 	ray::rpc::InternalPubSubGcsService.grpc_client.GcsSubscriberPoll.OnReplyReceived - 5 total (0 active), Execution time: mean = 0.08ms, total = 0.41ms, Queueing time: mean = 0.03ms, max = 0.09ms, min = 0.00ms, total = 0.13ms
[state-dump] 	Subscriber.HandlePublishedMessage_WORKER_OBJECT_EVICTION - 4 total (0 active), Execution time: mean = 0.05ms, total = 0.20ms, Queueing time: mean = 0.10ms, max = 0.13ms, min = 0.08ms, total = 0.42ms
[state-dump] 	ray::rpc::WorkerInfoGcsService.grpc_client.ReportWorkerFailure.OnReplyReceived - 4 total (0 active), Execution time: mean = 0.01ms, total = 0.04ms, Queueing time: mean = 0.08ms, max = 0.12ms, min = 0.01ms, total = 0.30ms
[state-dump] 	CoreWorkerService.grpc_client.Exit - 4 total (0 active), Execution time: mean = 5.18ms, total = 20.74ms, Queueing time: mean = 0.00ms, max = -0.00ms, min = 9223372036854.78ms, total = 0.00ms
[state-dump] 	CoreWorkerService.grpc_client.ActorCallArgWaitComplete - 4 total (0 active), Execution time: mean = 0.49ms, total = 1.95ms, Queueing time: mean = 0.00ms, max = -0.00ms, min = 9223372036854.78ms, total = 0.00ms
[state-dump] 	ray::rpc::WorkerInfoGcsService.grpc_client.ReportWorkerFailure - 4 total (0 active), Execution time: mean = 3.81ms, total = 15.22ms, Queueing time: mean = 0.00ms, max = -0.00ms, min = 9223372036854.78ms, total = 0.00ms
[state-dump] 	CoreWorkerService.grpc_client.ActorCallArgWaitComplete.OnReplyReceived - 4 total (0 active), Execution time: mean = 0.01ms, total = 0.02ms, Queueing time: mean = 0.04ms, max = 0.06ms, min = 0.02ms, total = 0.15ms
[state-dump] 	CoreWorkerService.grpc_client.Exit.OnReplyReceived - 4 total (0 active), Execution time: mean = 0.01ms, total = 0.05ms, Queueing time: mean = 0.01ms, max = 0.01ms, min = 0.01ms, total = 0.03ms
[state-dump] 	Subscriber.HandlePublishedMessage_GCS_WORKER_DELTA_CHANNEL - 4 total (0 active), Execution time: mean = 0.01ms, total = 0.02ms, Queueing time: mean = 0.09ms, max = 0.12ms, min = 0.05ms, total = 0.34ms
[state-dump] 	NodeManagerService.grpc_server.PinObjectIDs.HandleRequestImpl - 4 total (0 active), Execution time: mean = 0.22ms, total = 0.88ms, Queueing time: mean = 0.02ms, max = 0.04ms, min = 0.00ms, total = 0.07ms
[state-dump] 	NodeManagerService.grpc_server.PinObjectIDs - 4 total (0 active), Execution time: mean = 0.34ms, total = 1.35ms, Queueing time: mean = 0.00ms, max = -0.00ms, min = 9223372036854.78ms, total = 0.00ms
[state-dump] 	ray::rpc::InternalPubSubGcsService.grpc_client.GcsSubscriberCommandBatch.OnReplyReceived - 2 total (0 active), Execution time: mean = 0.14ms, total = 0.28ms, Queueing time: mean = 0.09ms, max = 0.13ms, min = 0.05ms, total = 0.18ms
[state-dump] 	RaySyncerRegister - 2 total (0 active), Execution time: mean = 0.00ms, total = 0.01ms, Queueing time: mean = 0.00ms, max = 0.00ms, min = 0.00ms, total = 0.00ms
[state-dump] 	ray::rpc::InternalPubSubGcsService.grpc_client.GcsSubscriberCommandBatch - 2 total (0 active), Execution time: mean = 1.06ms, total = 2.12ms, Queueing time: mean = 0.00ms, max = -0.00ms, min = 9223372036854.78ms, total = 0.00ms
[state-dump] 	NodeManagerService.grpc_server.ReturnWorkerLease.HandleRequestImpl - 1 total (0 active), Execution time: mean = 0.07ms, total = 0.07ms, Queueing time: mean = 0.01ms, max = 0.01ms, min = 0.01ms, total = 0.01ms
[state-dump] 	ray::rpc::JobInfoGcsService.grpc_client.AddJob.OnReplyReceived - 1 total (0 active), Execution time: mean = 0.02ms, total = 0.02ms, Queueing time: mean = 0.08ms, max = 0.08ms, min = 0.08ms, total = 0.08ms
[state-dump] 	ray::rpc::NodeInfoGcsService.grpc_client.GetAllNodeAddressAndLiveness - 1 total (0 active), Execution time: mean = 0.34ms, total = 0.34ms, Queueing time: mean = 0.00ms, max = -0.00ms, min = 9223372036854.78ms, total = 0.00ms
[state-dump] 	ray::rpc::NodeInfoGcsService.grpc_client.GetAllNodeAddressAndLiveness.OnReplyReceived - 1 total (0 active), Execution time: mean = 0.17ms, total = 0.17ms, Queueing time: mean = 0.01ms, max = 0.01ms, min = 0.01ms, total = 0.01ms
[state-dump] 	ray::rpc::InternalKVGcsService.grpc_client.GetInternalConfig - 1 total (0 active), Execution time: mean = 1.60ms, total = 1.60ms, Queueing time: mean = 0.00ms, max = -0.00ms, min = 9223372036854.78ms, total = 0.00ms
[state-dump] 	Subscriber.HandlePublishedMessage_GCS_JOB_CHANNEL - 1 total (0 active), Execution time: mean = 0.02ms, total = 0.02ms, Queueing time: mean = 0.09ms, max = 0.09ms, min = 0.09ms, total = 0.09ms
[state-dump] 	ReporterService.grpc_client.HealthCheck - 1 total (0 active), Execution time: mean = 7.65ms, total = 7.65ms, Queueing time: mean = 0.00ms, max = -0.00ms, min = 9223372036854.78ms, total = 0.00ms
[state-dump] 	ray::rpc::NodeInfoGcsService.grpc_client.CheckAlive.OnReplyReceived - 1 total (0 active), Execution time: mean = 0.01ms, total = 0.01ms, Queueing time: mean = 0.24ms, max = 0.24ms, min = 0.24ms, total = 0.24ms
[state-dump] 	ray::rpc::NodeInfoGcsService.grpc_client.CheckAlive - 1 total (0 active), Execution time: mean = 0.76ms, total = 0.76ms, Queueing time: mean = 0.00ms, max = -0.00ms, min = 9223372036854.78ms, total = 0.00ms
[state-dump] 	ReporterService.grpc_client.HealthCheck.OnReplyReceived - 1 total (0 active), Execution time: mean = 0.12ms, total = 0.12ms, Queueing time: mean = 0.02ms, max = 0.02ms, min = 0.02ms, total = 0.02ms
[state-dump] 	NodeManagerService.grpc_server.ReturnWorkerLease - 1 total (0 active), Execution time: mean = 0.24ms, total = 0.24ms, Queueing time: mean = 0.00ms, max = -0.00ms, min = 9223372036854.78ms, total = 0.00ms
[state-dump] 	ray::rpc::NodeInfoGcsService.grpc_client.RegisterNode.OnReplyReceived - 1 total (0 active), Execution time: mean = 0.16ms, total = 0.16ms, Queueing time: mean = 0.02ms, max = 0.02ms, min = 0.02ms, total = 0.02ms
[state-dump] 	ray::rpc::JobInfoGcsService.grpc_client.AddJob - 1 total (0 active), Execution time: mean = 0.57ms, total = 0.57ms, Queueing time: mean = 0.00ms, max = -0.00ms, min = 9223372036854.78ms, total = 0.00ms
[state-dump] 	NodeManagerService.grpc_server.CommitBundleResources.HandleRequestImpl - 1 total (0 active), Execution time: mean = 0.14ms, total = 0.14ms, Queueing time: mean = 0.00ms, max = 0.00ms, min = 0.00ms, total = 0.00ms
[state-dump] 	ray::rpc::InternalKVGcsService.grpc_client.GetInternalConfig.OnReplyReceived - 1 total (0 active), Execution time: mean = 461.82ms, total = 461.82ms, Queueing time: mean = 0.00ms, max = 0.00ms, min = 0.00ms, total = 0.00ms
[state-dump] 	NodeManager.GCTaskFailureReason - 1 total (1 active), Execution time: mean = 0.00ms, total = 0.00ms, Queueing time: mean = 0.00ms, max = -0.00ms, min = 9223372036854.78ms, total = 0.00ms
[state-dump] 	NodeManagerService.grpc_server.PrepareBundleResources.HandleRequestImpl - 1 total (0 active), Execution time: mean = 0.15ms, total = 0.15ms, Queueing time: mean = 0.16ms, max = 0.16ms, min = 0.16ms, total = 0.16ms
[state-dump] 	NodeManagerService.grpc_server.PrepareBundleResources - 1 total (0 active), Execution time: mean = 0.40ms, total = 0.40ms, Queueing time: mean = 0.00ms, max = -0.00ms, min = 9223372036854.78ms, total = 0.00ms
[state-dump] 	NodeManager.deadline_timer.print_event_loop_stats - 1 total (1 active, 1 running), Execution time: mean = 0.00ms, total = 0.00ms, Queueing time: mean = 0.00ms, max = -0.00ms, min = 9223372036854.78ms, total = 0.00ms
[state-dump] 	ray::rpc::NodeInfoGcsService.grpc_client.RegisterNode - 1 total (0 active), Execution time: mean = 1.24ms, total = 1.24ms, Queueing time: mean = 0.00ms, max = -0.00ms, min = 9223372036854.78ms, total = 0.00ms
[state-dump] 	NodeManager.GcsCheckAlive - 1 total (1 active), Execution time: mean = 0.00ms, total = 0.00ms, Queueing time: mean = 0.00ms, max = -0.00ms, min = 9223372036854.78ms, total = 0.00ms
[state-dump] 	NodeManagerService.grpc_server.CommitBundleResources - 1 total (0 active), Execution time: mean = 0.18ms, total = 0.18ms, Queueing time: mean = 0.00ms, max = -0.00ms, min = 9223372036854.78ms, total = 0.00ms
[state-dump] 	ray::rpc::JobInfoGcsService.grpc_client.GetAllJobInfo.OnReplyReceived - 1 total (0 active), Execution time: mean = 0.01ms, total = 0.01ms, Queueing time: mean = 0.04ms, max = 0.04ms, min = 0.04ms, total = 0.04ms
[state-dump] 	ray::rpc::JobInfoGcsService.grpc_client.GetAllJobInfo - 1 total (0 active), Execution time: mean = 0.22ms, total = 0.22ms, Queueing time: mean = 0.00ms, max = -0.00ms, min = 9223372036854.78ms, total = 0.00ms
[state-dump] DebugString() time ms: 1
[state-dump] 
[state-dump] 
[2026-09-09 05:16:42,328 I 3252022 3252022] (raylet) main.cc:1143: received SIGTERM. Existing local drain request = None
[2026-09-09 05:16:42,328 I 3252022 3252022] (raylet) main.cc:473: Raylet graceful shutdown triggered with death info: reason: EXPECTED_TERMINATION
reason_message: "received SIGTERM"

[2026-09-09 05:16:42,328 I 3252022 3252022] (raylet) accessor.cc:188: Unregistering node node_id=277af84b2b5d71ad2a7e70d29a8ed4999b8fd317e697d7c11eee9704
[2026-09-09 05:16:42,331 I 3252022 3252022] (raylet) accessor.cc:196: Finished unregistering node info, status = OK node_id=277af84b2b5d71ad2a7e70d29a8ed4999b8fd317e697d7c11eee9704
[2026-09-09 05:16:42,331 W 3252022 3252045] (raylet) store.cc:365: Disconnecting client due to connection error with code 2: End of file
[2026-09-09 05:16:42,335 I 3252022 3252022] (raylet) agent_manager.cc:116: Killing agent dashboard_agent, pid 3252073.
[2026-09-09 05:16:42,349 I 3252022 3252074] (raylet) agent_manager.cc:83: Agent process with name dashboard_agent exited, exit code 0.
[2026-09-09 05:16:42,351 I 3252022 3252022] (raylet) agent_manager.cc:116: Killing agent runtime_env_agent, pid 3252075.
[2026-09-09 05:16:42,358 I 3252022 3252076] (raylet) agent_manager.cc:83: Agent process with name runtime_env_agent exited, exit code 0.
[2026-09-09 05:16:42,360 W 3252022 3263634] (raylet) open_telemetry_metric_recorder.cc:67: Failed to export metrics to the metrics agent. Result: 1
[2026-09-09 05:16:42,360 I 3252022 3252022] (raylet) stats.h:164: Stats module has shutdown.
