Collecting sglang-router==0.3.2
  Downloading sglang_router-0.3.2-cp38-abi3-manylinux_2_17_x86_64.manylinux2014_x86_64.whl (30.7 MB)
     ━━━━━━━━━━━━━━━━━━━━━━━━━━━━━━━━━━━━━━━━ 30.7/30.7 MB 70.3 MB/s eta 0:00:00
Collecting fastapi
  Downloading fastapi-0.141.1-py3-none-any.whl (131 kB)
     ━━━━━━━━━━━━━━━━━━━━━━━━━━━━━━━━━━━━━━━ 132.0/132.0 KB 5.2 MB/s eta 0:00:00
Collecting aiohttp
  Downloading aiohttp-3.14.3-cp310-cp310-manylinux2014_x86_64.manylinux_2_17_x86_64.manylinux_2_28_x86_64.whl (1.7 MB)
     ━━━━━━━━━━━━━━━━━━━━━━━━━━━━━━━━━━━━━━━━ 1.7/1.7 MB 62.5 MB/s eta 0:00:00
Collecting setproctitle
  Downloading setproctitle-1.3.7-cp310-cp310-manylinux1_x86_64.manylinux_2_28_x86_64.manylinux_2_5_x86_64.whl (31 kB)
Collecting uvicorn
  Downloading uvicorn-0.52.4-py3-none-any.whl (79 kB)
     ━━━━━━━━━━━━━━━━━━━━━━━━━━━━━━━━━━━━━━━━ 79.9/79.9 KB 18.2 MB/s eta 0:00:00
Collecting orjson
  Downloading orjson-3.12.0-cp310-cp310-manylinux_2_17_x86_64.manylinux2014_x86_64.whl (131 kB)
     ━━━━━━━━━━━━━━━━━━━━━━━━━━━━━━━━━━━━━━ 131.5/131.5 KB 17.3 MB/s eta 0:00:00
Collecting aiosignal>=1.4.0
  Downloading aiosignal-1.4.0-py3-none-any.whl (7.5 kB)
Collecting yarl<2.0,>=1.17.0
  Downloading yarl-1.24.5-cp310-cp310-manylinux2014_x86_64.manylinux_2_17_x86_64.manylinux_2_28_x86_64.whl (110 kB)
     ━━━━━━━━━━━━━━━━━━━━━━━━━━━━━━━━━━━━━━ 110.8/110.8 KB 25.6 MB/s eta 0:00:00
Collecting frozenlist>=1.1.1
  Downloading frozenlist-1.8.0-cp310-cp310-manylinux1_x86_64.manylinux_2_28_x86_64.manylinux_2_5_x86_64.whl (219 kB)
     ━━━━━━━━━━━━━━━━━━━━━━━━━━━━━━━━━━━━━━ 219.5/219.5 KB 15.8 MB/s eta 0:00:00
Collecting async-timeout<6.0,>=4.0
  Downloading async_timeout-5.0.1-py3-none-any.whl (6.2 kB)
Collecting typing_extensions>=4.4
  Using cached typing_extensions-4.16.0-py3-none-any.whl (45 kB)
Collecting attrs>=17.3.0
  Using cached attrs-26.1.0-py3-none-any.whl (67 kB)
Collecting multidict<7.0,>=4.5
  Downloading multidict-6.7.1-cp310-cp310-manylinux2014_x86_64.manylinux_2_17_x86_64.manylinux_2_28_x86_64.whl (243 kB)
     ━━━━━━━━━━━━━━━━━━━━━━━━━━━━━━━━━━━━━━ 243.3/243.3 KB 20.0 MB/s eta 0:00:00
Collecting propcache>=0.2.0
  Downloading propcache-0.5.2-cp310-cp310-manylinux2014_x86_64.manylinux_2_17_x86_64.manylinux_2_28_x86_64.whl (60 kB)
     ━━━━━━━━━━━━━━━━━━━━━━━━━━━━━━━━━━━━━━━━ 60.1/60.1 KB 2.6 MB/s eta 0:00:00
Collecting aiohappyeyeballs>=2.5.0
  Downloading aiohappyeyeballs-2.7.1-py3-none-any.whl (15 kB)
Collecting pydantic>=2.9.0
  Downloading pydantic-2.13.5-py3-none-any.whl (472 kB)
     ━━━━━━━━━━━━━━━━━━━━━━━━━━━━━━━━━━━━━━ 472.6/472.6 KB 32.3 MB/s eta 0:00:00
Collecting typing-inspection>=0.4.2
  Downloading typing_inspection-0.4.4-py3-none-any.whl (14 kB)
Collecting starlette>=0.46.0
  Downloading starlette-1.6.0-py3-none-any.whl (75 kB)
     ━━━━━━━━━━━━━━━━━━━━━━━━━━━━━━━━━━━━━━━━ 76.0/76.0 KB 16.7 MB/s eta 0:00:00
Collecting annotated-doc>=0.0.2
  Downloading annotated_doc-0.0.5-py3-none-any.whl (5.3 kB)
Collecting h11>=0.8
  Using cached h11-0.16.0-py3-none-any.whl (37 kB)
Collecting click>=7.0
  Downloading click-8.5.0-py3-none-any.whl (125 kB)
     ━━━━━━━━━━━━━━━━━━━━━━━━━━━━━━━━━━━━━━ 125.3/125.3 KB 25.2 MB/s eta 0:00:00
Collecting pydantic-core==2.46.5
  Downloading pydantic_core-2.46.5-cp310-cp310-manylinux_2_17_x86_64.manylinux2014_x86_64.whl (2.1 MB)
     ━━━━━━━━━━━━━━━━━━━━━━━━━━━━━━━━━━━━━━━━ 2.1/2.1 MB 69.9 MB/s eta 0:00:00
Collecting annotated-types>=0.6.0
  Using cached annotated_types-0.8.0-py3-none-any.whl (13 kB)
Collecting anyio<5,>=3.6.2
  Downloading anyio-4.15.1-py3-none-any.whl (132 kB)
     ━━━━━━━━━━━━━━━━━━━━━━━━━━━━━━━━━━━━━━ 132.1/132.1 KB 27.0 MB/s eta 0:00:00
Collecting idna>=2.0
  Downloading idna-3.19-py3-none-any.whl (68 kB)
     ━━━━━━━━━━━━━━━━━━━━━━━━━━━━━━━━━━━━━━━━ 68.5/68.5 KB 13.7 MB/s eta 0:00:00
Collecting exceptiongroup>=1.0.2
  Using cached exceptiongroup-1.3.1-py3-none-any.whl (16 kB)
Installing collected packages: typing_extensions, setproctitle, propcache, orjson, idna, h11, frozenlist, click, attrs, async-timeout, annotated-types, annotated-doc, aiohappyeyeballs, uvicorn, typing-inspection, pydantic-core, multidict, exceptiongroup, aiosignal, yarl, pydantic, anyio, starlette, aiohttp, fastapi, sglang-router
Successfully installed aiohappyeyeballs-2.7.1 aiohttp-3.14.3 aiosignal-1.4.0 annotated-doc-0.0.5 annotated-types-0.8.0 anyio-4.15.1 async-timeout-5.0.1 attrs-26.1.0 click-8.5.0 exceptiongroup-1.3.1 fastapi-0.141.1 frozenlist-1.8.0 h11-0.16.0 idna-3.19 multidict-6.7.1 orjson-3.12.0 propcache-0.5.2 pydantic-2.13.5 pydantic-core-2.46.5 setproctitle-1.3.7 sglang-router-0.3.2 starlette-1.6.0 typing-inspection-0.4.4 typing_extensions-4.16.0 uvicorn-0.52.4 yarl-1.24.5
