{
  "id": "v4-prefix-flash-6144-2048",
  "summary": {
    "matrix_flops_effective_attention": 60270873411584,
    "matrix_flops_with_reference_sparse_and_expert_tiles": 884744027897856,
    "accounted_scalar_flops": 1351190939136,
    "vocabulary_head_matrix_flops": 2168958484480,
    "accounted_special_ops": {
      "rsqrt": 6190400,
      "abs": 398110720,
      "amax_compare": 386363712,
      "scale_floor_compare": 11747008,
      "clamp_bound_compare": 796221440,
      "power_of_two_scale_bit_round": 11747008,
      "fp8_encode": 44412928,
      "fp8_decode": 44412928,
      "exp": 2418868224,
      "compare_max": 2369568768,
      "fp4_encode": 353697792,
      "fp4_decode": 353697792,
      "relu_compare": 4931813376,
      "topk_rows": 124928,
      "topk_candidates": 98031104,
      "softplus": 22544384,
      "sqrt": 22544384,
      "integer_lookup_entries": 36864,
      "silu": 1262485504,
      "clamp_bound_comparisons": 3787456512,
      "sigmoid": 1417216
    },
    "known_interface_totals": {
      "gathered_kv_bytes": 36419469312,
      "query_read_bytes": 5771362304,
      "output_write_bytes": 5771362304,
      "index_read_bytes": 142263552,
      "sink_read_bytes": 22544384,
      "embedding_lookup_payload_bytes": 16777216,
      "attention_uniform_bf16_matrix_weight_payload_bytes": 20827370160128,
      "expert_uniform_bf16_matrix_weight_payload_bytes": 31211527340032,
      "routed_expert_actual_packed_and_scale_payload_bytes": 7064147460096,
      "hc_fp32_parameter_payload_bytes": 277581324288,
      "vocabulary_head_uniform_bf16_weight_payload_bytes": 2168958484480,
      "window_slot_write_bytes": 90177536,
      "completed_cache_entry_write_bytes": 14090240,
      "index_scan_payload_bytes": 19727253504,
      "compressor_fp32_slot_write_bytes": 608174080,
      "overlap_roll_fp32_read_bytes": 440401920,
      "overlap_roll_fp32_write_bytes": 440401920
    },
    "forward_calls": 2048,
    "vocabulary_head_calls": 2048,
    "useful_final_vocabulary_heads": 1,
    "discarded_intermediate_vocabulary_heads": 2047,
    "initial_state_resident_bytes": 60112896,
    "final_state_resident_bytes": 74203136,
    "state_growth_bytes": 14090240,
    "complete_hbm_traffic_bytes": null,
    "complete_runtime_resident_bytes": null,
    "complete_scalar_flops": null,
    "predicted_latency_seconds": null
  },
  "boundaries": {
    "4": {
      "count": 512,
      "first": 6148,
      "last": 8192
    },
    "128": {
      "count": 16,
      "first": 6272,
      "last": 8192
    }
  }
}
