Failed to get device capability: SM 12.x requires CUDA >= 12.9.
Failed to get device capability: SM 12.x requires CUDA >= 12.9.
CASE smoke
CASE main_m1
CASE main_m8
CASE only_expert_0
CASE only_expert_1
CASE only_expert_2
CASE only_expert_3
CASE only_expert_4
CASE only_expert_5
CASE zero_routes
CASE padded_slot
CASE zero_slot
CASE permuted_slots
CASE unclamped
CASE active_clamp
/home/ubuntu/ai-infra-book-experiments/tools/sglang0513-venv/lib/python3.10/site-packages/torch/profiler/profiler.py:224: UserWarning: Warning: Profiler clears events at the end of each cycle.Only events from the current cycle will be reported.To keep events across cycles, set acc_events=True.
  _warn_once(
RUN COMPLETE
