{
  "accepted": 30,
  "expected_failures": 10,
  "mutation_rejected": [
    "duplicate_consume",
    "missing_cancel_ack",
    "corrupt_payload"
  ],
  "groups": [
    {
      "mode": "switch",
      "fault": "primary",
      "n": 5,
      "completed": 5,
      "median_application_ms": 8.555708,
      "duplicate_audio_bytes": [
        0
      ],
      "application_frame_bytes": [
        8478
      ]
    },
    {
      "mode": "replicate",
      "fault": "none",
      "n": 5,
      "completed": 5,
      "median_application_ms": 15.443958,
      "duplicate_audio_bytes": [
        5120
      ],
      "application_frame_bytes": [
        16884
      ]
    },
    {
      "mode": "replicate",
      "fault": "primary",
      "n": 5,
      "completed": 5,
      "median_application_ms": 12.054417,
      "duplicate_audio_bytes": [
        2560
      ],
      "application_frame_bytes": [
        12482
      ]
    },
    {
      "mode": "switch",
      "fault": "endpoint",
      "n": 5,
      "completed": 0,
      "median_application_ms": 4.6735,
      "duplicate_audio_bytes": [
        0
      ],
      "application_frame_bytes": [
        4076
      ]
    },
    {
      "mode": "switch",
      "fault": "none",
      "n": 5,
      "completed": 5,
      "median_application_ms": 8.816458,
      "duplicate_audio_bytes": [
        0
      ],
      "application_frame_bytes": [
        8442
      ]
    },
    {
      "mode": "replicate",
      "fault": "endpoint",
      "n": 5,
      "completed": 0,
      "median_application_ms": 8.065792,
      "duplicate_audio_bytes": [
        2560
      ],
      "application_frame_bytes": [
        8080
      ]
    }
  ]
}
