00-switch-primary True None
00-replicate-none True None
00-replicate-primary True None
00-switch-endpoint False ConnectionError: no_response
00-switch-none True None
00-replicate-endpoint False ConnectionError: no_response
01-replicate-endpoint False ConnectionError: no_response
01-switch-none True None
01-replicate-primary True None
01-switch-primary True None
01-replicate-none True None
01-switch-endpoint False ConnectionError: no_response
02-switch-primary True None
02-replicate-endpoint False ConnectionError: no_response
02-replicate-primary True None
02-switch-none True None
02-switch-endpoint False ConnectionResetError: [Errno 54] Connection reset by peer
02-replicate-none True None
03-switch-endpoint False ConnectionError: no_response
03-switch-none True None
03-replicate-primary True None
03-replicate-endpoint False ConnectionError: no_response
03-replicate-none True None
03-switch-primary True None
04-replicate-primary True None
04-switch-endpoint False ConnectionResetError: [Errno 54] Connection reset by peer
04-replicate-endpoint False ConnectionError: no_response
04-switch-none True None
04-switch-primary True None
04-replicate-none True None
