{
  "accepted": 6,
  "expected_failures": 2,
  "mutation_rejected": [
    "duplicate_consume",
    "missing_cancel_ack",
    "corrupt_payload"
  ],
  "groups": [
    {
      "mode": "switch",
      "fault": "primary",
      "n": 1,
      "completed": 1,
      "median_application_ms": 8.930291,
      "duplicate_audio_bytes": [
        0
      ],
      "application_frame_bytes": [
        8478
      ]
    },
    {
      "mode": "replicate",
      "fault": "none",
      "n": 1,
      "completed": 1,
      "median_application_ms": 15.293458,
      "duplicate_audio_bytes": [
        5120
      ],
      "application_frame_bytes": [
        16884
      ]
    },
    {
      "mode": "replicate",
      "fault": "primary",
      "n": 1,
      "completed": 1,
      "median_application_ms": 11.95425,
      "duplicate_audio_bytes": [
        2560
      ],
      "application_frame_bytes": [
        12482
      ]
    },
    {
      "mode": "switch",
      "fault": "endpoint",
      "n": 1,
      "completed": 0,
      "median_application_ms": 4.803,
      "duplicate_audio_bytes": [
        0
      ],
      "application_frame_bytes": [
        4076
      ]
    },
    {
      "mode": "switch",
      "fault": "none",
      "n": 1,
      "completed": 1,
      "median_application_ms": 8.440625,
      "duplicate_audio_bytes": [
        0
      ],
      "application_frame_bytes": [
        8442
      ]
    },
    {
      "mode": "replicate",
      "fault": "endpoint",
      "n": 1,
      "completed": 0,
      "median_application_ms": 7.774708,
      "duplicate_audio_bytes": [
        2560
      ],
      "application_frame_bytes": [
        8080
      ]
    }
  ]
}
