{
  "status": "verified",
  "groups": 14,
  "steps": 42,
  "shape": [
    12288,
    4096
  ],
  "max_parameter_abs": 2.9802322387695312e-08,
  "all_path_states_sha_equal": true,
  "formal": [
    {
      "policy": "cpu_cast",
      "step": 1,
      "count": 5,
      "wall_ms_median": 108.935936,
      "stage_ms_median": {
        "gpu_cast": 0,
        "D2H": 2.038063,
        "cpu_cast": 11.662608,
        "CPUAdam": 78.755452,
        "weight_cpu_cast": 14.793163,
        "weight_H2D": 2.820293
      },
      "cuda_peak_allocated_bytes_max": 219415040
    },
    {
      "policy": "cpu_cast",
      "step": 2,
      "count": 5,
      "wall_ms_median": 70.482163,
      "stage_ms_median": {
        "gpu_cast": 0,
        "D2H": 2.244973,
        "cpu_cast": 10.91905,
        "CPUAdam": 42.489608,
        "weight_cpu_cast": 12.109844,
        "weight_H2D": 2.720232
      },
      "cuda_peak_allocated_bytes_max": 219415040
    },
    {
      "policy": "cpu_cast",
      "step": 3,
      "count": 5,
      "wall_ms_median": 77.275359,
      "stage_ms_median": {
        "gpu_cast": 0,
        "D2H": 2.094537,
        "cpu_cast": 13.351389,
        "CPUAdam": 46.61583,
        "weight_cpu_cast": 15.093332,
        "weight_H2D": 2.801444
      },
      "cuda_peak_allocated_bytes_max": 219415040
    },
    {
      "policy": "gpu_cast",
      "step": 1,
      "count": 5,
      "wall_ms_median": 100.792181,
      "stage_ms_median": {
        "gpu_cast": 0.309652,
        "D2H": 4.242071,
        "cpu_cast": 0,
        "CPUAdam": 78.182747,
        "weight_cpu_cast": 14.962577,
        "weight_H2D": 2.853474
      },
      "cuda_peak_allocated_bytes_max": 420741632
    },
    {
      "policy": "gpu_cast",
      "step": 2,
      "count": 5,
      "wall_ms_median": 59.230404,
      "stage_ms_median": {
        "gpu_cast": 0.347994,
        "D2H": 4.483647,
        "cpu_cast": 0,
        "CPUAdam": 40.146275,
        "weight_cpu_cast": 14.996874,
        "weight_H2D": 2.806798
      },
      "cuda_peak_allocated_bytes_max": 420741632
    },
    {
      "policy": "gpu_cast",
      "step": 3,
      "count": 5,
      "wall_ms_median": 58.851461,
      "stage_ms_median": {
        "gpu_cast": 0.308485,
        "D2H": 4.891714,
        "cpu_cast": 0,
        "CPUAdam": 38.905306,
        "weight_cpu_cast": 14.610675,
        "weight_H2D": 2.874466
      },
      "cuda_peak_allocated_bytes_max": 420741632
    }
  ]
}
