{
  "status": "verified",
  "groups": 4,
  "steps": 12,
  "shape": [
    768,
    256
  ],
  "max_parameter_abs": 4.470348358154297e-08,
  "all_path_states_sha_equal": true,
  "formal": [
    {
      "policy": "cpu_cast",
      "step": 1,
      "count": 1,
      "wall_ms_median": 0.41385,
      "stage_ms_median": {
        "gpu_cast": 0,
        "D2H": 0.071798,
        "cpu_cast": 0.053602,
        "CPUAdam": 0.215599,
        "weight_cpu_cast": 0.029068,
        "weight_H2D": 0.036814
      },
      "cuda_peak_allocated_bytes_max": 17891840
    },
    {
      "policy": "cpu_cast",
      "step": 2,
      "count": 1,
      "wall_ms_median": 0.279753,
      "stage_ms_median": {
        "gpu_cast": 0,
        "D2H": 0.054757,
        "cpu_cast": 0.031035,
        "CPUAdam": 0.134199,
        "weight_cpu_cast": 0.025084,
        "weight_H2D": 0.029852
      },
      "cuda_peak_allocated_bytes_max": 17891840
    },
    {
      "policy": "cpu_cast",
      "step": 3,
      "count": 1,
      "wall_ms_median": 0.268297,
      "stage_ms_median": {
        "gpu_cast": 0,
        "D2H": 0.046738,
        "cpu_cast": 0.030937,
        "CPUAdam": 0.127762,
        "weight_cpu_cast": 0.029596,
        "weight_H2D": 0.029179
      },
      "cuda_peak_allocated_bytes_max": 17891840
    },
    {
      "policy": "gpu_cast",
      "step": 1,
      "count": 1,
      "wall_ms_median": 0.540517,
      "stage_ms_median": {
        "gpu_cast": 0.103483,
        "D2H": 0.052195,
        "cpu_cast": 0,
        "CPUAdam": 0.266274,
        "weight_cpu_cast": 0.047051,
        "weight_H2D": 0.061334
      },
      "cuda_peak_allocated_bytes_max": 18678272
    },
    {
      "policy": "gpu_cast",
      "step": 2,
      "count": 1,
      "wall_ms_median": 0.406102,
      "stage_ms_median": {
        "gpu_cast": 0.078538,
        "D2H": 0.049625,
        "cpu_cast": 0,
        "CPUAdam": 0.171996,
        "weight_cpu_cast": 0.045567,
        "weight_H2D": 0.052839
      },
      "cuda_peak_allocated_bytes_max": 18678272
    },
    {
      "policy": "gpu_cast",
      "step": 3,
      "count": 1,
      "wall_ms_median": 0.378475,
      "stage_ms_median": {
        "gpu_cast": 0.062452,
        "D2H": 0.05474,
        "cpu_cast": 0,
        "CPUAdam": 0.159516,
        "weight_cpu_cast": 0.045286,
        "weight_H2D": 0.050094
      },
      "cuda_peak_allocated_bytes_max": 18678272
    }
  ]
}
