{
  "load_s": 0.589826959,
  "short": [
    {
      "task": "lookup-a",
      "passed": true,
      "text": "7319",
      "finish_reason": "stop",
      "generation_tokens": 5,
      "ttft_s": 1.413659458,
      "generation_s": 1.481446083
    },
    {
      "task": "lookup-b",
      "passed": true,
      "text": "violet",
      "finish_reason": "stop",
      "generation_tokens": 3,
      "ttft_s": 0.240472667,
      "generation_s": 0.2807915
    },
    {
      "task": "integer-a",
      "passed": true,
      "text": "85",
      "finish_reason": "stop",
      "generation_tokens": 3,
      "ttft_s": 0.181862875,
      "generation_s": 0.222206917
    },
    {
      "task": "integer-b",
      "passed": false,
      "text": "63 - 5 = 58\n\n**58**",
      "finish_reason": "stop",
      "generation_tokens": 15,
      "ttft_s": 0.176414792,
      "generation_s": 0.38098925
    }
  ],
  "cases": [
    {
      "trial": 0,
      "slots": 4,
      "ready_prefill_s": 85.3973885,
      "kv_bytes": 4831838208,
      "logical_kv_bytes": 4831248384,
      "memory": {
        "active": 9338939400,
        "peak": 9832818756,
        "cache": 9683012016,
        "process_peak_rss_bytes": 4717608960
      },
      "outputs": [
        {
          "task": "lookup-a",
          "passed": true,
          "text": "7319",
          "finish_reason": "stop",
          "generation_tokens": 5,
          "ttft_s": 0.555972917,
          "generation_s": 0.692447042
        },
        {
          "task": "lookup-b",
          "passed": true,
          "text": "violet",
          "finish_reason": "stop",
          "generation_tokens": 3,
          "ttft_s": 0.127324375,
          "generation_s": 0.177664292
        },
        {
          "task": "integer-a",
          "passed": true,
          "text": "85",
          "finish_reason": "stop",
          "generation_tokens": 3,
          "ttft_s": 0.124416125,
          "generation_s": 0.174537292
        },
        {
          "task": "integer-b",
          "passed": false,
          "text": "63",
          "finish_reason": "stop",
          "generation_tokens": 3,
          "ttft_s": 0.12303125,
          "generation_s": 0.1735055
        }
      ]
    },
    {
      "trial": 0,
      "slots": 1,
      "ready_prefill_s": 20.856416208,
      "kv_bytes": 1207959552,
      "logical_kv_bytes": 1207812096,
      "memory": {
        "active": 5715060744,
        "peak": 6208940100,
        "cache": 9683012016,
        "process_peak_rss_bytes": 4717608960
      },
      "outputs": [
        {
          "task": "lookup-a",
          "passed": true,
          "text": "7319",
          "finish_reason": "stop",
          "generation_tokens": 5,
          "ttft_s": 0.262004375,
          "generation_s": 0.381492125
        }
      ]
    },
    {
      "trial": 1,
      "slots": 4,
      "ready_prefill_s": 84.717859291,
      "kv_bytes": 4831838208,
      "logical_kv_bytes": 4831248384,
      "memory": {
        "active": 9338939400,
        "peak": 9832818756,
        "cache": 9683012016,
        "process_peak_rss_bytes": 4717608960
      },
      "outputs": [
        {
          "task": "lookup-a",
          "passed": true,
          "text": "7319",
          "finish_reason": "stop",
          "generation_tokens": 5,
          "ttft_s": 0.297376792,
          "generation_s": 0.416129667
        },
        {
          "task": "lookup-b",
          "passed": true,
          "text": "violet",
          "finish_reason": "stop",
          "generation_tokens": 3,
          "ttft_s": 0.119779542,
          "generation_s": 0.167221875
        },
        {
          "task": "integer-a",
          "passed": true,
          "text": "85",
          "finish_reason": "stop",
          "generation_tokens": 3,
          "ttft_s": 0.120173292,
          "generation_s": 0.168724458
        },
        {
          "task": "integer-b",
          "passed": false,
          "text": "63",
          "finish_reason": "stop",
          "generation_tokens": 3,
          "ttft_s": 0.111512667,
          "generation_s": 0.159257792
        }
      ]
    },
    {
      "trial": 1,
      "slots": 1,
      "ready_prefill_s": 22.02050175,
      "kv_bytes": 1207959552,
      "logical_kv_bytes": 1207812096,
      "memory": {
        "active": 5715060744,
        "peak": 6208940100,
        "cache": 9683012016,
        "process_peak_rss_bytes": 4717608960
      },
      "outputs": [
        {
          "task": "lookup-a",
          "passed": true,
          "text": "7319",
          "finish_reason": "stop",
          "generation_tokens": 5,
          "ttft_s": 0.243612333,
          "generation_s": 0.365125416
        }
      ]
    }
  ],
  "passed": 11,
  "requests": 14
}
