==WARNING== Note: Running with uncontrolled GPU caches. Profiling results may be inconsistent.
==WARNING== Note: Running with unmodified GPU clocks. If not controlled otherwise, profiling results may be inconsistent.
==PROF== Connected to process 1179750 (/usr/bin/python3.10)
==PROF== Profiling "unrolled_elementwise_kernel" - 0: Application replay pass 1
==PROF== Profiling "unrolled_elementwise_kernel" - 1: Application replay pass 1
==PROF== Profiling "unrolled_elementwise_kernel" - 2: Application replay pass 1
==PROF== Profiling "vectorized_elementwise_kernel" - 3: Application replay pass 1
==PROF== Profiling "vectorized_elementwise_kernel" - 4: Application replay pass 1
==PROF== Profiling "triu_tril_kernel" - 5: Application replay pass 1
==PROF== Profiling "vectorized_elementwise_kernel" - 6: Application replay pass 1
==PROF== Profiling "vectorized_elementwise_kernel" - 7: Application replay pass 1
==PROF== Profiling "elementwise_kernel" - 8: Application replay pass 1
==PROF== Profiling "vectorized_elementwise_kernel" - 9: Application replay pass 1
==PROF== Profiling "Kernel2" - 10: Application replay pass 1
==PROF== Profiling "vectorized_elementwise_kernel" - 11: Application replay pass 1
==PROF== Profiling "softmax_warp_forward" - 12: Application replay pass 1
==PROF== Profiling "vectorized_elementwise_kernel" - 13: Application replay pass 1
==PROF== Profiling "reduce_kernel" - 14: Application replay pass 1
==PROF== Profiling "vectorized_elementwise_kernel" - 15: Application replay pass 1
==PROF== Profiling "elementwise_kernel" - 16: Application replay pass 1
==PROF== Profiling "vectorized_elementwise_kernel" - 17: Application replay pass 1
==PROF== Profiling "Kernel2" - 18: Application replay pass 1
==PROF== Profiling "splitKreduce_kernel" - 19: Application replay pass 1
==PROF== Profiling "vectorized_elementwise_kernel" - 20: Application replay pass 1
Profiled math 512
==PROF== Disconnected from process 1179750
==PROF== Creating report from application replay data: 0%............100%
==PROF== Report: /home/ubuntu/ai-infra-book-experiments/ch05/05-03/results/counters/n512-math.ncu-rep
