{
  "status": "verified",
  "rank_rows_checked": 228,
  "formal_groups": 45,
  "formal_rank_rows": 180,
  "warmup_groups": 9,
  "smoke_groups": 3,
  "summary": [
    {
      "bytes": 4096,
      "mode": "comm",
      "groups": 5,
      "wall_median_ms": 0.711417,
      "comm_visible_median_ms": 0.67625,
      "compute_median_ms": null,
      "sum_cpu_median_ms": 2.566
    },
    {
      "bytes": 4096,
      "mode": "compute",
      "groups": 5,
      "wall_median_ms": 13.214833,
      "comm_visible_median_ms": null,
      "compute_median_ms": 13.18775,
      "sum_cpu_median_ms": 91.451
    },
    {
      "bytes": 4096,
      "mode": "shared",
      "groups": 5,
      "wall_median_ms": 11.038916,
      "comm_visible_median_ms": 1.197291,
      "compute_median_ms": 10.995,
      "sum_cpu_median_ms": 81.815
    },
    {
      "bytes": 4194304,
      "mode": "comm",
      "groups": 5,
      "wall_median_ms": 2.726084,
      "comm_visible_median_ms": 2.673917,
      "compute_median_ms": null,
      "sum_cpu_median_ms": 10.883
    },
    {
      "bytes": 4194304,
      "mode": "compute",
      "groups": 5,
      "wall_median_ms": 11.537917,
      "comm_visible_median_ms": null,
      "compute_median_ms": 11.530583,
      "sum_cpu_median_ms": 82.997
    },
    {
      "bytes": 4194304,
      "mode": "shared",
      "groups": 5,
      "wall_median_ms": 11.581791,
      "comm_visible_median_ms": 6.140792,
      "compute_median_ms": 11.522541,
      "sum_cpu_median_ms": 100.147
    },
    {
      "bytes": 67108864,
      "mode": "comm",
      "groups": 5,
      "wall_median_ms": 36.956125,
      "comm_visible_median_ms": 36.918834,
      "compute_median_ms": null,
      "sum_cpu_median_ms": 161.43
    },
    {
      "bytes": 67108864,
      "mode": "compute",
      "groups": 5,
      "wall_median_ms": 11.079459,
      "comm_visible_median_ms": null,
      "compute_median_ms": 11.03075,
      "sum_cpu_median_ms": 72.232
    },
    {
      "bytes": 67108864,
      "mode": "shared",
      "groups": 5,
      "wall_median_ms": 45.241583,
      "comm_visible_median_ms": 45.208542,
      "compute_median_ms": 12.884875,
      "sum_cpu_median_ms": 253.36
    }
  ],
  "shared_rank_rows_with_visible_overlap": 60,
  "limitations": [
    "CPU Gloo loopback, not GPU/NCCL or cross-host",
    "Callback reports visible completion and can lag communication",
    "Shared OS/memory, no CPU affinity or causal hardware-counter attribution",
    "Five paired blocks, not independent production workloads"
  ]
}
