Independent decode: {'max_abs': 0.0, 'rmse': 0.0, 'relative_l2': 0.0, 'passed': True}
Output gates: 20 / 20
{'operation': 'activation_cast', 'batch': 1, 'median_ms': 0.201604, 'min_ms': 0.181042, 'max_ms': 0.850917, 'median_peak_increment_bytes': 4096.0}
{'operation': 'activation_cast', 'batch': 8, 'median_ms': 0.205104, 'min_ms': 0.186417, 'max_ms': 0.892958, 'median_peak_increment_bytes': 49152.0}
{'operation': 'activation_cast', 'batch': 64, 'median_ms': 0.2050835, 'min_ms': 0.18925, 'max_ms': 0.379292, 'median_peak_increment_bytes': 262144.0}
{'operation': 'activation_cast', 'batch': 512, 'median_ms': 0.2265835, 'min_ms': 0.212333, 'max_ms': 0.730416, 'median_peak_increment_bytes': 2097152.0}
{'operation': 'cached_expanded_matmul', 'batch': 1, 'median_ms': 0.222875, 'min_ms': 0.199542, 'max_ms': 0.27025, 'median_peak_increment_bytes': 1536.0}
{'operation': 'cached_expanded_matmul', 'batch': 8, 'median_ms': 0.2571875, 'min_ms': 0.225167, 'max_ms': 0.304083, 'median_peak_increment_bytes': 208896.0}
{'operation': 'cached_expanded_matmul', 'batch': 64, 'median_ms': 0.34162499999999996, 'min_ms': 0.309667, 'max_ms': 0.4435, 'median_peak_increment_bytes': 491520.0}
{'operation': 'cached_expanded_matmul', 'batch': 512, 'median_ms': 0.757375, 'min_ms': 0.730916, 'max_ms': 1.065625, 'median_peak_increment_bytes': 3932160.0}
{'operation': 'cast_decode_matmul', 'batch': 1, 'median_ms': 0.2694585, 'min_ms': 0.248917, 'max_ms': 0.968667, 'median_peak_increment_bytes': 3151360.0}
{'operation': 'cast_decode_matmul', 'batch': 8, 'median_ms': 0.3122085, 'min_ms': 0.275292, 'max_ms': 0.496333, 'median_peak_increment_bytes': 3403776.0}
{'operation': 'cast_decode_matmul', 'batch': 64, 'median_ms': 0.3969585, 'min_ms': 0.35925, 'max_ms': 1.38, 'median_peak_increment_bytes': 3899392.0}
{'operation': 'cast_decode_matmul', 'batch': 512, 'median_ms': 0.8311459999999999, 'min_ms': 0.785042, 'max_ms': 1.37825, 'median_peak_increment_bytes': 9175040.0}
{'operation': 'cast_direct', 'batch': 1, 'median_ms': 0.230458, 'min_ms': 0.2195, 'max_ms': 0.945833, 'median_peak_increment_bytes': 5632.0}
{'operation': 'cast_direct', 'batch': 8, 'median_ms': 0.26297899999999996, 'min_ms': 0.240417, 'max_ms': 0.379083, 'median_peak_increment_bytes': 61440.0}
{'operation': 'cast_direct', 'batch': 64, 'median_ms': 0.32325000000000004, 'min_ms': 0.307, 'max_ms': 1.344083, 'median_peak_increment_bytes': 1146880.0}
{'operation': 'cast_direct', 'batch': 512, 'median_ms': 0.8371664999999999, 'min_ms': 0.804709, 'max_ms': 1.268625, 'median_peak_increment_bytes': 2883584.0}
{'operation': 'decode_matmul', 'batch': 1, 'median_ms': 0.2744375, 'min_ms': 0.245542, 'max_ms': 0.554458, 'median_peak_increment_bytes': 3147264.0}
{'operation': 'decode_matmul', 'batch': 8, 'median_ms': 0.3016875, 'min_ms': 0.264334, 'max_ms': 1.213083, 'median_peak_increment_bytes': 3354624.0}
{'operation': 'decode_matmul', 'batch': 64, 'median_ms': 0.3740005, 'min_ms': 0.35175, 'max_ms': 0.430292, 'median_peak_increment_bytes': 3637248.0}
{'operation': 'decode_matmul', 'batch': 512, 'median_ms': 0.803312, 'min_ms': 0.771167, 'max_ms': 1.613708, 'median_peak_increment_bytes': 7077888.0}
{'operation': 'dequantize', 'batch': 0, 'median_ms': 0.244166, 'min_ms': 0.228166, 'max_ms': 0.545709, 'median_peak_increment_bytes': 3145728.0}
{'operation': 'direct', 'batch': 1, 'median_ms': 0.21802100000000002, 'min_ms': 0.192792, 'max_ms': 0.484959, 'median_peak_increment_bytes': 1536.0}
{'operation': 'direct', 'batch': 8, 'median_ms': 0.240937, 'min_ms': 0.221542, 'max_ms': 1.497375, 'median_peak_increment_bytes': 12288.0}
{'operation': 'direct', 'batch': 64, 'median_ms': 0.300833, 'min_ms': 0.271167, 'max_ms': 1.248458, 'median_peak_increment_bytes': 884736.0}
{'operation': 'direct', 'batch': 512, 'median_ms': 0.8015415, 'min_ms': 0.759667, 'max_ms': 1.099458, 'median_peak_increment_bytes': 786432.0}
{'operation': 'quantize', 'batch': 0, 'median_ms': 0.32466649999999997, 'min_ms': 0.305083, 'max_ms': 0.783208, 'median_peak_increment_bytes': 884736.0}
