{
  "analysis_time": 1788926041.251698,
  "original_reference_recomputed_equal": true,
  "input_equal": true,
  "old_output_bitwise_equal": true,
  "old_output_different_elements": 0,
  "unobserved_output_bitwise_equal": true,
  "numerical": {
    "pass_criteria": false,
    "relative_l2": 0.0003924070767719118,
    "max_abs": 1.9073486328125e-06,
    "reference_rms": 0.00010584405190114321,
    "max_error_over_rms": 0.01802036674289393,
    "bad_elements": 10,
    "elements": 32768,
    "error_quantiles": [
      0.0,
      0.0,
      0.0,
      0.0,
      1.9073486328125e-06
    ],
    "failing_indices": [
      [
        2,
        987
      ],
      [
        2,
        1440
      ],
      [
        2,
        3547
      ],
      [
        2,
        3920
      ],
      [
        6,
        2604
      ],
      [
        6,
        3497
      ],
      [
        6,
        4041
      ],
      [
        7,
        2099
      ],
      [
        7,
        3045
      ],
      [
        7,
        3185
      ]
    ]
  },
  "projection_discrepancies": 22,
  "limitations": [
    "Ordered suffix increments depend on intervention order; not a unique additive physical attribution.",
    "FP32 internal GEMV accumulators and old autotune config were not captured; no proof of instruction-level root cause.",
    "Stage metrics reuse fixed formula descriptively; final original FP64 criteria determine pass/fail."
  ]
}
ACTIVATION [
  {
    "token": 0,
    "slot": 1,
    "expert": 1,
    "channel": 237,
    "gate": -0.0189208984375,
    "up": -0.0235595703125,
    "fp64_pre_store": 0.000220775597575606,
    "cpu_fp64_boundary": 0.00022125244140625,
    "actual_boundary": 0.00022029876708984375,
    "numpy_fp32_silu": -0.009370950981974602,
    "numpy_fp32_product": 0.00022077557514421642,
    "numpy_fp32_boundary": 0.00022029876708984375,
    "failed_output_links": []
  },
  {
    "token": 2,
    "slot": 3,
    "expert": 5,
    "channel": 84,
    "gate": -0.0189208984375,
    "up": -0.01177978515625,
    "fp64_pre_store": 0.000110387798787803,
    "cpu_fp64_boundary": 0.000110626220703125,
    "actual_boundary": 0.00011014938354492188,
    "numpy_fp32_silu": -0.009370950981974602,
    "numpy_fp32_product": 0.00011038778757210821,
    "numpy_fp32_boundary": 0.00011014938354492188,
    "failed_output_links": [
      {
        "token": 2,
        "channel": 987,
        "output_delta": -7.152557373046875e-07,
        "joint_delta": -7.152557373046875e-07
      },
      {
        "token": 2,
        "channel": 1440,
        "output_delta": 7.152557373046875e-07,
        "joint_delta": 7.152557373046875e-07
      },
      {
        "token": 2,
        "channel": 3547,
        "output_delta": -7.152557373046875e-07,
        "joint_delta": -7.152557373046875e-07
      },
      {
        "token": 2,
        "channel": 3920,
        "output_delta": -1.430511474609375e-06,
        "joint_delta": -1.430511474609375e-06
      }
    ]
  },
  {
    "token": 6,
    "slot": 4,
    "expert": 4,
    "channel": 1532,
    "gate": 0.0341796875,
    "up": -0.0255126953125,
    "fp64_pre_store": -0.0004434585593928605,
    "cpu_fp64_boundary": -0.0004425048828125,
    "actual_boundary": -0.0004444122314453125,
    "numpy_fp32_silu": 0.017381878569722176,
    "numpy_fp32_product": -0.0004434585862327367,
    "numpy_fp32_boundary": -0.0004444122314453125,
    "failed_output_links": [
      {
        "token": 6,
        "channel": 2604,
        "output_delta": -3.5762786865234375e-07,
        "joint_delta": -3.5762786865234375e-07
      },
      {
        "token": 6,
        "channel": 3497,
        "output_delta": -3.5762786865234375e-07,
        "joint_delta": -3.5762786865234375e-07
      },
      {
        "token": 6,
        "channel": 4041,
        "output_delta": -3.5762786865234375e-07,
        "joint_delta": -3.5762786865234375e-07
      }
    ]
  },
  {
    "token": 7,
    "slot": 3,
    "expert": 4,
    "channel": 1930,
    "gate": -0.0189208984375,
    "up": 0.005889892578125,
    "fp64_pre_store": -5.51938993939015e-05,
    "cpu_fp64_boundary": -5.53131103515625e-05,
    "actual_boundary": -5.507469177246094e-05,
    "numpy_fp32_silu": -0.009370950981974602,
    "numpy_fp32_product": -5.5193893786054105e-05,
    "numpy_fp32_boundary": -5.507469177246094e-05,
    "failed_output_links": [
      {
        "token": 7,
        "channel": 2099,
        "output_delta": -3.5762786865234375e-07,
        "joint_delta": -3.5762786865234375e-07
      },
      {
        "token": 7,
        "channel": 3045,
        "output_delta": -3.5762786865234375e-07,
        "joint_delta": -3.5762786865234375e-07
      },
      {
        "token": 7,
        "channel": 3185,
        "output_delta": -7.152557373046875e-07,
        "joint_delta": -7.152557373046875e-07
      }
    ]
  }
]
