{
  "status": "original_compress_plan_compiled_only_no_inference",
  "elapsed": 8.276936054229736,
  "torch": "2.11.0+cu130",
  "cuda_home": "/home/ubuntu/ai-infra-book-experiments/tools/flashinfer-cuda130/nvidia/cu13",
  "cpath": "/home/ubuntu/ai-infra-book-experiments/tools/sglang0513-venv/lib/python3.10/site-packages/nvidia/cu13/include/cccl",
  "cache": "/home/ubuntu/ai-infra-book-experiments/ch02/02-05/native-layer-probe/jit-preflight/tvm-cache",
  "files": [
    {
      "path": "tvm-cache/sgl_kernel_jit_dpsk_v4_compress_plan_7bd4d852218d62eb_cffc6335fc8ac6e1/.ninja_deps",
      "bytes": 28708,
      "sha256": "82ff7a20827707c7f0d4a6d2fc36cd77c13a58ce715a5922ec2118f280896a79"
    },
    {
      "path": "tvm-cache/sgl_kernel_jit_dpsk_v4_compress_plan_7bd4d852218d62eb_cffc6335fc8ac6e1/.ninja_log",
      "bytes": 172,
      "sha256": "099e3009e14daea16d7a36db04c8821da5d824b7cf56cee1ba6a13c26f02a3a2"
    },
    {
      "path": "tvm-cache/sgl_kernel_jit_dpsk_v4_compress_plan_7bd4d852218d62eb_cffc6335fc8ac6e1/build.ninja",
      "bytes": 1873,
      "sha256": "9bc8a85c89785a00cfe2ab2082dc89a9ec957acaba4e24fce3abd17ae70149e7"
    },
    {
      "path": "tvm-cache/sgl_kernel_jit_dpsk_v4_compress_plan_7bd4d852218d62eb_cffc6335fc8ac6e1/cuda.cu",
      "bytes": 611,
      "sha256": "8516e6d72a59854fb6bbdcc0d68ad73adbe3acbfc47048afbb1d4b34dfb8839d"
    },
    {
      "path": "tvm-cache/sgl_kernel_jit_dpsk_v4_compress_plan_7bd4d852218d62eb_cffc6335fc8ac6e1/cuda_0.o",
      "bytes": 401264,
      "sha256": "935863ebf981f8481a6d2f8f7e0cd04fe4c02789ce9cfe01b83c9635ec12a4da"
    },
    {
      "path": "tvm-cache/sgl_kernel_jit_dpsk_v4_compress_plan_7bd4d852218d62eb_cffc6335fc8ac6e1/lock",
      "bytes": 0,
      "sha256": "e3b0c44298fc1c149afbf4c8996fb92427ae41e4649b934ca495991b7852b855"
    },
    {
      "path": "tvm-cache/sgl_kernel_jit_dpsk_v4_compress_plan_7bd4d852218d62eb_cffc6335fc8ac6e1/main.cpp",
      "bytes": 161,
      "sha256": "e48b240099890a6efec437f4faa7e61fc2613b561fba2e29a490811a26185d26"
    },
    {
      "path": "tvm-cache/sgl_kernel_jit_dpsk_v4_compress_plan_7bd4d852218d62eb_cffc6335fc8ac6e1/sgl_kernel_jit_dpsk_v4_compress_plan_7bd4d852218d62eb.so",
      "bytes": 262928,
      "sha256": "b1cfd1957ae4f828790b3e91eb76b491eb9ae44bac1473e48c501ce360ee9123"
    }
  ],
  "headers": [
    {
      "path": "/home/ubuntu/ai-infra-book-experiments/tools/sglang0513-venv/lib/python3.10/site-packages/nvidia/cu13/include/cccl/nv/target",
      "sha256": "913c0ee62523291cace9c9d25854eb3c009dd1f3fc108c92a0bc6e4a6aae0bb6"
    },
    {
      "path": "/home/ubuntu/ai-infra-book-experiments/tools/sglang0513-venv/lib/python3.10/site-packages/nvidia/cu13/include/cccl/nv/detail/__target_macros",
      "sha256": "199a109be511df3611263605946d2d8af3e8561c639be25fdb19d0f71ca6e736"
    }
  ]
}
