[2026-09-09 05:13:50,437 I 3235759 3235759] (gcs_server) gcs_server_main.cc:98: Ray cluster metadata ray_version=2.55.1 ray_commit=237c2455ebb1ea15a32dd9e1fdeb2d617badc37f
[2026-09-09 05:13:50,437 I 3235759 3235759] (gcs_server) event.cc:499: Ray Event initialized for GCS
[2026-09-09 05:13:50,437 I 3235759 3235759] (gcs_server) event.cc:499: Ray Event initialized for EXPORT_NODE
[2026-09-09 05:13:50,437 I 3235759 3235759] (gcs_server) event.cc:499: Ray Event initialized for EXPORT_ACTOR
[2026-09-09 05:13:50,437 I 3235759 3235759] (gcs_server) event.cc:499: Ray Event initialized for EXPORT_DRIVER_JOB
[2026-09-09 05:13:50,437 I 3235759 3235759] (gcs_server) event.cc:332: Set ray event level to warning
[2026-09-09 05:13:50,439 I 3235759 3235759] (gcs_server) gcs_server.cc:154: GCS storage type is StorageType::IN_MEMORY
[2026-09-09 05:13:50,439 I 3235759 3235759] (gcs_server) gcs_server.cc:155: GCS node ID initialized from config node_id=a31f058980d4793d5387b80abb8a836a0961c57c5dac8cc1c9deda21
[2026-09-09 05:13:50,439 I 3235759 3235759] (gcs_server) gcs_init_data.cc:46: Loading job table data.
[2026-09-09 05:13:50,439 I 3235759 3235759] (gcs_server) gcs_init_data.cc:56: Loading node table data.
[2026-09-09 05:13:50,439 I 3235759 3235759] (gcs_server) gcs_init_data.cc:76: Loading actor table data.
[2026-09-09 05:13:50,439 I 3235759 3235759] (gcs_server) gcs_init_data.cc:87: Loading actor task spec table data.
[2026-09-09 05:13:50,439 I 3235759 3235759] (gcs_server) gcs_init_data.cc:66: Loading placement group table data.
[2026-09-09 05:13:50,439 I 3235759 3235759] (gcs_server) gcs_init_data.cc:50: Finished loading job table data, size = 0
[2026-09-09 05:13:50,439 I 3235759 3235759] (gcs_server) gcs_init_data.cc:60: Finished loading node table data, size = 0
[2026-09-09 05:13:50,439 I 3235759 3235759] (gcs_server) gcs_init_data.cc:81: Finished loading actor table data, size = 0
[2026-09-09 05:13:50,439 I 3235759 3235759] (gcs_server) gcs_init_data.cc:91: Finished loading actor task spec table data, size = 0
[2026-09-09 05:13:50,439 I 3235759 3235759] (gcs_server) gcs_init_data.cc:70: Finished loading placement group table data, size = 0
[2026-09-09 05:13:50,439 I 3235759 3235759] (gcs_server) gcs_server.cc:242: Generated new cluster ID. cluster_id=a5e2537d92a564c767e30b4d523d8ccf15d170907b2149e297bbb5f8
[2026-09-09 05:13:50,439 I 3235759 3235759] (gcs_server) gcs_server.cc:743: Autoscaler V2 enabled: 0
[2026-09-09 05:13:50,444 I 3235759 3235759] (gcs_server) grpc_server.cc:143: GcsServer server started, listening on port 6398.
[2026-09-09 05:13:50,747 I 3235759 3235759] (gcs_server) gcs_server.cc:908: Gcs Debug state:

GcsNodeManager: 
- RegisterNode request count: 0
- DrainNode request count: 0
- GetAllNodeInfo request count: 0

GcsActorManager: 
- RegisterActor request count: 0
- CreateActor request count: 0
- GetActorInfo request count: 0
- GetNamedActorInfo request count: 0
- GetAllActorInfo request count: 0
- KillActor request count: 0
- ListNamedActors request count: 0
- Registered actors count: 0
- Destroyed actors count: 0
- Named actors count: 0
- Unresolved actors count: 0
- Pending actors count: 0
- Created actors count: 0
- owners_: 0
- actor_to_register_callbacks_: 0
- actor_to_restart_for_lineage_reconstruction_callbacks_: 0
- actor_to_create_callbacks_: 0
- sorted_destroyed_actor_list_: 0

GcsResourceManager: 
- GetAllAvailableResources request count: 0
- GetAllTotalResources request count: 0
- GetAllResourceUsage request count: 0

GcsPlacementGroupManager: 
- CreatePlacementGroup request count: 0
- RemovePlacementGroup request count: 0
- GetPlacementGroup request count: 0
- GetAllPlacementGroup request count: 0
- WaitPlacementGroupUntilReady request count: 0
- GetNamedPlacementGroup request count: 0
- Scheduling pending placement group count: 0
- Registered placement groups count: 0
- Named placement group count: 0
- Pending placement groups count: 0
- Infeasible placement groups count: 0

Publisher:

[runtime env manager] ID to URIs table:
[runtime env manager] URIs reference table:

GcsTaskManager: 
-Total num task events reported: 0
-Total num status task events dropped: 0
-Total num profile events dropped: 0
-Current num of task events stored: 0
-Total num of actor creation tasks: 0
-Total num of actor tasks: 0
-Total num of normal tasks: 0
-Total num of driver tasks: 0

GcsAutoscalerStateManager: 
- last_seen_autoscaler_state_version_: 0
- last_cluster_resource_state_version_: 0
- pending demands:



[2026-09-09 05:13:50,747 I 3235759 3235759] (gcs_server) gcs_server.cc:922: Main service Event stats:


Global stats: 26 total (10 active)
Queueing time: mean = 35.58ms, max = 307.59ms, min = 0.00ms, total = 925.14ms
Execution time:  mean = 23.67ms, total = 615.48ms
Event stats:
	GcsInMemoryStore.Put - 9 total (6 active), Execution time: mean = 34.18ms, total = 307.64ms, Queueing time: mean = 34.17ms, max = 307.43ms, min = 0.01ms, total = 307.50ms
	GcsInMemoryStore.GetAll - 5 total (0 active), Execution time: mean = 0.01ms, total = 0.05ms, Queueing time: mean = 0.06ms, max = 0.07ms, min = 0.05ms, total = 0.30ms
	PeriodicalRunner.RunFnPeriodically - 4 total (1 active, 1 running), Execution time: mean = 0.04ms, total = 0.14ms, Queueing time: mean = 153.80ms, max = 307.59ms, min = 0.05ms, total = 615.19ms
	event_loop_lag_probe - 2 total (0 active), Execution time: mean = 0.00ms, total = 0.01ms, Queueing time: mean = 1.07ms, max = 2.05ms, min = 0.09ms, total = 2.13ms
	GcsInMemoryStore.Get - 1 total (0 active), Execution time: mean = 0.01ms, total = 0.01ms, Queueing time: mean = 0.02ms, max = 0.02ms, min = 0.02ms, total = 0.02ms
	GcsServer.GetOrGenerateClusterId.continuation - 1 total (0 active), Execution time: mean = 307.61ms, total = 307.61ms, Queueing time: mean = 0.00ms, max = 0.00ms, min = 0.00ms, total = 0.00ms
	GcsInitData::AsyncLoad - 1 total (0 active), Execution time: mean = 0.01ms, total = 0.01ms, Queueing time: mean = 0.00ms, max = 0.00ms, min = 0.00ms, total = 0.00ms
	ClusterResourceManager.ResetRemoteNodeView - 1 total (1 active), Execution time: mean = 0.00ms, total = 0.00ms, Queueing time: mean = 0.00ms, max = -0.00ms, min = 9223372036854.78ms, total = 0.00ms
	RayletLoadPulled - 1 total (1 active), Execution time: mean = 0.00ms, total = 0.00ms, Queueing time: mean = 0.00ms, max = -0.00ms, min = 9223372036854.78ms, total = 0.00ms
	GCSServer.deadline_timer.metrics_report - 1 total (1 active), Execution time: mean = 0.00ms, total = 0.00ms, Queueing time: mean = 0.00ms, max = -0.00ms, min = 9223372036854.78ms, total = 0.00ms


[2026-09-09 05:13:50,747 I 3235759 3235759] (gcs_server) gcs_server.cc:926: task_io_context Event stats:


Global stats: 4 total (1 active)
Queueing time: mean = 0.04ms, max = 0.12ms, min = 0.00ms, total = 0.17ms
Execution time:  mean = 0.03ms, total = 0.11ms
Event stats:
	event_loop_lag_probe - 2 total (0 active), Execution time: mean = 0.05ms, total = 0.10ms, Queueing time: mean = 0.08ms, max = 0.12ms, min = 0.05ms, total = 0.17ms
	PeriodicalRunner.RunFnPeriodically - 1 total (0 active), Execution time: mean = 0.00ms, total = 0.00ms, Queueing time: mean = 0.00ms, max = 0.00ms, min = 0.00ms, total = 0.00ms
	GcsTaskManager.GcJobSummary - 1 total (1 active), Execution time: mean = 0.00ms, total = 0.00ms, Queueing time: mean = 0.00ms, max = -0.00ms, min = 9223372036854.78ms, total = 0.00ms


[2026-09-09 05:13:50,747 I 3235759 3235759] (gcs_server) gcs_server.cc:926: pubsub_io_context Event stats:


Global stats: 4 total (1 active)
Queueing time: mean = 0.03ms, max = 0.10ms, min = 0.01ms, total = 0.12ms
Execution time:  mean = 0.02ms, total = 0.07ms
Event stats:
	event_loop_lag_probe - 2 total (0 active), Execution time: mean = 0.03ms, total = 0.06ms, Queueing time: mean = 0.06ms, max = 0.10ms, min = 0.01ms, total = 0.11ms
	PeriodicalRunner.RunFnPeriodically - 1 total (0 active), Execution time: mean = 0.01ms, total = 0.01ms, Queueing time: mean = 0.01ms, max = 0.01ms, min = 0.01ms, total = 0.01ms
	Publisher.CheckDeadSubscribers - 1 total (1 active), Execution time: mean = 0.00ms, total = 0.00ms, Queueing time: mean = 0.00ms, max = -0.00ms, min = 9223372036854.78ms, total = 0.00ms


[2026-09-09 05:13:50,747 I 3235759 3235759] (gcs_server) gcs_server.cc:926: ray_syncer_io_context Event stats:


Global stats: 4 total (0 active)
Queueing time: mean = 0.03ms, max = 0.09ms, min = 0.00ms, total = 0.12ms
Execution time:  mean = 0.01ms, total = 0.04ms
Event stats:
	event_loop_lag_probe - 2 total (0 active), Execution time: mean = 0.02ms, total = 0.04ms, Queueing time: mean = 0.05ms, max = 0.09ms, min = 0.02ms, total = 0.11ms
	RaySyncerRegister - 2 total (0 active), Execution time: mean = 0.00ms, total = 0.00ms, Queueing time: mean = 0.00ms, max = 0.01ms, min = 0.00ms, total = 0.01ms


[2026-09-09 05:13:50,747 I 3235759 3235759] (gcs_server) gcs_server.cc:926: ray_event_io_context Event stats:


Global stats: 2 total (0 active)
Queueing time: mean = 0.54ms, max = 1.06ms, min = 0.01ms, total = 1.07ms
Execution time:  mean = 0.02ms, total = 0.05ms
Event stats:
	event_loop_lag_probe - 2 total (0 active), Execution time: mean = 0.02ms, total = 0.05ms, Queueing time: mean = 0.54ms, max = 1.06ms, min = 0.01ms, total = 1.07ms


[2026-09-09 05:13:50,747 I 3235759 3235759] (gcs_server) gcs_server.cc:926: internal_kv_io_context Event stats:


Global stats: 2 total (0 active)
Queueing time: mean = 0.19ms, max = 0.38ms, min = 0.01ms, total = 0.39ms
Execution time:  mean = 0.03ms, total = 0.05ms
Event stats:
	event_loop_lag_probe - 2 total (0 active), Execution time: mean = 0.03ms, total = 0.05ms, Queueing time: mean = 0.19ms, max = 0.38ms, min = 0.01ms, total = 0.39ms


[2026-09-09 05:13:50,747 I 3235759 3235759] (gcs_server) gcs_server.cc:926: node_manager_io_context Event stats:


Global stats: 4 total (1 active)
Queueing time: mean = 0.03ms, max = 0.07ms, min = 0.01ms, total = 0.13ms
Execution time:  mean = 0.05ms, total = 0.19ms
Event stats:
	event_loop_lag_probe - 2 total (0 active), Execution time: mean = 0.02ms, total = 0.04ms, Queueing time: mean = 0.03ms, max = 0.06ms, min = 0.01ms, total = 0.07ms
	NodeInfoGcsService.grpc_server.GetClusterId.HandleRequestImpl - 1 total (0 active), Execution time: mean = 0.16ms, total = 0.16ms, Queueing time: mean = 0.07ms, max = 0.07ms, min = 0.07ms, total = 0.07ms
	NodeInfoGcsService.grpc_server.GetClusterId - 1 total (1 active), Execution time: mean = 0.00ms, total = 0.00ms, Queueing time: mean = 0.00ms, max = -0.00ms, min = 9223372036854.78ms, total = 0.00ms


[2026-09-09 05:13:51,935 I 3235759 3235797] (gcs_server) gcs_node_manager.cc:106: Registering new node. node_id=a31f058980d4793d5387b80abb8a836a0961c57c5dac8cc1c9deda21 node_name=155.103.252.95 node_address=155.103.252.95
[2026-09-09 05:13:51,935 I 3235759 3235759] (gcs_server) metrics_agent_client.cc:45: Initializing exporter ...
[2026-09-09 05:13:51,937 I 3235759 3235759] (gcs_server) ray_event_recorder.cc:43: Ray event recording is disabled. Skipping start exporting events.
[2026-09-09 05:13:51,937 I 3235759 3235759] (gcs_server) gcs_server.cc:959: Metrics exporter initialized with port 38297
[2026-09-09 05:13:51,937 I 3235759 3235759] (gcs_server) metrics_agent_client.cc:59: Exporter initialized.
[2026-09-09 05:13:56,353 I 3235759 3235759] (gcs_server) gcs_job_manager.cc:116: Registering job. job_id=01000000 driver_pid=3235481
[2026-09-09 05:13:56,362 I 3235759 3235759] (gcs_server) gcs_actor_manager.cc:315: Registering actor job_id=01000000 actor_id=a0818a56258eb0435b086a7301000000
[2026-09-09 05:13:56,363 I 3235759 3235759] (gcs_server) gcs_actor_manager.cc:319: Registered actor job_id=01000000 actor_id=a0818a56258eb0435b086a7301000000
[2026-09-09 05:13:56,363 I 3235759 3235759] (gcs_server) gcs_actor_manager.cc:434: Creating actor job_id=01000000 actor_id=a0818a56258eb0435b086a7301000000
[2026-09-09 05:13:56,363 I 3235759 3235759] (gcs_server) gcs_actor_scheduler.cc:239: Leasing worker for actor. actor_id=a0818a56258eb0435b086a7301000000 job_id=01000000 node_id=a31f058980d4793d5387b80abb8a836a0961c57c5dac8cc1c9deda21
[2026-09-09 05:13:56,715 I 3235759 3235759] (gcs_server) gcs_actor_scheduler.cc:583: Finished leasing worker from a31f058980d4793d5387b80abb8a836a0961c57c5dac8cc1c9deda21 for actor a0818a56258eb0435b086a7301000000, job id = 01000000
[2026-09-09 05:13:56,716 I 3235759 3235759] (gcs_server) gcs_actor_scheduler.cc:385: Submitting actor creation task to worker. actor_id=a0818a56258eb0435b086a7301000000 worker_id=fc6ee09a12792a3b6e08fcfdedb8765911dee02666da6e2932944852 node_id=a31f058980d4793d5387b80abb8a836a0961c57c5dac8cc1c9deda21 job_id=01000000
[2026-09-09 05:13:59,509 I 3235759 3235759] (gcs_server) gcs_actor_scheduler.cc:424: Actor creation task succeeded. actor_id=a0818a56258eb0435b086a7301000000 worker_id=fc6ee09a12792a3b6e08fcfdedb8765911dee02666da6e2932944852 job_id=01000000 node_id=a31f058980d4793d5387b80abb8a836a0961c57c5dac8cc1c9deda21
[2026-09-09 05:13:59,509 I 3235759 3235759] (gcs_server) gcs_actor_manager.cc:1657: Actor created successfully job_id=01000000 actor_id=a0818a56258eb0435b086a7301000000
[2026-09-09 05:13:59,509 I 3235759 3235759] (gcs_server) gcs_actor_manager.cc:449: Finished creating actor. Status: OK job_id=01000000 actor_id=a0818a56258eb0435b086a7301000000
[2026-09-09 05:14:01,092 I 3235759 3235759] (gcs_server) gcs_placement_group_manager.cc:361: Registering placement group, placement group id = 9e692d52f7f91c7d2c886b169ed101000000, name = global_poolverl_group_1:0, strategy = 2
[2026-09-09 05:14:01,092 I 3235759 3235759] (gcs_server) gcs_placement_group_manager.cc:365: Finished registering placement group, placement group id = 9e692d52f7f91c7d2c886b169ed101000000, name = global_poolverl_group_1:0, strategy = 2
[2026-09-09 05:14:01,092 I 3235759 3235759] (gcs_server) gcs_placement_group_scheduler.cc:189: Preparing resource from node a31f058980d4793d5387b80abb8a836a0961c57c5dac8cc1c9deda21 for bundles: {placement group id={9e692d52f7f91c7d2c886b169ed101000000}, bundle index={0}},
[2026-09-09 05:14:01,093 I 3235759 3235759] (gcs_server) gcs_placement_group_scheduler.cc:199: Finished leasing resource from a31f058980d4793d5387b80abb8a836a0961c57c5dac8cc1c9deda21 for bundles: {placement group id={9e692d52f7f91c7d2c886b169ed101000000}, bundle index={0}},
[2026-09-09 05:14:01,093 I 3235759 3235759] (gcs_server) gcs_placement_group_scheduler.cc:217: Committing resource to a node a31f058980d4793d5387b80abb8a836a0961c57c5dac8cc1c9deda21 for bundles: {placement group id={9e692d52f7f91c7d2c886b169ed101000000}, bundle index={0}},
[2026-09-09 05:14:01,093 I 3235759 3235759] (gcs_server) gcs_placement_group_scheduler.cc:224: Finished committing resource to a31f058980d4793d5387b80abb8a836a0961c57c5dac8cc1c9deda21 for bundles: {placement group id={9e692d52f7f91c7d2c886b169ed101000000}, bundle index={0}},
[2026-09-09 05:14:01,093 I 3235759 3235759] (gcs_server) gcs_placement_group_manager.cc:248: Successfully created placement group global_poolverl_group_1:0, id: 9e692d52f7f91c7d2c886b169ed101000000
[2026-09-09 05:14:01,606 I 3235759 3235759] (gcs_server) gcs_actor_manager.cc:315: Registering actor job_id=01000000 actor_id=32e3daa4611609565454094801000000
[2026-09-09 05:14:01,606 I 3235759 3235759] (gcs_server) gcs_actor_manager.cc:319: Registered actor job_id=01000000 actor_id=32e3daa4611609565454094801000000
[2026-09-09 05:14:01,606 I 3235759 3235759] (gcs_server) gcs_actor_manager.cc:434: Creating actor job_id=01000000 actor_id=32e3daa4611609565454094801000000
[2026-09-09 05:14:01,606 I 3235759 3235759] (gcs_server) gcs_actor_scheduler.cc:239: Leasing worker for actor. actor_id=32e3daa4611609565454094801000000 job_id=01000000 node_id=a31f058980d4793d5387b80abb8a836a0961c57c5dac8cc1c9deda21
[2026-09-09 05:14:01,969 I 3235759 3235759] (gcs_server) gcs_actor_scheduler.cc:583: Finished leasing worker from a31f058980d4793d5387b80abb8a836a0961c57c5dac8cc1c9deda21 for actor 32e3daa4611609565454094801000000, job id = 01000000
[2026-09-09 05:14:01,969 I 3235759 3235759] (gcs_server) gcs_actor_scheduler.cc:385: Submitting actor creation task to worker. actor_id=32e3daa4611609565454094801000000 worker_id=8b7da7be3b4cf8be95c4b43702b0a47ba0ed251be134e48e3fafdc4f node_id=a31f058980d4793d5387b80abb8a836a0961c57c5dac8cc1c9deda21 job_id=01000000
[2026-09-09 05:14:05,492 I 3235759 3235759] (gcs_server) gcs_actor_scheduler.cc:424: Actor creation task succeeded. actor_id=32e3daa4611609565454094801000000 worker_id=8b7da7be3b4cf8be95c4b43702b0a47ba0ed251be134e48e3fafdc4f job_id=01000000 node_id=a31f058980d4793d5387b80abb8a836a0961c57c5dac8cc1c9deda21
[2026-09-09 05:14:05,492 I 3235759 3235759] (gcs_server) gcs_actor_manager.cc:1657: Actor created successfully job_id=01000000 actor_id=32e3daa4611609565454094801000000
[2026-09-09 05:14:05,492 I 3235759 3235759] (gcs_server) gcs_actor_manager.cc:449: Finished creating actor. Status: OK job_id=01000000 actor_id=32e3daa4611609565454094801000000
[2026-09-09 05:14:08,562 I 3235759 3235759] (gcs_server) gcs_actor_manager.cc:315: Registering actor job_id=01000000 actor_id=0e501481f5109f744c02831a01000000
[2026-09-09 05:14:08,562 I 3235759 3235759] (gcs_server) gcs_actor_manager.cc:319: Registered actor job_id=01000000 actor_id=0e501481f5109f744c02831a01000000
[2026-09-09 05:14:08,563 I 3235759 3235759] (gcs_server) gcs_actor_manager.cc:434: Creating actor job_id=01000000 actor_id=0e501481f5109f744c02831a01000000
[2026-09-09 05:14:08,563 I 3235759 3235759] (gcs_server) gcs_actor_scheduler.cc:239: Leasing worker for actor. actor_id=0e501481f5109f744c02831a01000000 job_id=01000000 node_id=a31f058980d4793d5387b80abb8a836a0961c57c5dac8cc1c9deda21
[2026-09-09 05:14:08,932 I 3235759 3235759] (gcs_server) gcs_actor_scheduler.cc:583: Finished leasing worker from a31f058980d4793d5387b80abb8a836a0961c57c5dac8cc1c9deda21 for actor 0e501481f5109f744c02831a01000000, job id = 01000000
[2026-09-09 05:14:08,932 I 3235759 3235759] (gcs_server) gcs_actor_scheduler.cc:385: Submitting actor creation task to worker. actor_id=0e501481f5109f744c02831a01000000 worker_id=9634410be4be7ed4eb1d9a2888c400af613de9945423b3633a425a3e node_id=a31f058980d4793d5387b80abb8a836a0961c57c5dac8cc1c9deda21 job_id=01000000
[2026-09-09 05:14:10,161 I 3235759 3235759] (gcs_server) gcs_actor_manager.cc:315: Registering actor job_id=01000000 actor_id=8af76984d7574fbd0fc28d1101000000
[2026-09-09 05:14:10,162 I 3235759 3235759] (gcs_server) gcs_actor_manager.cc:319: Registered actor job_id=01000000 actor_id=8af76984d7574fbd0fc28d1101000000
[2026-09-09 05:14:10,162 I 3235759 3235759] (gcs_server) gcs_actor_manager.cc:434: Creating actor job_id=01000000 actor_id=8af76984d7574fbd0fc28d1101000000
[2026-09-09 05:14:10,162 I 3235759 3235759] (gcs_server) gcs_actor_scheduler.cc:239: Leasing worker for actor. actor_id=8af76984d7574fbd0fc28d1101000000 job_id=01000000 node_id=a31f058980d4793d5387b80abb8a836a0961c57c5dac8cc1c9deda21
[2026-09-09 05:14:10,525 I 3235759 3235759] (gcs_server) gcs_actor_scheduler.cc:583: Finished leasing worker from a31f058980d4793d5387b80abb8a836a0961c57c5dac8cc1c9deda21 for actor 8af76984d7574fbd0fc28d1101000000, job id = 01000000
[2026-09-09 05:14:10,525 I 3235759 3235759] (gcs_server) gcs_actor_scheduler.cc:385: Submitting actor creation task to worker. actor_id=8af76984d7574fbd0fc28d1101000000 worker_id=f3c7de6ec99d8489e458cc78e54e2d4abb25593bac9755ee614f33c2 node_id=a31f058980d4793d5387b80abb8a836a0961c57c5dac8cc1c9deda21 job_id=01000000
[2026-09-09 05:14:11,870 I 3235759 3235759] (gcs_server) gcs_actor_scheduler.cc:424: Actor creation task succeeded. actor_id=0e501481f5109f744c02831a01000000 worker_id=9634410be4be7ed4eb1d9a2888c400af613de9945423b3633a425a3e job_id=01000000 node_id=a31f058980d4793d5387b80abb8a836a0961c57c5dac8cc1c9deda21
[2026-09-09 05:14:11,870 I 3235759 3235759] (gcs_server) gcs_actor_manager.cc:1657: Actor created successfully job_id=01000000 actor_id=0e501481f5109f744c02831a01000000
[2026-09-09 05:14:11,870 I 3235759 3235759] (gcs_server) gcs_actor_manager.cc:449: Finished creating actor. Status: OK job_id=01000000 actor_id=0e501481f5109f744c02831a01000000
[2026-09-09 05:14:15,875 I 3235759 3235759] (gcs_server) gcs_actor_scheduler.cc:424: Actor creation task succeeded. actor_id=8af76984d7574fbd0fc28d1101000000 worker_id=f3c7de6ec99d8489e458cc78e54e2d4abb25593bac9755ee614f33c2 job_id=01000000 node_id=a31f058980d4793d5387b80abb8a836a0961c57c5dac8cc1c9deda21
[2026-09-09 05:14:15,875 I 3235759 3235759] (gcs_server) gcs_actor_manager.cc:1657: Actor created successfully job_id=01000000 actor_id=8af76984d7574fbd0fc28d1101000000
[2026-09-09 05:14:15,875 I 3235759 3235759] (gcs_server) gcs_actor_manager.cc:449: Finished creating actor. Status: OK job_id=01000000 actor_id=8af76984d7574fbd0fc28d1101000000
[2026-09-09 05:14:30,134 I 3235759 3235759] (gcs_server) gcs_actor_manager.cc:315: Registering actor job_id=01000000 actor_id=9e75a3ab0e374d59173de89301000000
[2026-09-09 05:14:30,134 I 3235759 3235759] (gcs_server) gcs_actor_manager.cc:319: Registered actor job_id=01000000 actor_id=9e75a3ab0e374d59173de89301000000
[2026-09-09 05:14:30,135 I 3235759 3235759] (gcs_server) gcs_actor_manager.cc:434: Creating actor job_id=01000000 actor_id=9e75a3ab0e374d59173de89301000000
[2026-09-09 05:14:30,135 I 3235759 3235759] (gcs_server) gcs_actor_scheduler.cc:239: Leasing worker for actor. actor_id=9e75a3ab0e374d59173de89301000000 job_id=01000000 node_id=a31f058980d4793d5387b80abb8a836a0961c57c5dac8cc1c9deda21
[2026-09-09 05:14:30,178 I 3235759 3235759] (gcs_server) gcs_actor_manager.cc:315: Registering actor job_id=01000000 actor_id=a44888efdf3c167a789c584e01000000
[2026-09-09 05:14:30,179 I 3235759 3235759] (gcs_server) gcs_actor_manager.cc:319: Registered actor job_id=01000000 actor_id=a44888efdf3c167a789c584e01000000
[2026-09-09 05:14:30,180 I 3235759 3235759] (gcs_server) gcs_actor_manager.cc:434: Creating actor job_id=01000000 actor_id=a44888efdf3c167a789c584e01000000
[2026-09-09 05:14:30,180 I 3235759 3235759] (gcs_server) gcs_actor_scheduler.cc:239: Leasing worker for actor. actor_id=a44888efdf3c167a789c584e01000000 job_id=01000000 node_id=a31f058980d4793d5387b80abb8a836a0961c57c5dac8cc1c9deda21
[2026-09-09 05:14:30,679 I 3235759 3235759] (gcs_server) gcs_actor_scheduler.cc:583: Finished leasing worker from a31f058980d4793d5387b80abb8a836a0961c57c5dac8cc1c9deda21 for actor 9e75a3ab0e374d59173de89301000000, job id = 01000000
[2026-09-09 05:14:30,679 I 3235759 3235759] (gcs_server) gcs_actor_scheduler.cc:385: Submitting actor creation task to worker. actor_id=9e75a3ab0e374d59173de89301000000 worker_id=b3085d76b52c49e15a6954f1c2754ceb1c9cbd528d51ba44ceeea74d node_id=a31f058980d4793d5387b80abb8a836a0961c57c5dac8cc1c9deda21 job_id=01000000
[2026-09-09 05:14:30,732 I 3235759 3235759] (gcs_server) gcs_actor_scheduler.cc:583: Finished leasing worker from a31f058980d4793d5387b80abb8a836a0961c57c5dac8cc1c9deda21 for actor a44888efdf3c167a789c584e01000000, job id = 01000000
[2026-09-09 05:14:30,732 I 3235759 3235759] (gcs_server) gcs_actor_scheduler.cc:385: Submitting actor creation task to worker. actor_id=a44888efdf3c167a789c584e01000000 worker_id=871d7b186824b90658223a64fa11e826317f7614a56deac1517c16a3 node_id=a31f058980d4793d5387b80abb8a836a0961c57c5dac8cc1c9deda21 job_id=01000000
[2026-09-09 05:14:34,774 I 3235759 3235759] (gcs_server) gcs_actor_scheduler.cc:424: Actor creation task succeeded. actor_id=a44888efdf3c167a789c584e01000000 worker_id=871d7b186824b90658223a64fa11e826317f7614a56deac1517c16a3 job_id=01000000 node_id=a31f058980d4793d5387b80abb8a836a0961c57c5dac8cc1c9deda21
[2026-09-09 05:14:34,774 I 3235759 3235759] (gcs_server) gcs_actor_manager.cc:1657: Actor created successfully job_id=01000000 actor_id=a44888efdf3c167a789c584e01000000
[2026-09-09 05:14:34,774 I 3235759 3235759] (gcs_server) gcs_actor_manager.cc:449: Finished creating actor. Status: OK job_id=01000000 actor_id=a44888efdf3c167a789c584e01000000
[2026-09-09 05:14:35,997 I 3235759 3235759] (gcs_server) gcs_actor_scheduler.cc:424: Actor creation task succeeded. actor_id=9e75a3ab0e374d59173de89301000000 worker_id=b3085d76b52c49e15a6954f1c2754ceb1c9cbd528d51ba44ceeea74d job_id=01000000 node_id=a31f058980d4793d5387b80abb8a836a0961c57c5dac8cc1c9deda21
[2026-09-09 05:14:35,997 I 3235759 3235759] (gcs_server) gcs_actor_manager.cc:1657: Actor created successfully job_id=01000000 actor_id=9e75a3ab0e374d59173de89301000000
[2026-09-09 05:14:35,997 I 3235759 3235759] (gcs_server) gcs_actor_manager.cc:449: Finished creating actor. Status: OK job_id=01000000 actor_id=9e75a3ab0e374d59173de89301000000
[2026-09-09 05:14:50,747 I 3235759 3235759] (gcs_server) gcs_server.cc:908: Gcs Debug state:

GcsNodeManager: 
- RegisterNode request count: 1
- DrainNode request count: 0
- GetAllNodeInfo request count: 24

GcsActorManager: 
- RegisterActor request count: 6
- CreateActor request count: 6
- GetActorInfo request count: 8
- GetNamedActorInfo request count: 5
- GetAllActorInfo request count: 0
- KillActor request count: 0
- ListNamedActors request count: 0
- Registered actors count: 6
- Destroyed actors count: 0
- Named actors count: 4
- Unresolved actors count: 0
- Pending actors count: 0
- Created actors count: 1
- owners_: 1
- actor_to_register_callbacks_: 0
- actor_to_restart_for_lineage_reconstruction_callbacks_: 0
- actor_to_create_callbacks_: 0
- sorted_destroyed_actor_list_: 0

GcsResourceManager: 
- GetAllAvailableResources request count: 1
- GetAllTotalResources request count: 0
- GetAllResourceUsage request count: 12

GcsPlacementGroupManager: 
- CreatePlacementGroup request count: 1
- RemovePlacementGroup request count: 0
- GetPlacementGroup request count: 3
- GetAllPlacementGroup request count: 0
- WaitPlacementGroupUntilReady request count: 1
- GetNamedPlacementGroup request count: 0
- Scheduling pending placement group count: 1
- Registered placement groups count: 1
- Named placement group count: 1
- Pending placement groups count: 0
- Infeasible placement groups count: 0

Publisher:
GCS_NODE_ADDRESS_AND_LIVENESS_CHANNEL
- cumulative published messages: 1
- cumulative published bytes: 92
- current buffered bytes: 0
RAY_LOG_CHANNEL
- cumulative published messages: 57
- cumulative published bytes: 100005
- current buffered bytes: 4573
GCS_NODE_INFO_CHANNEL
- cumulative published messages: 1
- cumulative published bytes: 740
- current buffered bytes: 0
GCS_ACTOR_CHANNEL
- cumulative published messages: 18
- cumulative published bytes: 12479
- current buffered bytes: 939
RAY_NODE_RESOURCE_USAGE_CHANNEL
- cumulative published messages: 12
- cumulative published bytes: 659897
- current buffered bytes: 0
GCS_WORKER_DELTA_CHANNEL
- cumulative published messages: 4
- cumulative published bytes: 384
- current buffered bytes: 96
GCS_JOB_CHANNEL
- cumulative published messages: 1
- cumulative published bytes: 795
- current buffered bytes: 795

[runtime env manager] ID to URIs table:
[runtime env manager] URIs reference table:

GcsTaskManager: 
-Total num task events reported: 323
-Total num status task events dropped: 0
-Total num profile events dropped: 0
-Current num of task events stored: 122
-Total num of actor creation tasks: 6
-Total num of actor tasks: 112
-Total num of normal tasks: 1
-Total num of driver tasks: 1

GcsAutoscalerStateManager: 
- last_seen_autoscaler_state_version_: 0
- last_cluster_resource_state_version_: 12
- pending demands:



[2026-09-09 05:14:50,748 I 3235759 3235759] (gcs_server) gcs_server.cc:922: Main service Event stats:


Global stats: 584 total (10 active)
Queueing time: mean = 1.62ms, max = 307.59ms, min = 0.00ms, total = 948.68ms
Execution time:  mean = 92.01ms, total = 53736.69ms
Event stats:
	GcsInMemoryStore.Put - 119 total (0 active), Execution time: mean = 2.65ms, total = 315.30ms, Queueing time: mean = 2.63ms, max = 307.43ms, min = 0.00ms, total = 312.76ms
	RayletLoadPulled - 60 total (1 active), Execution time: mean = 0.19ms, total = 11.65ms, Queueing time: mean = 0.10ms, max = 3.20ms, min = 0.00ms, total = 6.11ms
	NodeManagerService.grpc_client.GetResourceLoad - 58 total (0 active), Execution time: mean = 0.78ms, total = 45.01ms, Queueing time: mean = 0.00ms, max = -0.00ms, min = 9223372036854.78ms, total = 0.00ms
	NodeManagerService.grpc_client.GetResourceLoad.OnReplyReceived - 58 total (0 active), Execution time: mean = 0.02ms, total = 1.16ms, Queueing time: mean = 0.05ms, max = 2.34ms, min = 0.00ms, total = 2.88ms
	ClusterResourceManager.ResetRemoteNodeView - 20 total (1 active), Execution time: mean = 0.01ms, total = 0.12ms, Queueing time: mean = 0.16ms, max = 2.87ms, min = 0.00ms, total = 3.13ms
	GcsHealthCheckManager::MarkNodeHealthy - 15 total (0 active), Execution time: mean = 0.00ms, total = 0.02ms, Queueing time: mean = 0.05ms, max = 0.11ms, min = 0.01ms, total = 0.71ms
	GcsResourceManager::Update - 15 total (0 active), Execution time: mean = 0.04ms, total = 0.65ms, Queueing time: mean = 0.04ms, max = 0.10ms, min = 0.00ms, total = 0.63ms
	HealthCheck - 13 total (0 active), Execution time: mean = 0.00ms, total = 0.04ms, Queueing time: mean = 0.02ms, max = 0.06ms, min = 0.01ms, total = 0.24ms
	WorkerInfoGcsService.grpc_server.AddWorkerInfo.HandleRequestImpl - 12 total (0 active), Execution time: mean = 0.02ms, total = 0.21ms, Queueing time: mean = 0.02ms, max = 0.06ms, min = 0.00ms, total = 0.19ms
	NodeResourceInfoGcsService.grpc_server.GetAllResourceUsage - 12 total (0 active), Execution time: mean = 0.89ms, total = 10.70ms, Queueing time: mean = 0.00ms, max = -0.00ms, min = 9223372036854.78ms, total = 0.00ms
	NodeResourceInfoGcsService.grpc_server.GetAllResourceUsage.HandleRequestImpl - 12 total (0 active), Execution time: mean = 0.03ms, total = 0.32ms, Queueing time: mean = 0.09ms, max = 0.81ms, min = 0.01ms, total = 1.05ms
	WorkerInfoGcsService.grpc_server.AddWorkerInfo - 12 total (0 active), Execution time: mean = 0.27ms, total = 3.19ms, Queueing time: mean = 0.00ms, max = -0.00ms, min = 9223372036854.78ms, total = 0.00ms
	GCSServer.deadline_timer.metrics_report - 12 total (1 active), Execution time: mean = 0.09ms, total = 1.09ms, Queueing time: mean = 0.17ms, max = 1.84ms, min = 0.01ms, total = 2.10ms
	AutoscalerStateService.grpc_server.GetClusterResourceState - 12 total (0 active), Execution time: mean = 0.22ms, total = 2.69ms, Queueing time: mean = 0.00ms, max = -0.00ms, min = 9223372036854.78ms, total = 0.00ms
	AutoscalerStateService.grpc_server.GetClusterResourceState.HandleRequestImpl - 12 total (0 active), Execution time: mean = 0.03ms, total = 0.42ms, Queueing time: mean = 0.01ms, max = 0.02ms, min = 0.00ms, total = 0.08ms
	ActorInfoGcsService.grpc_server.GetActorInfo - 8 total (0 active), Execution time: mean = 0.11ms, total = 0.87ms, Queueing time: mean = 0.00ms, max = -0.00ms, min = 9223372036854.78ms, total = 0.00ms
	ActorInfoGcsService.grpc_server.GetActorInfo.HandleRequestImpl - 8 total (0 active), Execution time: mean = 0.01ms, total = 0.11ms, Queueing time: mean = 0.01ms, max = 0.01ms, min = 0.01ms, total = 0.06ms
	event_loop_lag_probe - 8 total (0 active), Execution time: mean = 0.00ms, total = 0.02ms, Queueing time: mean = 0.27ms, max = 2.05ms, min = 0.00ms, total = 2.14ms
	ActorInfoGcsService.grpc_server.CreateActor.HandleRequestImpl - 6 total (0 active), Execution time: mean = 0.19ms, total = 1.16ms, Queueing time: mean = 0.01ms, max = 0.02ms, min = 0.00ms, total = 0.05ms
	ActorInfoGcsService.grpc_server.RegisterActor.HandleRequestImpl - 6 total (0 active), Execution time: mean = 0.33ms, total = 1.99ms, Queueing time: mean = 0.01ms, max = 0.01ms, min = 0.01ms, total = 0.04ms
	CoreWorkerService.grpc_client.WaitForActorRefDeleted - 6 total (6 active), Execution time: mean = 0.00ms, total = 0.00ms, Queueing time: mean = 0.00ms, max = -0.00ms, min = 9223372036854.78ms, total = 0.00ms
	ActorInfoGcsService.grpc_server.RegisterActor - 6 total (0 active), Execution time: mean = 0.50ms, total = 3.02ms, Queueing time: mean = 0.00ms, max = -0.00ms, min = 9223372036854.78ms, total = 0.00ms
	CoreWorkerService.grpc_client.PushTask.OnReplyReceived - 6 total (0 active), Execution time: mean = 0.08ms, total = 0.49ms, Queueing time: mean = 0.01ms, max = 0.03ms, min = 0.01ms, total = 0.08ms
	ActorInfoGcsService.grpc_server.CreateActor - 6 total (0 active), Execution time: mean = 4418.27ms, total = 26509.64ms, Queueing time: mean = 0.00ms, max = -0.00ms, min = 9223372036854.78ms, total = 0.00ms
	CoreWorkerService.grpc_client.PushTask - 6 total (0 active), Execution time: mean = 3993.91ms, total = 23963.45ms, Queueing time: mean = 0.00ms, max = -0.00ms, min = 9223372036854.78ms, total = 0.00ms
	NodeManagerService.grpc_client.RequestWorkerLease.OnReplyReceived - 6 total (0 active), Execution time: mean = 0.20ms, total = 1.20ms, Queueing time: mean = 0.05ms, max = 0.22ms, min = 0.01ms, total = 0.31ms
	NodeManagerService.grpc_client.RequestWorkerLease - 6 total (0 active), Execution time: mean = 423.85ms, total = 2543.10ms, Queueing time: mean = 0.00ms, max = -0.00ms, min = 9223372036854.78ms, total = 0.00ms
	GcsInMemoryStore.GetAll - 6 total (0 active), Execution time: mean = 0.01ms, total = 0.06ms, Queueing time: mean = 0.05ms, max = 0.07ms, min = 0.02ms, total = 0.32ms
	ActorInfoGcsService.grpc_server.GetNamedActorInfo - 5 total (0 active), Execution time: mean = 0.33ms, total = 1.66ms, Queueing time: mean = 0.00ms, max = -0.00ms, min = 9223372036854.78ms, total = 0.00ms
	GcsInMemoryStore.Get - 5 total (0 active), Execution time: mean = 0.15ms, total = 0.73ms, Queueing time: mean = 0.01ms, max = 0.02ms, min = 0.01ms, total = 0.05ms
	ActorInfoGcsService.grpc_server.GetNamedActorInfo.HandleRequestImpl - 5 total (0 active), Execution time: mean = 0.04ms, total = 0.20ms, Queueing time: mean = 0.01ms, max = 0.01ms, min = 0.01ms, total = 0.05ms
	WorkerInfoGcsService.grpc_server.ReportWorkerFailure - 4 total (0 active), Execution time: mean = 0.68ms, total = 2.71ms, Queueing time: mean = 0.00ms, max = -0.00ms, min = 9223372036854.78ms, total = 0.00ms
	WorkerInfoGcsService.grpc_server.ReportWorkerFailure.HandleRequestImpl - 4 total (0 active), Execution time: mean = 0.02ms, total = 0.07ms, Queueing time: mean = 0.02ms, max = 0.02ms, min = 0.01ms, total = 0.06ms
	PeriodicalRunner.RunFnPeriodically - 4 total (0 active), Execution time: mean = 0.08ms, total = 0.32ms, Queueing time: mean = 153.85ms, max = 307.59ms, min = 0.05ms, total = 615.38ms
	PlacementGroupInfoGcsService.grpc_server.GetPlacementGroup.HandleRequestImpl - 3 total (0 active), Execution time: mean = 0.01ms, total = 0.03ms, Queueing time: mean = 0.00ms, max = 0.00ms, min = 0.00ms, total = 0.01ms
	PlacementGroupInfoGcsService.grpc_server.GetPlacementGroup - 3 total (0 active), Execution time: mean = 0.06ms, total = 0.18ms, Queueing time: mean = 0.00ms, max = -0.00ms, min = 9223372036854.78ms, total = 0.00ms
	NodeManagerService.grpc_client.CommitBundleResources - 1 total (0 active), Execution time: mean = 0.26ms, total = 0.26ms, Queueing time: mean = 0.00ms, max = -0.00ms, min = 9223372036854.78ms, total = 0.00ms
	JobInfoGcsService.grpc_server.AddJob - 1 total (0 active), Execution time: mean = 0.14ms, total = 0.14ms, Queueing time: mean = 0.00ms, max = -0.00ms, min = 9223372036854.78ms, total = 0.00ms
	PlacementGroupInfoGcsService.grpc_server.CreatePlacementGroup - 1 total (0 active), Execution time: mean = 0.18ms, total = 0.18ms, Queueing time: mean = 0.00ms, max = -0.00ms, min = 9223372036854.78ms, total = 0.00ms
	ReporterService.grpc_client.HealthCheck - 1 total (0 active), Execution time: mean = 1.65ms, total = 1.65ms, Queueing time: mean = 0.00ms, max = -0.00ms, min = 9223372036854.78ms, total = 0.00ms
	NodeResourceInfoGcsService.grpc_server.GetAllAvailableResources - 1 total (0 active), Execution time: mean = 0.18ms, total = 0.18ms, Queueing time: mean = 0.00ms, max = -0.00ms, min = 9223372036854.78ms, total = 0.00ms
	NodeManager.AddNodeCallback - 1 total (0 active), Execution time: mean = 0.58ms, total = 0.58ms, Queueing time: mean = 0.03ms, max = 0.03ms, min = 0.03ms, total = 0.03ms
	JobInfoGcsService.grpc_server.GetNextJobID.HandleRequestImpl - 1 total (0 active), Execution time: mean = 0.01ms, total = 0.01ms, Queueing time: mean = 0.01ms, max = 0.01ms, min = 0.01ms, total = 0.01ms
	PlacementGroupInfoGcsService.grpc_server.WaitPlacementGroupUntilReady.HandleRequestImpl - 1 total (0 active), Execution time: mean = 0.02ms, total = 0.02ms, Queueing time: mean = 0.01ms, max = 0.01ms, min = 0.01ms, total = 0.01ms
	GcsHealthCheckManager::AddNode - 1 total (0 active), Execution time: mean = 0.01ms, total = 0.01ms, Queueing time: mean = 0.00ms, max = 0.00ms, min = 0.00ms, total = 0.00ms
	GCSServer.deadline_timer.debug_state_event_stats_print - 1 total (1 active, 1 running), Execution time: mean = 0.00ms, total = 0.00ms, Queueing time: mean = 0.00ms, max = -0.00ms, min = 9223372036854.78ms, total = 0.00ms
	NodeManagerService.grpc_client.PrepareBundleResources.OnReplyReceived - 1 total (0 active), Execution time: mean = 0.03ms, total = 0.03ms, Queueing time: mean = 0.00ms, max = 0.00ms, min = 0.00ms, total = 0.00ms
	NodeManagerService.grpc_client.PrepareBundleResources - 1 total (0 active), Execution time: mean = 0.55ms, total = 0.55ms, Queueing time: mean = 0.00ms, max = -0.00ms, min = 9223372036854.78ms, total = 0.00ms
	GcsInitData::AsyncLoad - 1 total (0 active), Execution time: mean = 0.01ms, total = 0.01ms, Queueing time: mean = 0.00ms, max = 0.00ms, min = 0.00ms, total = 0.00ms
	ReporterService.grpc_client.HealthCheck.OnReplyReceived - 1 total (0 active), Execution time: mean = 0.10ms, total = 0.10ms, Queueing time: mean = 0.12ms, max = 0.12ms, min = 0.12ms, total = 0.12ms
	JobInfoGcsService.grpc_server.GetNextJobID - 1 total (0 active), Execution time: mean = 0.09ms, total = 0.09ms, Queueing time: mean = 0.00ms, max = -0.00ms, min = 9223372036854.78ms, total = 0.00ms
	NodeManagerService.grpc_client.CommitBundleResources.OnReplyReceived - 1 total (0 active), Execution time: mean = 0.06ms, total = 0.06ms, Queueing time: mean = 0.00ms, max = 0.00ms, min = 0.00ms, total = 0.00ms
	GcsPlacementGroupManager.SchedulePendingPlacementGroups - 1 total (0 active), Execution time: mean = 0.00ms, total = 0.00ms, Queueing time: mean = 0.05ms, max = 0.05ms, min = 0.05ms, total = 0.05ms
	JobInfoGcsService.grpc_server.GetAllJobInfo - 1 total (0 active), Execution time: mean = 0.98ms, total = 0.98ms, Queueing time: mean = 0.00ms, max = -0.00ms, min = 9223372036854.78ms, total = 0.00ms
	PlacementGroupInfoGcsService.grpc_server.WaitPlacementGroupUntilReady - 1 total (0 active), Execution time: mean = 0.53ms, total = 0.53ms, Queueing time: mean = 0.00ms, max = -0.00ms, min = 9223372036854.78ms, total = 0.00ms
	NodeResourceInfoGcsService.grpc_server.GetAllAvailableResources.HandleRequestImpl - 1 total (0 active), Execution time: mean = 0.02ms, total = 0.02ms, Queueing time: mean = 0.01ms, max = 0.01ms, min = 0.01ms, total = 0.01ms
	GcsServer.GetOrGenerateClusterId.continuation - 1 total (0 active), Execution time: mean = 307.61ms, total = 307.61ms, Queueing time: mean = 0.00ms, max = 0.00ms, min = 0.00ms, total = 0.00ms
	JobInfoGcsService.grpc_server.AddJob.HandleRequestImpl - 1 total (0 active), Execution time: mean = 0.04ms, total = 0.04ms, Queueing time: mean = 0.00ms, max = 0.00ms, min = 0.00ms, total = 0.00ms
	PlacementGroupInfoGcsService.grpc_server.CreatePlacementGroup.HandleRequestImpl - 1 total (0 active), Execution time: mean = 0.05ms, total = 0.05ms, Queueing time: mean = 0.01ms, max = 0.01ms, min = 0.01ms, total = 0.01ms
	GcsInMemoryStore.GetNextJobID - 1 total (0 active), Execution time: mean = 0.00ms, total = 0.00ms, Queueing time: mean = 0.01ms, max = 0.01ms, min = 0.01ms, total = 0.01ms
	JobInfoGcsService.grpc_server.GetAllJobInfo.HandleRequestImpl - 1 total (0 active), Execution time: mean = 0.02ms, total = 0.02ms, Queueing time: mean = 0.01ms, max = 0.01ms, min = 0.01ms, total = 0.01ms


[2026-09-09 05:14:50,748 I 3235759 3235759] (gcs_server) gcs_server.cc:926: task_io_context Event stats:


Global stats: 140 total (1 active)
Queueing time: mean = 0.21ms, max = 27.31ms, min = 0.00ms, total = 29.94ms
Execution time:  mean = 0.17ms, total = 23.76ms
Event stats:
	TaskInfoGcsService.grpc_server.AddTaskEventData - 59 total (0 active), Execution time: mean = 0.36ms, total = 21.21ms, Queueing time: mean = 0.00ms, max = -0.00ms, min = 9223372036854.78ms, total = 0.00ms
	TaskInfoGcsService.grpc_server.AddTaskEventData.HandleRequestImpl - 59 total (0 active), Execution time: mean = 0.04ms, total = 2.34ms, Queueing time: mean = 0.04ms, max = 1.14ms, min = 0.01ms, total = 2.27ms
	GcsTaskManager.GcJobSummary - 13 total (1 active), Execution time: mean = 0.01ms, total = 0.07ms, Queueing time: mean = 2.11ms, max = 27.31ms, min = 0.01ms, total = 27.47ms
	event_loop_lag_probe - 8 total (0 active), Execution time: mean = 0.02ms, total = 0.14ms, Queueing time: mean = 0.02ms, max = 0.12ms, min = 0.00ms, total = 0.19ms
	PeriodicalRunner.RunFnPeriodically - 1 total (0 active), Execution time: mean = 0.00ms, total = 0.00ms, Queueing time: mean = 0.00ms, max = 0.00ms, min = 0.00ms, total = 0.00ms


[2026-09-09 05:14:50,748 I 3235759 3235759] (gcs_server) gcs_server.cc:926: pubsub_io_context Event stats:


Global stats: 326 total (8 active)
Queueing time: mean = 0.02ms, max = 0.99ms, min = 0.00ms, total = 5.55ms
Execution time:  mean = 305.49ms, total = 99589.65ms
Event stats:
	InternalPubSubGcsService.grpc_server.GcsSubscriberPoll - 71 total (7 active), Execution time: mean = 1402.14ms, total = 99551.69ms, Queueing time: mean = 0.00ms, max = -0.00ms, min = 9223372036854.78ms, total = 0.00ms
	InternalPubSubGcsService.grpc_server.GcsSubscriberPoll.HandleRequestImpl - 71 total (0 active), Execution time: mean = 0.02ms, total = 1.73ms, Queueing time: mean = 0.03ms, max = 0.67ms, min = 0.00ms, total = 1.98ms
	InternalPubSubGcsService.grpc_server.GcsPublish.HandleRequestImpl - 69 total (0 active), Execution time: mean = 0.08ms, total = 5.50ms, Queueing time: mean = 0.03ms, max = 0.92ms, min = 0.00ms, total = 1.75ms
	InternalPubSubGcsService.grpc_server.GcsPublish - 69 total (0 active), Execution time: mean = 0.36ms, total = 25.16ms, Queueing time: mean = 0.00ms, max = -0.00ms, min = 9223372036854.78ms, total = 0.00ms
	InternalPubSubGcsService.grpc_server.GcsSubscriberCommandBatch - 16 total (0 active), Execution time: mean = 0.27ms, total = 4.37ms, Queueing time: mean = 0.00ms, max = -0.00ms, min = 9223372036854.78ms, total = 0.00ms
	InternalPubSubGcsService.grpc_server.GcsSubscriberCommandBatch.HandleRequestImpl - 16 total (0 active), Execution time: mean = 0.07ms, total = 1.11ms, Queueing time: mean = 0.10ms, max = 0.99ms, min = 0.00ms, total = 1.55ms
	event_loop_lag_probe - 8 total (0 active), Execution time: mean = 0.01ms, total = 0.08ms, Queueing time: mean = 0.02ms, max = 0.10ms, min = 0.00ms, total = 0.13ms
	RemoveSubscriberFrom - 4 total (0 active), Execution time: mean = 0.00ms, total = 0.00ms, Queueing time: mean = 0.03ms, max = 0.05ms, min = 0.01ms, total = 0.13ms
	Publisher.CheckDeadSubscribers - 1 total (1 active), Execution time: mean = 0.00ms, total = 0.00ms, Queueing time: mean = 0.00ms, max = -0.00ms, min = 9223372036854.78ms, total = 0.00ms
	PeriodicalRunner.RunFnPeriodically - 1 total (0 active), Execution time: mean = 0.01ms, total = 0.01ms, Queueing time: mean = 0.01ms, max = 0.01ms, min = 0.01ms, total = 0.01ms


[2026-09-09 05:14:50,748 I 3235759 3235759] (gcs_server) gcs_server.cc:926: ray_syncer_io_context Event stats:


Global stats: 40 total (0 active)
Queueing time: mean = 0.04ms, max = 1.09ms, min = 0.00ms, total = 1.68ms
Execution time:  mean = 0.02ms, total = 0.98ms
Event stats:
	 - 15 total (0 active), Execution time: mean = 0.05ms, total = 0.80ms, Queueing time: mean = 0.10ms, max = 1.09ms, min = 0.01ms, total = 1.55ms
	RaySyncer.BroadcastMessage - 15 total (0 active), Execution time: mean = 0.01ms, total = 0.12ms, Queueing time: mean = 0.00ms, max = 0.00ms, min = 0.00ms, total = 0.00ms
	event_loop_lag_probe - 8 total (0 active), Execution time: mean = 0.01ms, total = 0.06ms, Queueing time: mean = 0.01ms, max = 0.09ms, min = 0.00ms, total = 0.12ms
	RaySyncerRegister - 2 total (0 active), Execution time: mean = 0.00ms, total = 0.00ms, Queueing time: mean = 0.00ms, max = 0.01ms, min = 0.00ms, total = 0.01ms


[2026-09-09 05:14:50,748 I 3235759 3235759] (gcs_server) gcs_server.cc:926: ray_event_io_context Event stats:


Global stats: 8 total (0 active)
Queueing time: mean = 0.13ms, max = 1.06ms, min = 0.00ms, total = 1.08ms
Execution time:  mean = 0.01ms, total = 0.06ms
Event stats:
	event_loop_lag_probe - 8 total (0 active), Execution time: mean = 0.01ms, total = 0.06ms, Queueing time: mean = 0.13ms, max = 1.06ms, min = 0.00ms, total = 1.08ms


[2026-09-09 05:14:50,748 I 3235759 3235759] (gcs_server) gcs_server.cc:926: internal_kv_io_context Event stats:


Global stats: 436 total (0 active)
Queueing time: mean = 0.02ms, max = 2.60ms, min = 0.00ms, total = 10.31ms
Execution time:  mean = 0.11ms, total = 46.06ms
Event stats:
	InternalKVGcsService.grpc_server.InternalKVGet.HandleRequestImpl - 88 total (0 active), Execution time: mean = 0.03ms, total = 2.95ms, Queueing time: mean = 0.07ms, max = 2.60ms, min = 0.00ms, total = 6.12ms
	InternalKVGcsService.grpc_server.InternalKVGet - 88 total (0 active), Execution time: mean = 0.30ms, total = 26.34ms, Queueing time: mean = 0.00ms, max = -0.00ms, min = 9223372036854.78ms, total = 0.00ms
	GcsInMemoryStore.Get - 88 total (0 active), Execution time: mean = 0.02ms, total = 2.14ms, Queueing time: mean = 0.01ms, max = 0.05ms, min = 0.00ms, total = 0.71ms
	GcsInMemoryStore.Put - 52 total (0 active), Execution time: mean = 0.02ms, total = 0.87ms, Queueing time: mean = 0.01ms, max = 0.03ms, min = 0.00ms, total = 0.40ms
	InternalKVGcsService.grpc_server.InternalKVPut.HandleRequestImpl - 52 total (0 active), Execution time: mean = 0.03ms, total = 1.53ms, Queueing time: mean = 0.05ms, max = 1.15ms, min = 0.00ms, total = 2.65ms
	InternalKVGcsService.grpc_server.InternalKVPut - 52 total (0 active), Execution time: mean = 0.19ms, total = 9.77ms, Queueing time: mean = 0.00ms, max = -0.00ms, min = 9223372036854.78ms, total = 0.00ms
	event_loop_lag_probe - 8 total (0 active), Execution time: mean = 0.01ms, total = 0.06ms, Queueing time: mean = 0.05ms, max = 0.38ms, min = 0.00ms, total = 0.40ms
	InternalKVGcsService.grpc_server.InternalKVDel.HandleRequestImpl - 1 total (0 active), Execution time: mean = 0.04ms, total = 0.04ms, Queueing time: mean = 0.01ms, max = 0.01ms, min = 0.01ms, total = 0.01ms
	InternalKVGcsService.grpc_server.InternalKVExists - 1 total (0 active), Execution time: mean = 0.19ms, total = 0.19ms, Queueing time: mean = 0.00ms, max = -0.00ms, min = 9223372036854.78ms, total = 0.00ms
	InternalKVGcsService.grpc_server.InternalKVExists.HandleRequestImpl - 1 total (0 active), Execution time: mean = 0.03ms, total = 0.03ms, Queueing time: mean = 0.01ms, max = 0.01ms, min = 0.01ms, total = 0.01ms
	GcsInMemoryStore.Delete - 1 total (0 active), Execution time: mean = 0.01ms, total = 0.01ms, Queueing time: mean = 0.01ms, max = 0.01ms, min = 0.01ms, total = 0.01ms
	GcsInMemoryStore.Exists - 1 total (0 active), Execution time: mean = 0.01ms, total = 0.01ms, Queueing time: mean = 0.01ms, max = 0.01ms, min = 0.01ms, total = 0.01ms
	InternalKVGcsService.grpc_server.GetInternalConfig - 1 total (0 active), Execution time: mean = 1.94ms, total = 1.94ms, Queueing time: mean = 0.00ms, max = -0.00ms, min = 9223372036854.78ms, total = 0.00ms
	InternalKVGcsService.grpc_server.InternalKVDel - 1 total (0 active), Execution time: mean = 0.16ms, total = 0.16ms, Queueing time: mean = 0.00ms, max = -0.00ms, min = 9223372036854.78ms, total = 0.00ms
	InternalKVGcsService.grpc_server.GetInternalConfig.HandleRequestImpl - 1 total (0 active), Execution time: mean = 0.03ms, total = 0.03ms, Queueing time: mean = 0.01ms, max = 0.01ms, min = 0.01ms, total = 0.01ms


[2026-09-09 05:14:50,748 I 3235759 3235759] (gcs_server) gcs_server.cc:926: node_manager_io_context Event stats:


Global stats: 119 total (0 active)
Queueing time: mean = 0.04ms, max = 2.72ms, min = 0.00ms, total = 4.30ms
Execution time:  mean = 0.14ms, total = 16.93ms
Event stats:
	NodeInfoGcsService.grpc_server.GetAllNodeInfo - 19 total (0 active), Execution time: mean = 0.11ms, total = 2.03ms, Queueing time: mean = 0.00ms, max = -0.00ms, min = 9223372036854.78ms, total = 0.00ms
	NodeInfoGcsService.grpc_server.GetAllNodeInfo.HandleRequestImpl - 19 total (0 active), Execution time: mean = 0.02ms, total = 0.47ms, Queueing time: mean = 0.01ms, max = 0.01ms, min = 0.00ms, total = 0.12ms
	NodeInfoGcsService.grpc_server.GetClusterId.HandleRequestImpl - 17 total (0 active), Execution time: mean = 0.02ms, total = 0.35ms, Queueing time: mean = 0.18ms, max = 2.72ms, min = 0.00ms, total = 3.06ms
	NodeInfoGcsService.grpc_server.GetClusterId - 17 total (0 active), Execution time: mean = 0.45ms, total = 7.58ms, Queueing time: mean = 0.00ms, max = -0.00ms, min = 9223372036854.78ms, total = 0.00ms
	NodeInfoGcsService.grpc_server.CheckAlive - 13 total (0 active), Execution time: mean = 0.23ms, total = 2.97ms, Queueing time: mean = 0.00ms, max = -0.00ms, min = 9223372036854.78ms, total = 0.00ms
	NodeInfoGcsService.grpc_server.CheckAlive.HandleRequestImpl - 13 total (0 active), Execution time: mean = 0.02ms, total = 0.27ms, Queueing time: mean = 0.07ms, max = 0.74ms, min = 0.01ms, total = 0.96ms
	event_loop_lag_probe - 8 total (0 active), Execution time: mean = 0.01ms, total = 0.05ms, Queueing time: mean = 0.01ms, max = 0.06ms, min = 0.00ms, total = 0.07ms
	NodeInfoGcsService.grpc_server.GetAllNodeAddressAndLiveness - 5 total (0 active), Execution time: mean = 0.40ms, total = 1.98ms, Queueing time: mean = 0.00ms, max = -0.00ms, min = 9223372036854.78ms, total = 0.00ms
	NodeInfoGcsService.grpc_server.GetAllNodeAddressAndLiveness.HandleRequestImpl - 5 total (0 active), Execution time: mean = 0.12ms, total = 0.60ms, Queueing time: mean = 0.01ms, max = 0.04ms, min = 0.00ms, total = 0.07ms
	NodeInfoGcsService.grpc_server.RegisterNode - 1 total (0 active), Execution time: mean = 0.55ms, total = 0.55ms, Queueing time: mean = 0.00ms, max = -0.00ms, min = 9223372036854.78ms, total = 0.00ms
	GcsInMemoryStore.Put - 1 total (0 active), Execution time: mean = 0.03ms, total = 0.03ms, Queueing time: mean = 0.01ms, max = 0.01ms, min = 0.01ms, total = 0.01ms
	NodeInfoGcsService.grpc_server.RegisterNode.HandleRequestImpl - 1 total (0 active), Execution time: mean = 0.05ms, total = 0.05ms, Queueing time: mean = 0.01ms, max = 0.01ms, min = 0.01ms, total = 0.01ms


[2026-09-09 05:14:54,670 I 3235759 3235759] (gcs_server) gcs_actor_manager.cc:991: Destroying actor, force_kill=0, timeout_ms=30000 job_id=01000000 actor_id=a0818a56258eb0435b086a7301000000
[2026-09-09 05:14:54,671 I 3235759 3235759] (gcs_server) gcs_actor_manager.cc:966: Actor a0818a56258eb0435b086a7301000000 has no references, destroying actor, job id = 01000000
[2026-09-09 05:14:54,671 I 3235759 3235797] (gcs_server) gcs_node_manager.cc:175: HandleUnregisterNode() for node node_id=a31f058980d4793d5387b80abb8a836a0961c57c5dac8cc1c9deda21 grpc_peer=ipv4:155.103.252.95:41988
[2026-09-09 05:14:54,671 I 3235759 3235797] (gcs_server) gcs_node_manager.cc:641: , death reason = EXPECTED_TERMINATION, death message = received SIGTERM node_id=a31f058980d4793d5387b80abb8a836a0961c57c5dac8cc1c9deda21 node_name=155.103.252.95
[2026-09-09 05:14:54,672 I 3235759 3235759] (gcs_server) gcs_placement_group_manager.cc:685: Node is dead, rescheduling the placement groups on the dead node. node_id=a31f058980d4793d5387b80abb8a836a0961c57c5dac8cc1c9deda21
[2026-09-09 05:14:54,672 I 3235759 3235759] (gcs_server) gcs_placement_group_manager.cc:693: Rescheduling a bundle when a node dies, placement group id:9e692d52f7f91c7d2c886b169ed101000000 bundle index:0
[2026-09-09 05:14:54,672 I 3235759 3235759] (gcs_server) gcs_actor_manager.cc:1314: Node died; killing actors that were owned by workers on it: 0e501481f5109f744c02831a01000000, 32e3daa4611609565454094801000000, a44888efdf3c167a789c584e01000000, 8af76984d7574fbd0fc28d1101000000, 9e75a3ab0e374d59173de89301000000 node_id=a31f058980d4793d5387b80abb8a836a0961c57c5dac8cc1c9deda21
[2026-09-09 05:14:54,672 I 3235759 3235759] (gcs_server) gcs_actor_manager.cc:991: Destroying actor, force_kill=1, timeout_ms=-1 job_id=01000000 actor_id=0e501481f5109f744c02831a01000000
[2026-09-09 05:14:54,672 I 3235759 3235759] (gcs_server) gcs_actor_manager.cc:900: Actor name reward_loop_worker_0 is cleaned up.
[2026-09-09 05:14:54,672 I 3235759 3235759] (gcs_server) gcs_actor_manager.cc:991: Destroying actor, force_kill=1, timeout_ms=-1 job_id=01000000 actor_id=32e3daa4611609565454094801000000
[2026-09-09 05:14:54,672 I 3235759 3235759] (gcs_server) gcs_actor_manager.cc:900: Actor name o7RdSjWorkerDict_0:0 is cleaned up.
[2026-09-09 05:14:54,672 I 3235759 3235759] (gcs_server) gcs_actor_manager.cc:991: Destroying actor, force_kill=1, timeout_ms=-1 job_id=01000000 actor_id=a44888efdf3c167a789c584e01000000
[2026-09-09 05:14:54,672 I 3235759 3235759] (gcs_server) gcs_actor_manager.cc:900: Actor name agent_loop_worker_0_c62cb7a0 is cleaned up.
[2026-09-09 05:14:54,672 I 3235759 3235759] (gcs_server) gcs_actor_manager.cc:991: Destroying actor, force_kill=1, timeout_ms=-1 job_id=01000000 actor_id=8af76984d7574fbd0fc28d1101000000
[2026-09-09 05:14:54,672 I 3235759 3235759] (gcs_server) gcs_actor_manager.cc:900: Actor name vllm_server_0_0 is cleaned up.
[2026-09-09 05:14:54,672 I 3235759 3235759] (gcs_server) gcs_actor_manager.cc:991: Destroying actor, force_kill=1, timeout_ms=-1 job_id=01000000 actor_id=9e75a3ab0e374d59173de89301000000
[2026-09-09 05:14:54,672 I 3235759 3235759] (gcs_server) gcs_job_manager.cc:489: Node is dead, marking all jobs with drivers on this node as finished. node_id=a31f058980d4793d5387b80abb8a836a0961c57c5dac8cc1c9deda21
[2026-09-09 05:14:54,674 I 3235759 3235759] (gcs_server) gcs_job_manager.cc:157: Marking job as finished. job_id=01000000
[2026-09-09 05:14:54,674 I 3235759 3235759] (gcs_server) gcs_placement_group_scheduler.cc:624: Cancelling all committed bundles of a placement group, id is 9e692d52f7f91c7d2c886b169ed101000000
[2026-09-09 05:14:54,674 I 3235759 3235759] (gcs_server) gcs_placement_group_manager.cc:766: Removed placement group because its job finished. placement_group_id=9e692d52f7f91c7d2c886b169ed101000000
[2026-09-09 05:14:54,726 I 3235759 3235759] (gcs_server) gcs_actor_manager.cc:1869: Node with actor is already dead, return status: RpcError: RPC error: Cancelling all calls rpc_code: 14 actor_id=32e3daa4611609565454094801000000 node_id=a31f058980d4793d5387b80abb8a836a0961c57c5dac8cc1c9deda21
[2026-09-09 05:14:54,726 I 3235759 3235759] (gcs_server) gcs_actor_manager.cc:1869: Node with actor is already dead, return status: RpcError: RPC error: Cancelling all calls rpc_code: 14 actor_id=a44888efdf3c167a789c584e01000000 node_id=a31f058980d4793d5387b80abb8a836a0961c57c5dac8cc1c9deda21
[2026-09-09 05:14:54,726 I 3235759 3235759] (gcs_server) gcs_actor_manager.cc:1869: Node with actor is already dead, return status: RpcError: RPC error: Cancelling all calls rpc_code: 14 actor_id=a0818a56258eb0435b086a7301000000 node_id=a31f058980d4793d5387b80abb8a836a0961c57c5dac8cc1c9deda21
[2026-09-09 05:14:54,728 I 3235759 3235759] (gcs_server) gcs_actor_manager.cc:1869: Node with actor is already dead, return status: RpcError: RPC error: Cancelling all calls rpc_code: 14 actor_id=0e501481f5109f744c02831a01000000 node_id=a31f058980d4793d5387b80abb8a836a0961c57c5dac8cc1c9deda21
[2026-09-09 05:14:54,728 I 3235759 3235759] (gcs_server) gcs_actor_manager.cc:1869: Node with actor is already dead, return status: RpcError: RPC error: Cancelling all calls rpc_code: 14 actor_id=8af76984d7574fbd0fc28d1101000000 node_id=a31f058980d4793d5387b80abb8a836a0961c57c5dac8cc1c9deda21
[2026-09-09 05:14:54,728 I 3235759 3235759] (gcs_server) gcs_actor_manager.cc:1869: Node with actor is already dead, return status: RpcError: RPC error: Cancelling all calls rpc_code: 14 actor_id=9e75a3ab0e374d59173de89301000000 node_id=a31f058980d4793d5387b80abb8a836a0961c57c5dac8cc1c9deda21
[2026-09-09 05:14:54,733 I 3235759 3235794] (gcs_server) ray_syncer_bidi_reactor_base.h:243: Failed to read a message from node: a31f058980d4793d5387b80abb8a836a0961c57c5dac8cc1c9deda21
[2026-09-09 05:14:54,733 I 3235759 3235794] (gcs_server) ray_syncer.cc:253: Connection is broken. node_id=a31f058980d4793d5387b80abb8a836a0961c57c5dac8cc1c9deda21
[2026-09-09 05:14:54,738 I 3235759 3235759] (gcs_server) gcs_server_main.cc:241: GCS server received SIGTERM, shutting down...
[2026-09-09 05:14:54,740 I 3235759 3235759] (gcs_server) gcs_server.cc:326: Stopping GCS server.
[2026-09-09 05:14:54,740 I 3235759 3235759] (gcs_server) ray_event_recorder.cc:66: Stopping RayEventRecorder and flushing remaining events.
[2026-09-09 05:14:54,763 I 3235759 3235759] (gcs_server) gcs_server.cc:345: GCS server stopped.
[2026-09-09 05:14:54,772 W 3235759 3247395] (gcs_server) open_telemetry_metric_recorder.cc:67: Failed to export metrics to the metrics agent. Result: 1
[2026-09-09 05:14:54,779 I 3235759 3235759] (gcs_server) stats.h:164: Stats module has shutdown.
