2026-09-09 05:13:51,659	INFO log_monitor.py:168 -- Starting log monitor with [max open files=200], [is_autoscaler_v2=False]
2026-09-09 05:13:51,659	INFO log_monitor.py:290 -- Beginning to track file raylet.err
2026-09-09 05:13:51,660	INFO log_monitor.py:290 -- Beginning to track file monitor.log
2026-09-09 05:13:51,660	INFO log_monitor.py:290 -- Beginning to track file gcs_server.err
2026-09-09 05:13:56,389	INFO log_monitor.py:290 -- Beginning to track file worker-ae1c42910275970d4b36e22df3bea57766acdcc58004a49c5a9d4dd3-ffffffff-3237867.err
2026-09-09 05:13:56,389	INFO log_monitor.py:290 -- Beginning to track file worker-8a703919e3db9b89630d1311527f0b980ba7d9ac0076b42835ee2a5a-ffffffff-3237858.err
2026-09-09 05:13:56,389	INFO log_monitor.py:290 -- Beginning to track file worker-54de059347cc8117ea9bec01a3ddb0c2500e22a080ea0dc3789eb6b6-ffffffff-3237866.err
2026-09-09 05:13:56,389	INFO log_monitor.py:290 -- Beginning to track file worker-f2df128bdf3b7abf9be10262afb701ed1dad9623d87f0072ec0da548-ffffffff-3237857.err
2026-09-09 05:13:56,389	INFO log_monitor.py:290 -- Beginning to track file worker-ae1c42910275970d4b36e22df3bea57766acdcc58004a49c5a9d4dd3-ffffffff-3237867.out
2026-09-09 05:13:56,389	INFO log_monitor.py:290 -- Beginning to track file worker-f2df128bdf3b7abf9be10262afb701ed1dad9623d87f0072ec0da548-ffffffff-3237857.out
2026-09-09 05:13:56,389	INFO log_monitor.py:290 -- Beginning to track file worker-8a703919e3db9b89630d1311527f0b980ba7d9ac0076b42835ee2a5a-ffffffff-3237858.out
2026-09-09 05:13:56,389	INFO log_monitor.py:290 -- Beginning to track file worker-54de059347cc8117ea9bec01a3ddb0c2500e22a080ea0dc3789eb6b6-ffffffff-3237866.out
2026-09-09 05:13:56,794	INFO log_monitor.py:290 -- Beginning to track file worker-fc6ee09a12792a3b6e08fcfdedb8765911dee02666da6e2932944852-01000000-3238164.err
2026-09-09 05:13:56,794	INFO log_monitor.py:290 -- Beginning to track file worker-fc6ee09a12792a3b6e08fcfdedb8765911dee02666da6e2932944852-01000000-3238164.out
2026-09-09 05:14:01,523	INFO log_monitor.py:290 -- Beginning to track file worker-17cab04a15944ec0c51d05a3235df817fc1407d142432e954accd5ea-01000000-3239192.out
2026-09-09 05:14:01,523	INFO log_monitor.py:290 -- Beginning to track file worker-17cab04a15944ec0c51d05a3235df817fc1407d142432e954accd5ea-01000000-3239192.err
2026-09-09 05:14:02,028	INFO log_monitor.py:290 -- Beginning to track file worker-8b7da7be3b4cf8be95c4b43702b0a47ba0ed251be134e48e3fafdc4f-01000000-3239360.err
2026-09-09 05:14:02,028	INFO log_monitor.py:290 -- Beginning to track file worker-8b7da7be3b4cf8be95c4b43702b0a47ba0ed251be134e48e3fafdc4f-01000000-3239360.out
2026-09-09 05:14:08,971	INFO log_monitor.py:290 -- Beginning to track file worker-9634410be4be7ed4eb1d9a2888c400af613de9945423b3633a425a3e-01000000-3240954.err
2026-09-09 05:14:08,971	INFO log_monitor.py:290 -- Beginning to track file worker-9634410be4be7ed4eb1d9a2888c400af613de9945423b3633a425a3e-01000000-3240954.out
2026-09-09 05:14:10,579	INFO log_monitor.py:290 -- Beginning to track file worker-f3c7de6ec99d8489e458cc78e54e2d4abb25593bac9755ee614f33c2-01000000-3241213.err
2026-09-09 05:14:10,579	INFO log_monitor.py:290 -- Beginning to track file worker-f3c7de6ec99d8489e458cc78e54e2d4abb25593bac9755ee614f33c2-01000000-3241213.out
2026-09-09 05:14:30,706	INFO log_monitor.py:290 -- Beginning to track file worker-b3085d76b52c49e15a6954f1c2754ceb1c9cbd528d51ba44ceeea74d-01000000-3242772.out
2026-09-09 05:14:30,706	INFO log_monitor.py:290 -- Beginning to track file worker-b3085d76b52c49e15a6954f1c2754ceb1c9cbd528d51ba44ceeea74d-01000000-3242772.err
2026-09-09 05:14:30,807	INFO log_monitor.py:290 -- Beginning to track file worker-871d7b186824b90658223a64fa11e826317f7614a56deac1517c16a3-01000000-3242773.err
2026-09-09 05:14:30,807	INFO log_monitor.py:290 -- Beginning to track file worker-871d7b186824b90658223a64fa11e826317f7614a56deac1517c16a3-01000000-3242773.out
