2026-09-09 05:13:51,090	INFO monitor.py:715 -- Starting monitor using ray installation: /home/ubuntu/ai-infra-book-experiments/tools/verl-private/verl-project-verl-d040717/.venv/lib/python3.12/site-packages/ray/__init__.py
2026-09-09 05:13:51,090	INFO monitor.py:716 -- Ray version: 2.55.1
2026-09-09 05:13:51,090	INFO monitor.py:717 -- Ray commit: 237c2455ebb1ea15a32dd9e1fdeb2d617badc37f
2026-09-09 05:13:51,090	INFO monitor.py:718 -- Monitor started with command: ['/home/ubuntu/ai-infra-book-experiments/tools/verl-private/verl-project-verl-d040717/.venv/lib/python3.12/site-packages/ray/autoscaler/_private/monitor.py', '--logs-dir=/home/ubuntu/ai-infra-book-experiments/tools/verl-private/r/main/logs', '--logging-rotate-bytes=536870912', '--logging-rotate-backup-count=5', '--gcs-address=155.103.252.95:6398', '--stdout-filepath=/home/ubuntu/ai-infra-book-experiments/tools/verl-private/r/main/logs/monitor.out', '--stderr-filepath=/home/ubuntu/ai-infra-book-experiments/tools/verl-private/r/main/logs/monitor.err', '--monitor-ip=155.103.252.95']
2026-09-09 05:13:51,100	INFO monitor.py:161 -- session_name: main
2026-09-09 05:13:51,101	INFO monitor.py:193 -- Starting autoscaler metrics server on port 44217
2026-09-09 05:13:51,102	INFO monitor.py:218 -- Monitor: Started
2026-09-09 05:13:51,106	INFO autoscaler.py:280 -- disable_node_updaters:False
2026-09-09 05:13:51,106	INFO autoscaler.py:289 -- disable_launch_config_check:True
2026-09-09 05:13:51,106	INFO autoscaler.py:301 -- foreground_node_launch:False
2026-09-09 05:13:51,106	INFO autoscaler.py:311 -- worker_liveness_check:True
2026-09-09 05:13:51,107	INFO autoscaler.py:361 -- StandardAutoscaler: {'cluster_name': 'default', 'max_workers': 0, 'upscaling_speed': 1.0, 'docker': {}, 'idle_timeout_minutes': 0, 'provider': {'type': 'readonly', 'use_node_id_as_ip': True, 'disable_launch_config_check': True}, 'auth': {}, 'available_node_types': {'ray.head.default': {'resources': {}, 'node_config': {}, 'max_workers': 0}}, 'head_node_type': 'ray.head.default', 'file_mounts': {}, 'cluster_synced_files': [], 'file_mounts_sync_continuously': False, 'rsync_exclude': [], 'rsync_filter': [], 'initialization_commands': [], 'setup_commands': [], 'head_setup_commands': [], 'worker_setup_commands': [], 'head_start_ray_commands': [], 'worker_start_ray_commands': []}
2026-09-09 05:13:51,108	INFO monitor.py:393 -- Autoscaler has not yet received load metrics. Waiting.
2026-09-09 05:13:56,123	INFO autoscaler.py:147 -- The autoscaler took 0.0 seconds to fetch the list of non-terminated nodes.
2026-09-09 05:13:56,123	INFO autoscaler.py:408 -- 
======== Autoscaler status: 2026-09-09 05:13:56.123529 ========
Node status
---------------------------------------------------------------
Active:
 1 node_a31f058980d4793d5387b80abb8a836a0961c57c5dac8cc1c9deda21
Pending:
 (no pending nodes)
Recent failures:
 (no failures)

Resources
---------------------------------------------------------------
Total Usage:
 0.0/4.0 CPU
 0.0/1.0 GPU
 0B/20.00GiB memory
 0B/128.00MiB object_store_memory

From request_resources:
 (none)
Pending Demands:
 (no resource demands)
2026-09-09 05:13:56,125	INFO autoscaler.py:469 -- The autoscaler took 0.002 seconds to complete the update iteration.
2026-09-09 05:14:01,128	INFO autoscaler.py:147 -- The autoscaler took 0.0 seconds to fetch the list of non-terminated nodes.
2026-09-09 05:14:01,128	INFO autoscaler.py:408 -- 
======== Autoscaler status: 2026-09-09 05:14:01.128278 ========
Node status
---------------------------------------------------------------
Active:
 1 node_a31f058980d4793d5387b80abb8a836a0961c57c5dac8cc1c9deda21
Pending:
 (no pending nodes)
Recent failures:
 (no failures)

Resources
---------------------------------------------------------------
Total Usage:
 0.0/4.0 CPU
 0.0/1.0 GPU
 0B/20.00GiB memory
 0B/128.00MiB object_store_memory

From request_resources:
 (none)
Pending Demands:
 (no resource demands)
2026-09-09 05:14:01,128	INFO autoscaler.py:469 -- The autoscaler took 0.001 seconds to complete the update iteration.
2026-09-09 05:14:06,130	INFO autoscaler.py:147 -- The autoscaler took 0.0 seconds to fetch the list of non-terminated nodes.
2026-09-09 05:14:06,130	INFO autoscaler.py:408 -- 
======== Autoscaler status: 2026-09-09 05:14:06.130771 ========
Node status
---------------------------------------------------------------
Active:
 1 node_a31f058980d4793d5387b80abb8a836a0961c57c5dac8cc1c9deda21
Pending:
 (no pending nodes)
Recent failures:
 (no failures)

Resources
---------------------------------------------------------------
Total Usage:
 1.0/4.0 CPU (1.0 used of 3.0 reserved in placement groups)
 0.33330000000000004/1.0 GPU (0.33330000000000004 used of 1.0 reserved in placement groups)
 0B/20.00GiB memory
 0B/128.00MiB object_store_memory

From request_resources:
 (none)
Pending Demands:
 (no resource demands)
2026-09-09 05:14:06,131	INFO autoscaler.py:469 -- The autoscaler took 0.0 seconds to complete the update iteration.
2026-09-09 05:14:11,132	INFO autoscaler.py:147 -- The autoscaler took 0.0 seconds to fetch the list of non-terminated nodes.
2026-09-09 05:14:11,133	INFO autoscaler.py:408 -- 
======== Autoscaler status: 2026-09-09 05:14:11.133049 ========
Node status
---------------------------------------------------------------
Active:
 1 node_a31f058980d4793d5387b80abb8a836a0961c57c5dac8cc1c9deda21
Pending:
 (no pending nodes)
Recent failures:
 (no failures)

Resources
---------------------------------------------------------------
Total Usage:
 1.0/4.0 CPU (1.0 used of 3.0 reserved in placement groups)
 0.33330000000000004/1.0 GPU (0.33330000000000004 used of 1.0 reserved in placement groups)
 0B/20.00GiB memory
 0B/128.00MiB object_store_memory

From request_resources:
 (none)
Pending Demands:
 (no resource demands)
2026-09-09 05:14:11,133	INFO autoscaler.py:469 -- The autoscaler took 0.001 seconds to complete the update iteration.
2026-09-09 05:14:16,142	INFO autoscaler.py:147 -- The autoscaler took 0.0 seconds to fetch the list of non-terminated nodes.
2026-09-09 05:14:16,142	INFO autoscaler.py:408 -- 
======== Autoscaler status: 2026-09-09 05:14:16.142612 ========
Node status
---------------------------------------------------------------
Active:
 1 node_a31f058980d4793d5387b80abb8a836a0961c57c5dac8cc1c9deda21
Pending:
 (no pending nodes)
Recent failures:
 (no failures)

Resources
---------------------------------------------------------------
Total Usage:
 1.0/4.0 CPU (1.0 used of 3.0 reserved in placement groups)
 0.33330000000000004/1.0 GPU (0.33330000000000004 used of 1.0 reserved in placement groups)
 0B/20.00GiB memory
 0B/128.00MiB object_store_memory

From request_resources:
 (none)
Pending Demands:
 (no resource demands)
2026-09-09 05:14:16,143	INFO autoscaler.py:469 -- The autoscaler took 0.001 seconds to complete the update iteration.
2026-09-09 05:14:21,145	INFO autoscaler.py:147 -- The autoscaler took 0.0 seconds to fetch the list of non-terminated nodes.
2026-09-09 05:14:21,145	INFO autoscaler.py:408 -- 
======== Autoscaler status: 2026-09-09 05:14:21.145212 ========
Node status
---------------------------------------------------------------
Active:
 1 node_a31f058980d4793d5387b80abb8a836a0961c57c5dac8cc1c9deda21
Pending:
 (no pending nodes)
Recent failures:
 (no failures)

Resources
---------------------------------------------------------------
Total Usage:
 1.0/4.0 CPU (1.0 used of 3.0 reserved in placement groups)
 0.33330000000000004/1.0 GPU (0.33330000000000004 used of 1.0 reserved in placement groups)
 0B/20.00GiB memory
 0B/128.00MiB object_store_memory

From request_resources:
 (none)
Pending Demands:
 (no resource demands)
2026-09-09 05:14:21,146	INFO autoscaler.py:469 -- The autoscaler took 0.001 seconds to complete the update iteration.
2026-09-09 05:14:26,159	INFO autoscaler.py:147 -- The autoscaler took 0.0 seconds to fetch the list of non-terminated nodes.
2026-09-09 05:14:26,159	INFO autoscaler.py:408 -- 
======== Autoscaler status: 2026-09-09 05:14:26.159861 ========
Node status
---------------------------------------------------------------
Active:
 1 node_a31f058980d4793d5387b80abb8a836a0961c57c5dac8cc1c9deda21
Pending:
 (no pending nodes)
Recent failures:
 (no failures)

Resources
---------------------------------------------------------------
Total Usage:
 1.0/4.0 CPU (1.0 used of 3.0 reserved in placement groups)
 0.33330000000000004/1.0 GPU (0.33330000000000004 used of 1.0 reserved in placement groups)
 0B/20.00GiB memory
 0B/128.00MiB object_store_memory

From request_resources:
 (none)
Pending Demands:
 (no resource demands)
2026-09-09 05:14:26,160	INFO autoscaler.py:469 -- The autoscaler took 0.001 seconds to complete the update iteration.
2026-09-09 05:14:31,165	INFO autoscaler.py:147 -- The autoscaler took 0.0 seconds to fetch the list of non-terminated nodes.
2026-09-09 05:14:31,165	INFO autoscaler.py:408 -- 
======== Autoscaler status: 2026-09-09 05:14:31.165468 ========
Node status
---------------------------------------------------------------
Active:
 1 node_a31f058980d4793d5387b80abb8a836a0961c57c5dac8cc1c9deda21
Pending:
 (no pending nodes)
Recent failures:
 (no failures)

Resources
---------------------------------------------------------------
Total Usage:
 1.0/4.0 CPU (1.0 used of 3.0 reserved in placement groups)
 0.33330000000000004/1.0 GPU (0.33330000000000004 used of 1.0 reserved in placement groups)
 0B/20.00GiB memory
 0B/128.00MiB object_store_memory

From request_resources:
 (none)
Pending Demands:
 (no resource demands)
2026-09-09 05:14:31,166	INFO autoscaler.py:469 -- The autoscaler took 0.001 seconds to complete the update iteration.
2026-09-09 05:14:36,170	INFO autoscaler.py:147 -- The autoscaler took 0.0 seconds to fetch the list of non-terminated nodes.
2026-09-09 05:14:36,170	INFO autoscaler.py:408 -- 
======== Autoscaler status: 2026-09-09 05:14:36.170907 ========
Node status
---------------------------------------------------------------
Active:
 1 node_a31f058980d4793d5387b80abb8a836a0961c57c5dac8cc1c9deda21
Pending:
 (no pending nodes)
Recent failures:
 (no failures)

Resources
---------------------------------------------------------------
Total Usage:
 1.0/4.0 CPU (1.0 used of 3.0 reserved in placement groups)
 0.33330000000000004/1.0 GPU (0.33330000000000004 used of 1.0 reserved in placement groups)
 0B/20.00GiB memory
 0B/128.00MiB object_store_memory

From request_resources:
 (none)
Pending Demands:
 (no resource demands)
2026-09-09 05:14:36,171	INFO autoscaler.py:469 -- The autoscaler took 0.001 seconds to complete the update iteration.
2026-09-09 05:14:41,173	INFO autoscaler.py:147 -- The autoscaler took 0.0 seconds to fetch the list of non-terminated nodes.
2026-09-09 05:14:41,174	INFO autoscaler.py:408 -- 
======== Autoscaler status: 2026-09-09 05:14:41.173960 ========
Node status
---------------------------------------------------------------
Active:
 1 node_a31f058980d4793d5387b80abb8a836a0961c57c5dac8cc1c9deda21
Pending:
 (no pending nodes)
Recent failures:
 (no failures)

Resources
---------------------------------------------------------------
Total Usage:
 1.0/4.0 CPU (1.0 used of 3.0 reserved in placement groups)
 0.33330000000000004/1.0 GPU (0.33330000000000004 used of 1.0 reserved in placement groups)
 0B/20.00GiB memory
 37.69KiB/128.00MiB object_store_memory

From request_resources:
 (none)
Pending Demands:
 (no resource demands)
2026-09-09 05:14:41,174	INFO autoscaler.py:469 -- The autoscaler took 0.001 seconds to complete the update iteration.
2026-09-09 05:14:46,176	INFO autoscaler.py:147 -- The autoscaler took 0.0 seconds to fetch the list of non-terminated nodes.
2026-09-09 05:14:46,176	INFO autoscaler.py:408 -- 
======== Autoscaler status: 2026-09-09 05:14:46.176718 ========
Node status
---------------------------------------------------------------
Active:
 1 node_a31f058980d4793d5387b80abb8a836a0961c57c5dac8cc1c9deda21
Pending:
 (no pending nodes)
Recent failures:
 (no failures)

Resources
---------------------------------------------------------------
Total Usage:
 1.0/4.0 CPU (1.0 used of 3.0 reserved in placement groups)
 0.33330000000000004/1.0 GPU (0.33330000000000004 used of 1.0 reserved in placement groups)
 0B/20.00GiB memory
 0B/128.00MiB object_store_memory

From request_resources:
 (none)
Pending Demands:
 (no resource demands)
2026-09-09 05:14:46,177	INFO autoscaler.py:469 -- The autoscaler took 0.001 seconds to complete the update iteration.
2026-09-09 05:14:51,180	INFO autoscaler.py:147 -- The autoscaler took 0.0 seconds to fetch the list of non-terminated nodes.
2026-09-09 05:14:51,180	INFO autoscaler.py:408 -- 
======== Autoscaler status: 2026-09-09 05:14:51.180270 ========
Node status
---------------------------------------------------------------
Active:
 1 node_a31f058980d4793d5387b80abb8a836a0961c57c5dac8cc1c9deda21
Pending:
 (no pending nodes)
Recent failures:
 (no failures)

Resources
---------------------------------------------------------------
Total Usage:
 1.0/4.0 CPU (1.0 used of 3.0 reserved in placement groups)
 0.33330000000000004/1.0 GPU (0.33330000000000004 used of 1.0 reserved in placement groups)
 0B/20.00GiB memory
 37.69KiB/128.00MiB object_store_memory

From request_resources:
 (none)
Pending Demands:
 (no resource demands)
2026-09-09 05:14:51,180	INFO autoscaler.py:469 -- The autoscaler took 0.001 seconds to complete the update iteration.
