[2026-09-09 05:13:56,707 I 3238164 3238164] core_worker_process.cc:795: Constructing CoreWorkerProcess. pid: 3238164
[2026-09-09 05:13:56,708 I 3238164 3238164] event.cc:499: Ray Event initialized for CORE_WORKER
[2026-09-09 05:13:56,708 I 3238164 3238164] event.cc:499: Ray Event initialized for EXPORT_TASK
[2026-09-09 05:13:56,708 I 3238164 3238164] event.cc:332: Set ray event level to warning
[2026-09-09 05:13:56,709 I 3238164 3238164] grpc_server.cc:143: worker server started, listening on port 16405.
[2026-09-09 05:13:56,713 I 3238164 3238164] core_worker_process.cc:267: Initializing worker at address: 155.103.252.95:16405 worker_id=fc6ee09a12792a3b6e08fcfdedb8765911dee02666da6e2932944852 node_id=a31f058980d4793d5387b80abb8a836a0961c57c5dac8cc1c9deda21
[2026-09-09 05:13:56,714 I 3238164 3238164] task_event_buffer.cc:564: Reporting task events to GCS every 1000ms.
[2026-09-09 05:13:56,714 I 3238164 3238164] core_worker.cc:517: Adjusted worker niceness to 15
[2026-09-09 05:13:56,715 I 3238164 3238202] core_worker.cc:457: Event stats:


Global stats: 10 total (8 active)
Queueing time: mean = 0.04ms, max = 0.39ms, min = 0.01ms, total = 0.39ms
Execution time:  mean = 0.00ms, total = 0.01ms
Event stats:
	PeriodicalRunner.RunFnPeriodically - 7 total (5 active, 1 running), Execution time: mean = 0.00ms, total = 0.01ms, Queueing time: mean = 0.06ms, max = 0.39ms, min = 0.01ms, total = 0.39ms
	Publisher.CheckDeadSubscribers - 1 total (1 active), Execution time: mean = 0.00ms, total = 0.00ms, Queueing time: mean = 0.00ms, max = -0.00ms, min = 9223372036854.78ms, total = 0.00ms
	ray::rpc::WorkerInfoGcsService.grpc_client.AddWorkerInfo - 1 total (1 active), Execution time: mean = 0.00ms, total = 0.00ms, Queueing time: mean = 0.00ms, max = -0.00ms, min = 9223372036854.78ms, total = 0.00ms
	CoreWorker.ExitIfParentRayletDies - 1 total (1 active), Execution time: mean = 0.00ms, total = 0.00ms, Queueing time: mean = 0.00ms, max = -0.00ms, min = 9223372036854.78ms, total = 0.00ms

-----------------
Task execution event stats:

Global stats: 0 total (0 active)
Queueing time: mean = -nanms, max = -0.00ms, min = 9223372036854.78ms, total = 0.00ms
Execution time:  mean = -nanms, total = 0.00ms
Event stats:

-----------------
Task Event stats:

IO Service Stats:

Global stats: 2 total (1 active)
Queueing time: mean = 0.00ms, max = 0.00ms, min = 0.00ms, total = 0.00ms
Execution time:  mean = 0.02ms, total = 0.04ms
Event stats:
	PeriodicalRunner.RunFnPeriodically - 1 total (0 active), Execution time: mean = 0.04ms, total = 0.04ms, Queueing time: mean = 0.00ms, max = 0.00ms, min = 0.00ms, total = 0.00ms
	CoreWorker.deadline_timer.flush_task_events - 1 total (1 active), Execution time: mean = 0.00ms, total = 0.00ms, Queueing time: mean = 0.00ms, max = -0.00ms, min = 9223372036854.78ms, total = 0.00ms
Other Stats:
	gcs_grpc_in_progress:0
	event_aggregator_grpc_in_progress:0
	current number of task status events in buffer: 0
	current number of profile events in buffer: 0
	current number of dropped task attempts tracked: 0
	total task events sent: 0 MiB
	total number of task attempts sent: 0
	total number of task attempts dropped reported: 0
	total number of sent failure: 0
	num status task events dropped: 0
	num profile task events dropped: 0
	num ray task events reported to aggregator: 0
	num ray task events failed to report to aggregator: 0
	num of task attempts dropped reported to aggregator: 0
	num of failed requests to aggregator: 0

[2026-09-09 05:13:56,720 I 3238164 3238164] actor_task_submitter.cc:75: Set actor max pending calls to -1 actor_id=a0818a56258eb0435b086a7301000000
[2026-09-09 05:13:56,720 I 3238164 3238164] core_worker.cc:2889: Creating actor actor_id=a0818a56258eb0435b086a7301000000
[2026-09-09 05:13:59,509 I 3238164 3238164] task_receiver.cc:117: Actor creation task finished, task_id: ffffffffffffffffa0818a56258eb0435b086a7301000000, actor_id: a0818a56258eb0435b086a7301000000, actor_repr_name: 
[2026-09-09 05:14:01,092 I 3238164 3238164] core_worker.cc:2272: Submitting Placement Group creation to GCS placement_group_id=9e692d52f7f91c7d2c886b169ed101000000
[2026-09-09 05:14:01,100 I 3238164 3238202] accessor.cc:453: Received address and liveness notification for node, IsAlive = 1 node_id=a31f058980d4793d5387b80abb8a836a0961c57c5dac8cc1c9deda21
[2026-09-09 05:14:01,100 I 3238164 3238202] normal_task_submitter.cc:857: Number of alive nodes:1
[2026-09-09 05:14:01,576 W 3238164 3238164] actor_manager.cc:110: Failed to look up actor with name 'o7RdSjWorkerDict_0:0'. This could because 1. You are trying to look up a named actor you didn't create. 2. The named actor died. 3. You did not use a namespace matching the namespace of the actor.
[2026-09-09 05:14:01,605 I 3238164 3238164] actor_task_submitter.cc:75: Set actor max pending calls to -1 actor_id=32e3daa4611609565454094801000000
[2026-09-09 05:14:01,609 I 3238164 3238202] actor_manager.cc:236: received notification on actor, state: PENDING_CREATION, ip address: , port: 0, num_restarts: 0, death context type=CONTEXT_NOT_SET actor_id=32e3daa4611609565454094801000000 worker_id=NIL_ID node_id=a31f058980d4793d5387b80abb8a836a0961c57c5dac8cc1c9deda21
[2026-09-09 05:14:05,492 I 3238164 3238202] actor_manager.cc:236: received notification on actor, state: ALIVE, ip address: 155.103.252.95, port: 16407, num_restarts: 0, death context type=CONTEXT_NOT_SET actor_id=32e3daa4611609565454094801000000 worker_id=8b7da7be3b4cf8be95c4b43702b0a47ba0ed251be134e48e3fafdc4f node_id=a31f058980d4793d5387b80abb8a836a0961c57c5dac8cc1c9deda21
[2026-09-09 05:14:08,552 W 3238164 3238164] actor_manager.cc:110: Failed to look up actor with name 'reward_loop_worker_0'. This could because 1. You are trying to look up a named actor you didn't create. 2. The named actor died. 3. You did not use a namespace matching the namespace of the actor.
[2026-09-09 05:14:08,562 I 3238164 3238164] actor_task_submitter.cc:75: Set actor max pending calls to -1 actor_id=0e501481f5109f744c02831a01000000
[2026-09-09 05:14:10,033 W 3238164 3238164] actor_manager.cc:110: Failed to look up actor with name 'vllm_server_0_0'. This could because 1. You are trying to look up a named actor you didn't create. 2. The named actor died. 3. You did not use a namespace matching the namespace of the actor.
[2026-09-09 05:14:10,161 I 3238164 3238164] actor_task_submitter.cc:75: Set actor max pending calls to -1 actor_id=8af76984d7574fbd0fc28d1101000000
[2026-09-09 05:14:10,165 I 3238164 3238202] actor_manager.cc:236: received notification on actor, state: PENDING_CREATION, ip address: , port: 0, num_restarts: 0, death context type=CONTEXT_NOT_SET actor_id=8af76984d7574fbd0fc28d1101000000 worker_id=NIL_ID node_id=a31f058980d4793d5387b80abb8a836a0961c57c5dac8cc1c9deda21
[2026-09-09 05:14:15,876 I 3238164 3238202] actor_manager.cc:236: received notification on actor, state: ALIVE, ip address: 155.103.252.95, port: 16409, num_restarts: 0, death context type=CONTEXT_NOT_SET actor_id=8af76984d7574fbd0fc28d1101000000 worker_id=f3c7de6ec99d8489e458cc78e54e2d4abb25593bac9755ee614f33c2 node_id=a31f058980d4793d5387b80abb8a836a0961c57c5dac8cc1c9deda21
[2026-09-09 05:14:30,134 I 3238164 3238164] actor_task_submitter.cc:75: Set actor max pending calls to -1 actor_id=9e75a3ab0e374d59173de89301000000
[2026-09-09 05:14:30,140 W 3238164 3238164] actor_manager.cc:110: Failed to look up actor with name 'agent_loop_worker_0_c62cb7a0'. This could because 1. You are trying to look up a named actor you didn't create. 2. The named actor died. 3. You did not use a namespace matching the namespace of the actor.
[2026-09-09 05:14:30,178 I 3238164 3238164] actor_task_submitter.cc:75: Set actor max pending calls to -1 actor_id=a44888efdf3c167a789c584e01000000
[2026-09-09 05:14:33,164 I 3238164 3238202] actor_manager.cc:236: received notification on actor, state: PENDING_CREATION, ip address: 155.103.252.95, port: 16411, num_restarts: 0, death context type=CONTEXT_NOT_SET actor_id=a44888efdf3c167a789c584e01000000 worker_id=871d7b186824b90658223a64fa11e826317f7614a56deac1517c16a3 node_id=a31f058980d4793d5387b80abb8a836a0961c57c5dac8cc1c9deda21
[2026-09-09 05:14:34,774 I 3238164 3238202] actor_manager.cc:236: received notification on actor, state: ALIVE, ip address: 155.103.252.95, port: 16411, num_restarts: 0, death context type=CONTEXT_NOT_SET actor_id=a44888efdf3c167a789c584e01000000 worker_id=871d7b186824b90658223a64fa11e826317f7614a56deac1517c16a3 node_id=a31f058980d4793d5387b80abb8a836a0961c57c5dac8cc1c9deda21
[2026-09-09 05:14:54,671 I 3238164 3238202] core_worker_shutdown_executor.cc:124: Executing worker exit: INTENDED_SYSTEM_EXIT - Worker exits because the actor is killed. The actor is dead because all references to the actor were removed. (timeout: -1ms)
[2026-09-09 05:14:54,671 I 3238164 3238164] core_worker_shutdown_executor.cc:200: Wait for currently executing tasks in the underlying thread pools to finish.
[2026-09-09 05:14:54,671 I 3238164 3238164] core_worker_shutdown_executor.cc:238: Not draining reference counter since this is an actor worker.
[2026-09-09 05:14:54,672 I 3238164 3238202] accessor.cc:453: Received address and liveness notification for node, IsAlive = 0 node_id=a31f058980d4793d5387b80abb8a836a0961c57c5dac8cc1c9deda21
[2026-09-09 05:14:54,672 I 3238164 3238202] core_worker.cc:754: Node failure. All objects pinned on that node will be lost if object reconstruction is not enabled. node_id=a31f058980d4793d5387b80abb8a836a0961c57c5dac8cc1c9deda21
[2026-09-09 05:14:54,674 I 3238164 3238202] actor_manager.cc:236: received notification on actor, state: DEAD, ip address: 155.103.252.95, port: 16407, num_restarts: 0, death context type=ActorDiedErrorContext actor_id=32e3daa4611609565454094801000000 worker_id=8b7da7be3b4cf8be95c4b43702b0a47ba0ed251be134e48e3fafdc4f node_id=a31f058980d4793d5387b80abb8a836a0961c57c5dac8cc1c9deda21
[2026-09-09 05:14:54,674 I 3238164 3238202] actor_task_submitter.cc:429: Failing pending tasks for actor because the actor is already dead. actor_id=32e3daa4611609565454094801000000
[2026-09-09 05:14:54,677 I 3238164 3238202] actor_manager.cc:236: received notification on actor, state: DEAD, ip address: 155.103.252.95, port: 16411, num_restarts: 0, death context type=ActorDiedErrorContext actor_id=a44888efdf3c167a789c584e01000000 worker_id=871d7b186824b90658223a64fa11e826317f7614a56deac1517c16a3 node_id=a31f058980d4793d5387b80abb8a836a0961c57c5dac8cc1c9deda21
[2026-09-09 05:14:54,677 I 3238164 3238202] actor_task_submitter.cc:429: Failing pending tasks for actor because the actor is already dead. actor_id=a44888efdf3c167a789c584e01000000
[2026-09-09 05:14:54,677 I 3238164 3238202] actor_manager.cc:236: received notification on actor, state: DEAD, ip address: 155.103.252.95, port: 16409, num_restarts: 0, death context type=ActorDiedErrorContext actor_id=8af76984d7574fbd0fc28d1101000000 worker_id=f3c7de6ec99d8489e458cc78e54e2d4abb25593bac9755ee614f33c2 node_id=a31f058980d4793d5387b80abb8a836a0961c57c5dac8cc1c9deda21
[2026-09-09 05:14:54,677 I 3238164 3238202] actor_task_submitter.cc:429: Failing pending tasks for actor because the actor is already dead. actor_id=8af76984d7574fbd0fc28d1101000000
[2026-09-09 05:14:54,684 I 3238164 3238164] core_worker_shutdown_executor.cc:286: Try killing all child processes of this worker as it exits. Child process pids: 
[2026-09-09 05:14:54,684 I 3238164 3238164] core_worker_shutdown_executor.cc:344: Sending disconnect message to the local raylet.
[2026-09-09 05:14:54,684 I 3238164 3238164] raylet_ipc_client.cc:133: RayletIpcClient::Disconnect, exit_type=INTENDED_SYSTEM_EXIT, exit_detail=Worker exits because the actor is killed. The actor is dead because all references to the actor were removed., has creation_task_exception_pb_bytes=0
