[2026-09-09 05:14:30,722 I 3242773 3242773] core_worker_process.cc:795: Constructing CoreWorkerProcess. pid: 3242773
[2026-09-09 05:14:30,724 I 3242773 3242773] event.cc:499: Ray Event initialized for CORE_WORKER
[2026-09-09 05:14:30,724 I 3242773 3242773] event.cc:499: Ray Event initialized for EXPORT_TASK
[2026-09-09 05:14:30,724 I 3242773 3242773] event.cc:332: Set ray event level to warning
[2026-09-09 05:14:30,724 I 3242773 3242773] grpc_server.cc:143: worker server started, listening on port 16411.
[2026-09-09 05:14:30,730 I 3242773 3242773] core_worker_process.cc:267: Initializing worker at address: 155.103.252.95:16411 worker_id=871d7b186824b90658223a64fa11e826317f7614a56deac1517c16a3 node_id=a31f058980d4793d5387b80abb8a836a0961c57c5dac8cc1c9deda21
[2026-09-09 05:14:30,731 I 3242773 3242773] task_event_buffer.cc:564: Reporting task events to GCS every 1000ms.
[2026-09-09 05:14:30,731 I 3242773 3243246] core_worker.cc:457: Event stats:


Global stats: 6 total (4 active)
Queueing time: mean = 0.01ms, max = 0.04ms, min = 0.01ms, total = 0.04ms
Execution time:  mean = 0.00ms, total = 0.02ms
Event stats:
	PeriodicalRunner.RunFnPeriodically - 3 total (1 active, 1 running), Execution time: mean = 0.01ms, total = 0.02ms, Queueing time: mean = 0.01ms, max = 0.04ms, min = 0.01ms, total = 0.04ms
	ray::rpc::WorkerInfoGcsService.grpc_client.AddWorkerInfo - 1 total (1 active), Execution time: mean = 0.00ms, total = 0.00ms, Queueing time: mean = 0.00ms, max = -0.00ms, min = 9223372036854.78ms, total = 0.00ms
	CoreWorker.ExitIfParentRayletDies - 1 total (1 active), Execution time: mean = 0.00ms, total = 0.00ms, Queueing time: mean = 0.00ms, max = -0.00ms, min = 9223372036854.78ms, total = 0.00ms
	Publisher.CheckDeadSubscribers - 1 total (1 active), Execution time: mean = 0.00ms, total = 0.00ms, Queueing time: mean = 0.00ms, max = -0.00ms, min = 9223372036854.78ms, total = 0.00ms

-----------------
Task execution event stats:

Global stats: 0 total (0 active)
Queueing time: mean = -nanms, max = -0.00ms, min = 9223372036854.78ms, total = 0.00ms
Execution time:  mean = -nanms, total = 0.00ms
Event stats:

-----------------
Task Event stats:

IO Service Stats:

Global stats: 2 total (1 active)
Queueing time: mean = 0.00ms, max = 0.00ms, min = 0.00ms, total = 0.00ms
Execution time:  mean = 0.10ms, total = 0.20ms
Event stats:
	PeriodicalRunner.RunFnPeriodically - 1 total (0 active), Execution time: mean = 0.20ms, total = 0.20ms, Queueing time: mean = 0.00ms, max = 0.00ms, min = 0.00ms, total = 0.00ms
	CoreWorker.deadline_timer.flush_task_events - 1 total (1 active), Execution time: mean = 0.00ms, total = 0.00ms, Queueing time: mean = 0.00ms, max = -0.00ms, min = 9223372036854.78ms, total = 0.00ms
Other Stats:
	gcs_grpc_in_progress:0
	event_aggregator_grpc_in_progress:0
	current number of task status events in buffer: 0
	current number of profile events in buffer: 0
	current number of dropped task attempts tracked: 0
	total task events sent: 0 MiB
	total number of task attempts sent: 0
	total number of task attempts dropped reported: 0
	total number of sent failure: 0
	num status task events dropped: 0
	num profile task events dropped: 0
	num ray task events reported to aggregator: 0
	num ray task events failed to report to aggregator: 0
	num of task attempts dropped reported to aggregator: 0
	num of failed requests to aggregator: 0

[2026-09-09 05:14:30,732 I 3242773 3242773] core_worker.cc:517: Adjusted worker niceness to 15
[2026-09-09 05:14:30,736 I 3242773 3242773] actor_task_submitter.cc:75: Set actor max pending calls to -1 actor_id=a44888efdf3c167a789c584e01000000
[2026-09-09 05:14:30,736 I 3242773 3242773] core_worker.cc:2889: Creating actor actor_id=a44888efdf3c167a789c584e01000000
[2026-09-09 05:14:34,346 I 3242773 3244214] actor_task_submitter.cc:75: Set actor max pending calls to -1 actor_id=9e75a3ab0e374d59173de89301000000
[2026-09-09 05:14:34,347 I 3242773 3244214] actor_task_submitter.cc:75: Set actor max pending calls to -1 actor_id=0e501481f5109f744c02831a01000000
[2026-09-09 05:14:34,773 I 3242773 3242773] task_receiver.cc:117: Actor creation task finished, task_id: ffffffffffffffffa44888efdf3c167a789c584e01000000, actor_id: a44888efdf3c167a789c584e01000000, actor_repr_name: 
[2026-09-09 05:14:34,775 I 3242773 3242773] unordered_actor_task_execution_queue.cc:52: Setting actor as asyncio with max_concurrency=1000, and defined concurrency groups are:

[2026-09-09 05:14:34,835 I 3242773 3243246] accessor.cc:453: Received address and liveness notification for node, IsAlive = 1 node_id=a31f058980d4793d5387b80abb8a836a0961c57c5dac8cc1c9deda21
[2026-09-09 05:14:34,835 I 3242773 3243246] normal_task_submitter.cc:857: Number of alive nodes:1
[2026-09-09 05:14:34,835 I 3242773 3243246] actor_manager.cc:236: received notification on actor, state: PENDING_CREATION, ip address: 155.103.252.95, port: 16410, num_restarts: 0, death context type=CONTEXT_NOT_SET actor_id=9e75a3ab0e374d59173de89301000000 worker_id=b3085d76b52c49e15a6954f1c2754ceb1c9cbd528d51ba44ceeea74d node_id=a31f058980d4793d5387b80abb8a836a0961c57c5dac8cc1c9deda21
[2026-09-09 05:14:35,997 I 3242773 3243246] actor_manager.cc:236: received notification on actor, state: ALIVE, ip address: 155.103.252.95, port: 16410, num_restarts: 0, death context type=CONTEXT_NOT_SET actor_id=9e75a3ab0e374d59173de89301000000 worker_id=b3085d76b52c49e15a6954f1c2754ceb1c9cbd528d51ba44ceeea74d node_id=a31f058980d4793d5387b80abb8a836a0961c57c5dac8cc1c9deda21
[2026-09-09 05:14:36,001 I 3242773 3243246] actor_task_submitter.cc:75: Set actor max pending calls to -1 actor_id=8af76984d7574fbd0fc28d1101000000
[2026-09-09 05:14:37,792 I 3242773 3243246] actor_task_submitter.cc:75: Set actor max pending calls to -1 actor_id=8af76984d7574fbd0fc28d1101000000
[2026-09-09 05:14:37,793 I 3242773 3243246] actor_task_submitter.cc:75: Set actor max pending calls to -1 actor_id=8af76984d7574fbd0fc28d1101000000
[2026-09-09 05:14:37,793 I 3242773 3243246] actor_task_submitter.cc:75: Set actor max pending calls to -1 actor_id=8af76984d7574fbd0fc28d1101000000
[2026-09-09 05:14:37,793 I 3242773 3243246] actor_task_submitter.cc:75: Set actor max pending calls to -1 actor_id=8af76984d7574fbd0fc28d1101000000
[2026-09-09 05:14:37,794 I 3242773 3243246] actor_task_submitter.cc:75: Set actor max pending calls to -1 actor_id=8af76984d7574fbd0fc28d1101000000
[2026-09-09 05:14:37,794 I 3242773 3243246] actor_task_submitter.cc:75: Set actor max pending calls to -1 actor_id=8af76984d7574fbd0fc28d1101000000
[2026-09-09 05:14:37,794 I 3242773 3243246] actor_task_submitter.cc:75: Set actor max pending calls to -1 actor_id=8af76984d7574fbd0fc28d1101000000
[2026-09-09 05:14:37,794 I 3242773 3243246] actor_manager.cc:236: received notification on actor, state: ALIVE, ip address: 155.103.252.95, port: 16409, num_restarts: 0, death context type=CONTEXT_NOT_SET actor_id=8af76984d7574fbd0fc28d1101000000 worker_id=f3c7de6ec99d8489e458cc78e54e2d4abb25593bac9755ee614f33c2 node_id=a31f058980d4793d5387b80abb8a836a0961c57c5dac8cc1c9deda21
[2026-09-09 05:14:38,327 I 3242773 3243246] actor_manager.cc:236: received notification on actor, state: ALIVE, ip address: 155.103.252.95, port: 16408, num_restarts: 0, death context type=CONTEXT_NOT_SET actor_id=0e501481f5109f744c02831a01000000 worker_id=9634410be4be7ed4eb1d9a2888c400af613de9945423b3633a425a3e node_id=a31f058980d4793d5387b80abb8a836a0961c57c5dac8cc1c9deda21
[2026-09-09 05:14:47,089 I 3242773 3243246] actor_task_submitter.cc:75: Set actor max pending calls to -1 actor_id=8af76984d7574fbd0fc28d1101000000
[2026-09-09 05:14:47,089 I 3242773 3243246] actor_task_submitter.cc:75: Set actor max pending calls to -1 actor_id=8af76984d7574fbd0fc28d1101000000
[2026-09-09 05:14:47,091 I 3242773 3243246] actor_task_submitter.cc:75: Set actor max pending calls to -1 actor_id=8af76984d7574fbd0fc28d1101000000
[2026-09-09 05:14:47,091 I 3242773 3243246] actor_task_submitter.cc:75: Set actor max pending calls to -1 actor_id=8af76984d7574fbd0fc28d1101000000
[2026-09-09 05:14:47,091 I 3242773 3243246] actor_task_submitter.cc:75: Set actor max pending calls to -1 actor_id=8af76984d7574fbd0fc28d1101000000
[2026-09-09 05:14:47,091 I 3242773 3243246] actor_task_submitter.cc:75: Set actor max pending calls to -1 actor_id=8af76984d7574fbd0fc28d1101000000
[2026-09-09 05:14:47,092 I 3242773 3243246] actor_task_submitter.cc:75: Set actor max pending calls to -1 actor_id=8af76984d7574fbd0fc28d1101000000
[2026-09-09 05:14:47,092 I 3242773 3243246] actor_task_submitter.cc:75: Set actor max pending calls to -1 actor_id=8af76984d7574fbd0fc28d1101000000
[2026-09-09 05:14:54,593 I 3242773 3243246] actor_task_submitter.cc:75: Set actor max pending calls to -1 actor_id=8af76984d7574fbd0fc28d1101000000
[2026-09-09 05:14:54,594 I 3242773 3243246] actor_task_submitter.cc:75: Set actor max pending calls to -1 actor_id=8af76984d7574fbd0fc28d1101000000
[2026-09-09 05:14:54,594 I 3242773 3243246] actor_task_submitter.cc:75: Set actor max pending calls to -1 actor_id=8af76984d7574fbd0fc28d1101000000
[2026-09-09 05:14:54,594 I 3242773 3243246] actor_task_submitter.cc:75: Set actor max pending calls to -1 actor_id=8af76984d7574fbd0fc28d1101000000
[2026-09-09 05:14:54,672 I 3242773 3243246] accessor.cc:453: Received address and liveness notification for node, IsAlive = 0 node_id=a31f058980d4793d5387b80abb8a836a0961c57c5dac8cc1c9deda21
[2026-09-09 05:14:54,672 I 3242773 3243246] core_worker.cc:754: Node failure. All objects pinned on that node will be lost if object reconstruction is not enabled. node_id=a31f058980d4793d5387b80abb8a836a0961c57c5dac8cc1c9deda21
[2026-09-09 05:14:54,674 I 3242773 3243246] actor_manager.cc:236: received notification on actor, state: DEAD, ip address: 155.103.252.95, port: 16408, num_restarts: 0, death context type=ActorDiedErrorContext actor_id=0e501481f5109f744c02831a01000000 worker_id=9634410be4be7ed4eb1d9a2888c400af613de9945423b3633a425a3e node_id=a31f058980d4793d5387b80abb8a836a0961c57c5dac8cc1c9deda21
[2026-09-09 05:14:54,674 I 3242773 3243246] actor_task_submitter.cc:429: Failing pending tasks for actor because the actor is already dead. actor_id=0e501481f5109f744c02831a01000000
[2026-09-09 05:14:54,674 I 3242773 3243246] actor_manager.cc:236: received notification on actor, state: DEAD, ip address: 155.103.252.95, port: 16409, num_restarts: 0, death context type=ActorDiedErrorContext actor_id=8af76984d7574fbd0fc28d1101000000 worker_id=f3c7de6ec99d8489e458cc78e54e2d4abb25593bac9755ee614f33c2 node_id=a31f058980d4793d5387b80abb8a836a0961c57c5dac8cc1c9deda21
[2026-09-09 05:14:54,674 I 3242773 3243246] actor_task_submitter.cc:429: Failing pending tasks for actor because the actor is already dead. actor_id=8af76984d7574fbd0fc28d1101000000
[2026-09-09 05:14:54,674 I 3242773 3243246] actor_manager.cc:236: received notification on actor, state: DEAD, ip address: 155.103.252.95, port: 16410, num_restarts: 0, death context type=ActorDiedErrorContext actor_id=9e75a3ab0e374d59173de89301000000 worker_id=b3085d76b52c49e15a6954f1c2754ceb1c9cbd528d51ba44ceeea74d node_id=a31f058980d4793d5387b80abb8a836a0961c57c5dac8cc1c9deda21
[2026-09-09 05:14:54,674 I 3242773 3243246] actor_task_submitter.cc:429: Failing pending tasks for actor because the actor is already dead. actor_id=9e75a3ab0e374d59173de89301000000
