[2026-09-09 05:13:56,038 I 3235481 3235481] core_worker_process.cc:795: Constructing CoreWorkerProcess. pid: 3235481
[2026-09-09 05:13:56,039 I 3235481 3235481] event.cc:499: Ray Event initialized for CORE_WORKER
[2026-09-09 05:13:56,039 I 3235481 3235481] event.cc:499: Ray Event initialized for EXPORT_TASK
[2026-09-09 05:13:56,039 I 3235481 3235481] event.cc:332: Set ray event level to warning
[2026-09-09 05:13:56,347 I 3235481 3235481] grpc_server.cc:143: driver server started, listening on port 16400.
[2026-09-09 05:13:56,352 I 3235481 3235481] core_worker_process.cc:267: Initializing worker at address: 155.103.252.95:16400 worker_id=01000000ffffffffffffffffffffffffffffffffffffffffffffffff node_id=a31f058980d4793d5387b80abb8a836a0961c57c5dac8cc1c9deda21
[2026-09-09 05:13:56,352 I 3235481 3235481] task_event_buffer.cc:564: Reporting task events to GCS every 1000ms.
[2026-09-09 05:13:56,353 I 3235481 3237855] core_worker.cc:457: Event stats:


Global stats: 10 total (9 active)
Queueing time: mean = 0.00ms, max = 0.01ms, min = 0.01ms, total = 0.01ms
Execution time:  mean = 0.00ms, total = 0.01ms
Event stats:
	PeriodicalRunner.RunFnPeriodically - 6 total (5 active, 1 running), Execution time: mean = 0.00ms, total = 0.01ms, Queueing time: mean = 0.00ms, max = 0.01ms, min = 0.01ms, total = 0.01ms
	ray::rpc::WorkerInfoGcsService.grpc_client.AddWorkerInfo - 1 total (1 active), Execution time: mean = 0.00ms, total = 0.00ms, Queueing time: mean = 0.00ms, max = -0.00ms, min = 9223372036854.78ms, total = 0.00ms
	ray::rpc::InternalPubSubGcsService.grpc_client.GcsSubscriberCommandBatch - 1 total (1 active), Execution time: mean = 0.00ms, total = 0.00ms, Queueing time: mean = 0.00ms, max = -0.00ms, min = 9223372036854.78ms, total = 0.00ms
	ray::rpc::InternalPubSubGcsService.grpc_client.GcsSubscriberPoll - 1 total (1 active), Execution time: mean = 0.00ms, total = 0.00ms, Queueing time: mean = 0.00ms, max = -0.00ms, min = 9223372036854.78ms, total = 0.00ms
	Publisher.CheckDeadSubscribers - 1 total (1 active), Execution time: mean = 0.00ms, total = 0.00ms, Queueing time: mean = 0.00ms, max = -0.00ms, min = 9223372036854.78ms, total = 0.00ms

-----------------
Task execution event stats:

Global stats: 0 total (0 active)
Queueing time: mean = -nanms, max = -0.00ms, min = 9223372036854.78ms, total = 0.00ms
Execution time:  mean = -nanms, total = 0.00ms
Event stats:

-----------------
Task Event stats:

IO Service Stats:

Global stats: 2 total (1 active)
Queueing time: mean = 0.00ms, max = 0.00ms, min = 0.00ms, total = 0.00ms
Execution time:  mean = 0.02ms, total = 0.04ms
Event stats:
	PeriodicalRunner.RunFnPeriodically - 1 total (0 active), Execution time: mean = 0.04ms, total = 0.04ms, Queueing time: mean = 0.00ms, max = 0.00ms, min = 0.00ms, total = 0.00ms
	CoreWorker.deadline_timer.flush_task_events - 1 total (1 active), Execution time: mean = 0.00ms, total = 0.00ms, Queueing time: mean = 0.00ms, max = -0.00ms, min = 9223372036854.78ms, total = 0.00ms
Other Stats:
	gcs_grpc_in_progress:0
	event_aggregator_grpc_in_progress:0
	current number of task status events in buffer: 1
	current number of profile events in buffer: 0
	current number of dropped task attempts tracked: 0
	total task events sent: 0 MiB
	total number of task attempts sent: 0
	total number of task attempts dropped reported: 0
	total number of sent failure: 0
	num status task events dropped: 0
	num profile task events dropped: 0
	num ray task events reported to aggregator: 0
	num ray task events failed to report to aggregator: 0
	num of task attempts dropped reported to aggregator: 0
	num of failed requests to aggregator: 0

[2026-09-09 05:13:56,353 I 3235481 3237855] accessor.cc:453: Received address and liveness notification for node, IsAlive = 1 node_id=a31f058980d4793d5387b80abb8a836a0961c57c5dac8cc1c9deda21
[2026-09-09 05:13:56,353 I 3235481 3237855] normal_task_submitter.cc:857: Number of alive nodes:1
[2026-09-09 05:13:56,362 I 3235481 3235481] actor_task_submitter.cc:75: Set actor max pending calls to -1 actor_id=a0818a56258eb0435b086a7301000000
[2026-09-09 05:13:56,368 I 3235481 3237855] actor_manager.cc:236: received notification on actor, state: PENDING_CREATION, ip address: , port: 0, num_restarts: 0, death context type=CONTEXT_NOT_SET actor_id=a0818a56258eb0435b086a7301000000 worker_id=NIL_ID node_id=a31f058980d4793d5387b80abb8a836a0961c57c5dac8cc1c9deda21
[2026-09-09 05:13:59,510 I 3235481 3237855] actor_manager.cc:236: received notification on actor, state: ALIVE, ip address: 155.103.252.95, port: 16405, num_restarts: 0, death context type=CONTEXT_NOT_SET actor_id=a0818a56258eb0435b086a7301000000 worker_id=fc6ee09a12792a3b6e08fcfdedb8765911dee02666da6e2932944852 node_id=a31f058980d4793d5387b80abb8a836a0961c57c5dac8cc1c9deda21
[2026-09-09 05:14:54,671 I 3235481 3237855] actor_manager.cc:236: received notification on actor, state: DEAD, ip address: 155.103.252.95, port: 16405, num_restarts: 0, death context type=ActorDiedErrorContext actor_id=a0818a56258eb0435b086a7301000000 worker_id=fc6ee09a12792a3b6e08fcfdedb8765911dee02666da6e2932944852 node_id=a31f058980d4793d5387b80abb8a836a0961c57c5dac8cc1c9deda21
[2026-09-09 05:14:54,671 I 3235481 3237855] actor_task_submitter.cc:429: Failing pending tasks for actor because the actor is already dead. actor_id=a0818a56258eb0435b086a7301000000
[2026-09-09 05:14:54,672 I 3235481 3237855] accessor.cc:453: Received address and liveness notification for node, IsAlive = 0 node_id=a31f058980d4793d5387b80abb8a836a0961c57c5dac8cc1c9deda21
[2026-09-09 05:14:54,673 I 3235481 3237855] core_worker.cc:754: Node failure. All objects pinned on that node will be lost if object reconstruction is not enabled. node_id=a31f058980d4793d5387b80abb8a836a0961c57c5dac8cc1c9deda21
[2026-09-09 05:14:55,363 I 3235481 3237855] raylet_client.cc:99: Error reporting lease backlog information: RpcError: RPC error: failed to connect to all addresses; last error: UNKNOWN: ipv4:155.103.252.95:34151: Failed to connect to remote host: Connection refused rpc_code: 14
[2026-09-09 05:14:56,353 I 3235481 3237855] core_worker.cc:457: Event stats:


Global stats: 841 total (6 active)
Queueing time: mean = 0.05ms, max = 2.92ms, min = 0.00ms, total = 41.74ms
Execution time:  mean = 208.17ms, total = 175069.59ms
Event stats:
	CoreWorker.RecoverObjects - 600 total (1 active), Execution time: mean = 0.01ms, total = 3.49ms, Queueing time: mean = 0.06ms, max = 2.92ms, min = 0.00ms, total = 35.95ms
	NodeManagerService.grpc_client.ReportWorkerBacklog.OnReplyReceived - 60 total (0 active), Execution time: mean = 0.01ms, total = 0.80ms, Queueing time: mean = 0.01ms, max = 0.10ms, min = 0.00ms, total = 0.55ms
	NodeManagerService.grpc_client.ReportWorkerBacklog - 60 total (0 active), Execution time: mean = 0.52ms, total = 31.13ms, Queueing time: mean = 0.00ms, max = -0.00ms, min = 9223372036854.78ms, total = 0.00ms
	CoreWorker.InternalHeartbeat - 60 total (1 active), Execution time: mean = 0.14ms, total = 8.69ms, Queueing time: mean = 0.02ms, max = 0.51ms, min = 0.00ms, total = 1.45ms
	CoreWorker.RecordMetrics - 12 total (1 active), Execution time: mean = 0.07ms, total = 0.83ms, Queueing time: mean = 0.02ms, max = 0.04ms, min = 0.01ms, total = 0.19ms
	PeriodicalRunner.RunFnPeriodically - 6 total (0 active), Execution time: mean = 0.11ms, total = 0.64ms, Queueing time: mean = 0.29ms, max = 0.64ms, min = 0.01ms, total = 1.73ms
	CoreWorker.TryDelPendingObjectRefStreams - 6 total (1 active), Execution time: mean = 0.00ms, total = 0.02ms, Queueing time: mean = 0.02ms, max = 0.04ms, min = 0.01ms, total = 0.10ms
	ray::rpc::InternalPubSubGcsService.grpc_client.GcsSubscriberPoll.OnReplyReceived - 5 total (0 active), Execution time: mean = 0.06ms, total = 0.30ms, Queueing time: mean = 0.01ms, max = 0.03ms, min = 0.01ms, total = 0.06ms
	ray::rpc::InternalPubSubGcsService.grpc_client.GcsSubscriberPoll - 5 total (0 active), Execution time: mean = 11681.11ms, total = 58405.57ms, Queueing time: mean = 0.00ms, max = -0.00ms, min = 9223372036854.78ms, total = 0.00ms
	Subscriber.HandlePublishedMessage_GCS_ACTOR_CHANNEL - 2 total (0 active), Execution time: mean = 0.29ms, total = 0.59ms, Queueing time: mean = 0.09ms, max = 0.12ms, min = 0.06ms, total = 0.17ms
	ray::rpc::InternalPubSubGcsService.grpc_client.GcsSubscriberCommandBatch - 2 total (0 active), Execution time: mean = 0.36ms, total = 0.73ms, Queueing time: mean = 0.00ms, max = -0.00ms, min = 9223372036854.78ms, total = 0.00ms
	ray::rpc::InternalPubSubGcsService.grpc_client.GcsSubscriberCommandBatch.OnReplyReceived - 2 total (0 active), Execution time: mean = 0.07ms, total = 0.14ms, Queueing time: mean = 0.20ms, max = 0.40ms, min = 0.00ms, total = 0.41ms
	ray::rpc::ActorInfoGcsService.grpc_client.RegisterActor.OnReplyReceived - 1 total (0 active), Execution time: mean = 0.11ms, total = 0.11ms, Queueing time: mean = 0.01ms, max = 0.01ms, min = 0.01ms, total = 0.01ms
	ray::rpc::ActorInfoGcsService.grpc_client.ReportActorOutOfScope - 1 total (0 active), Execution time: mean = 1.10ms, total = 1.10ms, Queueing time: mean = 0.00ms, max = -0.00ms, min = 9223372036854.78ms, total = 0.00ms
	ActorTaskSubmitter::SubmitTask - 1 total (0 active), Execution time: mean = 0.01ms, total = 0.01ms, Queueing time: mean = 0.09ms, max = 0.09ms, min = 0.09ms, total = 0.09ms
	ray::rpc::ActorInfoGcsService.grpc_client.GetActorInfo.OnReplyReceived - 1 total (0 active), Execution time: mean = 0.37ms, total = 0.37ms, Queueing time: mean = 0.00ms, max = 0.00ms, min = 0.00ms, total = 0.00ms
	CoreWorkerService.grpc_client.PushTask - 1 total (0 active), Execution time: mean = 55159.29ms, total = 55159.29ms, Queueing time: mean = 0.00ms, max = -0.00ms, min = 9223372036854.78ms, total = 0.00ms
	Publisher.CheckDeadSubscribers - 1 total (1 active), Execution time: mean = 0.00ms, total = 0.00ms, Queueing time: mean = 0.00ms, max = -0.00ms, min = 9223372036854.78ms, total = 0.00ms
	ray::rpc::ActorInfoGcsService.grpc_client.CreateActor.OnReplyReceived - 1 total (0 active), Execution time: mean = 0.04ms, total = 0.04ms, Queueing time: mean = 0.09ms, max = 0.09ms, min = 0.09ms, total = 0.09ms
	ActorCreator.AsyncRegisterActor - 1 total (0 active), Execution time: mean = 0.09ms, total = 0.09ms, Queueing time: mean = 0.01ms, max = 0.01ms, min = 0.01ms, total = 0.01ms
	ray::rpc::WorkerInfoGcsService.grpc_client.AddWorkerInfo.OnReplyReceived - 1 total (0 active), Execution time: mean = 0.01ms, total = 0.01ms, Queueing time: mean = 0.47ms, max = 0.47ms, min = 0.47ms, total = 0.47ms
	Subscriber.HandlePublishedMessage_GCS_NODE_ADDRESS_AND_LIVENESS_CHANNEL - 1 total (0 active), Execution time: mean = 0.02ms, total = 0.02ms, Queueing time: mean = 0.05ms, max = 0.05ms, min = 0.05ms, total = 0.05ms
	ray::rpc::WorkerInfoGcsService.grpc_client.AddWorkerInfo - 1 total (0 active), Execution time: mean = 0.42ms, total = 0.42ms, Queueing time: mean = 0.00ms, max = -0.00ms, min = 9223372036854.78ms, total = 0.00ms
	ray::rpc::ActorInfoGcsService.grpc_client.CreateActor - 1 total (0 active), Execution time: mean = 3146.48ms, total = 3146.48ms, Queueing time: mean = 0.00ms, max = -0.00ms, min = 9223372036854.78ms, total = 0.00ms
	ray::rpc::ActorInfoGcsService.grpc_client.ReportActorOutOfScope.OnReplyReceived - 1 total (0 active), Execution time: mean = 0.01ms, total = 0.01ms, Queueing time: mean = 0.32ms, max = 0.32ms, min = 0.32ms, total = 0.32ms
	CoreWorkerService.grpc_server.WaitForActorRefDeleted - 1 total (0 active), Execution time: mean = 58307.26ms, total = 58307.26ms, Queueing time: mean = 0.00ms, max = -0.00ms, min = 9223372036854.78ms, total = 0.00ms
	CoreWorkerService.grpc_client.PushTask.OnReplyReceived - 1 total (0 active), Execution time: mean = 0.08ms, total = 0.08ms, Queueing time: mean = 0.07ms, max = 0.07ms, min = 0.07ms, total = 0.07ms
	ray::rpc::ActorInfoGcsService.grpc_client.GetActorInfo - 1 total (0 active), Execution time: mean = 0.22ms, total = 0.22ms, Queueing time: mean = 0.00ms, max = -0.00ms, min = 9223372036854.78ms, total = 0.00ms
	ray::rpc::NodeInfoGcsService.grpc_client.GetAllNodeAddressAndLiveness - 1 total (0 active), Execution time: mean = 0.24ms, total = 0.24ms, Queueing time: mean = 0.00ms, max = -0.00ms, min = 9223372036854.78ms, total = 0.00ms
	CoreWorker.PrintEventStats - 1 total (1 active, 1 running), Execution time: mean = 0.00ms, total = 0.00ms, Queueing time: mean = 0.00ms, max = -0.00ms, min = 9223372036854.78ms, total = 0.00ms
	CoreWorkerService.grpc_server.WaitForActorRefDeleted.HandleRequestImpl - 1 total (0 active), Execution time: mean = 0.02ms, total = 0.02ms, Queueing time: mean = 0.01ms, max = 0.01ms, min = 0.01ms, total = 0.01ms
	ray::rpc::NodeInfoGcsService.grpc_client.GetAllNodeAddressAndLiveness.OnReplyReceived - 1 total (0 active), Execution time: mean = 0.03ms, total = 0.03ms, Queueing time: mean = 0.00ms, max = 0.00ms, min = 0.00ms, total = 0.00ms
	ray::rpc::ActorInfoGcsService.grpc_client.RegisterActor - 1 total (0 active), Execution time: mean = 0.88ms, total = 0.88ms, Queueing time: mean = 0.00ms, max = -0.00ms, min = 9223372036854.78ms, total = 0.00ms

-----------------
Task execution event stats:

Global stats: 0 total (0 active)
Queueing time: mean = -nanms, max = -0.00ms, min = 9223372036854.78ms, total = 0.00ms
Execution time:  mean = -nanms, total = 0.00ms
Event stats:

-----------------
Task Event stats:

IO Service Stats:

Global stats: 67 total (1 active)
Queueing time: mean = 0.10ms, max = 1.56ms, min = 0.00ms, total = 6.94ms
Execution time:  mean = 0.06ms, total = 4.06ms
Event stats:
	CoreWorker.deadline_timer.flush_task_events - 60 total (1 active), Execution time: mean = 0.05ms, total = 3.01ms, Queueing time: mean = 0.11ms, max = 1.56ms, min = 0.01ms, total = 6.87ms
	ray::rpc::TaskInfoGcsService.grpc_client.AddTaskEventData - 3 total (0 active), Execution time: mean = 0.32ms, total = 0.95ms, Queueing time: mean = 0.00ms, max = -0.00ms, min = 9223372036854.78ms, total = 0.00ms
	ray::rpc::TaskInfoGcsService.grpc_client.AddTaskEventData.OnReplyReceived - 3 total (0 active), Execution time: mean = 0.02ms, total = 0.06ms, Queueing time: mean = 0.02ms, max = 0.05ms, min = 0.01ms, total = 0.07ms
	PeriodicalRunner.RunFnPeriodically - 1 total (0 active), Execution time: mean = 0.04ms, total = 0.04ms, Queueing time: mean = 0.00ms, max = 0.00ms, min = 0.00ms, total = 0.00ms
Other Stats:
	gcs_grpc_in_progress:1
	event_aggregator_grpc_in_progress:0
	current number of task status events in buffer: 0
	current number of profile events in buffer: 0
	current number of dropped task attempts tracked: 0
	total task events sent: 0.00167561 MiB
	total number of task attempts sent: 5
	total number of task attempts dropped reported: 0
	total number of sent failure: 0
	num status task events dropped: 0
	num profile task events dropped: 0
	num ray task events reported to aggregator: 0
	num ray task events failed to report to aggregator: 0
	num of task attempts dropped reported to aggregator: 0
	num of failed requests to aggregator: 0

[2026-09-09 05:14:56,358 W 3235481 3247515] open_telemetry_metric_recorder.cc:67: Failed to export metrics to the metrics agent. Result: 1
[2026-09-09 05:14:56,362 W 3235481 3238156] task_event_buffer.cc:972: [1] GCS or the event aggregator hasn't replied to the previous flush events call (likely overloaded). Skipping reporting task state events and retry later.[gcs_grpc_in_progress=1][event_aggregator_grpc_in_progress=0][cur_status_events_size=0][cur_profile_events_size=0]
[2026-09-09 05:14:56,363 I 3235481 3237855] raylet_client.cc:99: Error reporting lease backlog information: RpcError: RPC error: failed to connect to all addresses; last error: UNKNOWN: ipv4:155.103.252.95:34151: Failed to connect to remote host: Connection refused rpc_code: 14
[2026-09-09 05:14:56,397 W 3235481 3238161] python_gcs_subscriber.cc:188: Error while unregistering the subscriber: failed to connect to all addresses; last error: UNKNOWN: ipv4:155.103.252.95:6398: Failed to connect to remote host: Connection refused [code 14]
[2026-09-09 05:14:56,397 W 3235481 3235481] python_gcs_subscriber.cc:188: Error while unregistering the subscriber: failed to connect to all addresses; last error: UNKNOWN: ipv4:155.103.252.95:6398: Failed to connect to remote host: Connection refused [code 14]
[2026-09-09 05:14:56,397 I 3235481 3235481] core_worker.cc:597: Sending disconnect message to the local raylet.
[2026-09-09 05:14:56,397 I 3235481 3235481] raylet_ipc_client.cc:133: RayletIpcClient::Disconnect, exit_type=INTENDED_USER_EXIT, exit_detail=Shutdown by ray.shutdown()., has creation_task_exception_pb_bytes=0
[2026-09-09 05:14:56,397 W 3235481 3235481] core_worker.cc:603: Failed to disconnect from the local raylet: IOError: Broken pipe
[2026-09-09 05:14:56,398 I 3235481 3235481] task_event_buffer.cc:577: Shutting down TaskEventBuffer.
[2026-09-09 05:14:57,363 I 3235481 3237855] raylet_client.cc:99: Error reporting lease backlog information: RpcError: RPC error: failed to connect to all addresses; last error: UNKNOWN: ipv4:155.103.252.95:34151: Failed to connect to remote host: Connection refused rpc_code: 14
[2026-09-09 05:14:58,364 I 3235481 3237855] raylet_client.cc:99: Error reporting lease backlog information: RpcError: RPC error: failed to connect to all addresses; last error: UNKNOWN: ipv4:155.103.252.95:34151: Failed to connect to remote host: Connection refused rpc_code: 14
[2026-09-09 05:14:59,364 I 3235481 3237855] raylet_client.cc:99: Error reporting lease backlog information: RpcError: RPC error: failed to connect to all addresses; last error: UNKNOWN: ipv4:155.103.252.95:34151: Failed to connect to remote host: Connection refused rpc_code: 14
[2026-09-09 05:15:00,364 I 3235481 3237855] raylet_client.cc:99: Error reporting lease backlog information: RpcError: RPC error: failed to connect to all addresses; last error: UNKNOWN: ipv4:155.103.252.95:34151: Failed to connect to remote host: Connection refused rpc_code: 14
[2026-09-09 05:15:01,364 I 3235481 3237855] raylet_client.cc:99: Error reporting lease backlog information: RpcError: RPC error: failed to connect to all addresses; last error: UNKNOWN: ipv4:155.103.252.95:34151: Failed to connect to remote host: Connection refused rpc_code: 14
[2026-09-09 05:15:01,398 W 3235481 3235481] graceful_shutdown.h:57: TaskEventBuffer shutdown timed out waiting for in-flight operations. Some events may be lost.
[2026-09-09 05:15:01,398 I 3235481 3238156] task_event_buffer.cc:543: Task event buffer io service stopped.
[2026-09-09 05:15:01,398 I 3235481 3235481] core_worker_shutdown_executor.cc:85: Waiting for joining a core worker io thread. If it hangs here, there might be deadlock or a high load in the core worker io service.
[2026-09-09 05:15:01,398 I 3235481 3237855] core_worker_process.cc:188: Core worker main io service stopped.
[2026-09-09 05:15:01,399 I 3235481 3235481] core_worker_shutdown_executor.cc:101: Disconnecting a GCS client.
[2026-09-09 05:15:01,399 I 3235481 3235481] core_worker_shutdown_executor.cc:108: Core worker ready to be deallocated.
[2026-09-09 05:15:01,399 I 3235481 3235481] core_worker_process.cc:988: Waiting for driver shutdown to complete...
[2026-09-09 05:15:01,399 I 3235481 3235481] core_worker_shutdown_executor.cc:42: Shutdown completed successfully
[2026-09-09 05:15:01,399 I 3235481 3235481] core_worker_process.cc:990: Driver shutdown complete. Removing the global worker.
[2026-09-09 05:15:01,399 I 3235481 3235481] core_worker_shutdown_executor.cc:42: Shutdown completed successfully
[2026-09-09 05:15:01,399 I 3235481 3235481] core_worker.cc:533: Core worker is destructed
[2026-09-09 05:15:01,399 I 3235481 3235481] core_worker_process.cc:867: Destructing CoreWorkerProcessImpl. pid: 3235481
[2026-09-09 05:15:01,400 W 3235481 3248093] open_telemetry_metric_recorder.cc:67: Failed to export metrics to the metrics agent. Result: 1
[2026-09-09 05:15:01,400 I 3235481 3235481] stats.h:164: Stats module has shutdown.
