[2026-09-09 05:14:01,485 I 3239192 3239192] core_worker_process.cc:795: Constructing CoreWorkerProcess. pid: 3239192
[2026-09-09 05:14:01,486 I 3239192 3239192] event.cc:499: Ray Event initialized for CORE_WORKER
[2026-09-09 05:14:01,486 I 3239192 3239192] event.cc:499: Ray Event initialized for EXPORT_TASK
[2026-09-09 05:14:01,486 I 3239192 3239192] event.cc:332: Set ray event level to warning
[2026-09-09 05:14:01,487 I 3239192 3239192] grpc_server.cc:143: worker server started, listening on port 16406.
[2026-09-09 05:14:01,492 I 3239192 3239192] core_worker_process.cc:267: Initializing worker at address: 155.103.252.95:16406 worker_id=17cab04a15944ec0c51d05a3235df817fc1407d142432e954accd5ea node_id=a31f058980d4793d5387b80abb8a836a0961c57c5dac8cc1c9deda21
[2026-09-09 05:14:01,492 I 3239192 3239192] task_event_buffer.cc:564: Reporting task events to GCS every 1000ms.
[2026-09-09 05:14:01,493 I 3239192 3239192] core_worker.cc:517: Adjusted worker niceness to 15
[2026-09-09 05:14:01,493 I 3239192 3239269] core_worker.cc:457: Event stats:


Global stats: 10 total (8 active)
Queueing time: mean = 0.00ms, max = 0.01ms, min = 0.00ms, total = 0.02ms
Execution time:  mean = 0.00ms, total = 0.02ms
Event stats:
	PeriodicalRunner.RunFnPeriodically - 7 total (5 active, 1 running), Execution time: mean = 0.00ms, total = 0.02ms, Queueing time: mean = 0.00ms, max = 0.01ms, min = 0.00ms, total = 0.02ms
	ray::rpc::WorkerInfoGcsService.grpc_client.AddWorkerInfo - 1 total (1 active), Execution time: mean = 0.00ms, total = 0.00ms, Queueing time: mean = 0.00ms, max = -0.00ms, min = 9223372036854.78ms, total = 0.00ms
	Publisher.CheckDeadSubscribers - 1 total (1 active), Execution time: mean = 0.00ms, total = 0.00ms, Queueing time: mean = 0.00ms, max = -0.00ms, min = 9223372036854.78ms, total = 0.00ms
	CoreWorker.ExitIfParentRayletDies - 1 total (1 active), Execution time: mean = 0.00ms, total = 0.00ms, Queueing time: mean = 0.00ms, max = -0.00ms, min = 9223372036854.78ms, total = 0.00ms

-----------------
Task execution event stats:

Global stats: 0 total (0 active)
Queueing time: mean = -nanms, max = -0.00ms, min = 9223372036854.78ms, total = 0.00ms
Execution time:  mean = -nanms, total = 0.00ms
Event stats:

-----------------
Task Event stats:

IO Service Stats:

Global stats: 2 total (1 active)
Queueing time: mean = 0.00ms, max = 0.00ms, min = 0.00ms, total = 0.00ms
Execution time:  mean = 0.02ms, total = 0.04ms
Event stats:
	PeriodicalRunner.RunFnPeriodically - 1 total (0 active), Execution time: mean = 0.04ms, total = 0.04ms, Queueing time: mean = 0.00ms, max = 0.00ms, min = 0.00ms, total = 0.00ms
	CoreWorker.deadline_timer.flush_task_events - 1 total (1 active), Execution time: mean = 0.00ms, total = 0.00ms, Queueing time: mean = 0.00ms, max = -0.00ms, min = 9223372036854.78ms, total = 0.00ms
Other Stats:
	gcs_grpc_in_progress:0
	event_aggregator_grpc_in_progress:0
	current number of task status events in buffer: 0
	current number of profile events in buffer: 0
	current number of dropped task attempts tracked: 0
	total task events sent: 0 MiB
	total number of task attempts sent: 0
	total number of task attempts dropped reported: 0
	total number of sent failure: 0
	num status task events dropped: 0
	num profile task events dropped: 0
	num ray task events reported to aggregator: 0
	num ray task events failed to report to aggregator: 0
	num of task attempts dropped reported to aggregator: 0
	num of failed requests to aggregator: 0

