[2026-09-09 05:14:01,960 I 3239360 3239360] core_worker_process.cc:795: Constructing CoreWorkerProcess. pid: 3239360
[2026-09-09 05:14:01,961 I 3239360 3239360] event.cc:499: Ray Event initialized for CORE_WORKER
[2026-09-09 05:14:01,961 I 3239360 3239360] event.cc:499: Ray Event initialized for EXPORT_TASK
[2026-09-09 05:14:01,961 I 3239360 3239360] event.cc:332: Set ray event level to warning
[2026-09-09 05:14:01,962 I 3239360 3239360] grpc_server.cc:143: worker server started, listening on port 16407.
[2026-09-09 05:14:01,967 I 3239360 3239360] core_worker_process.cc:267: Initializing worker at address: 155.103.252.95:16407 worker_id=8b7da7be3b4cf8be95c4b43702b0a47ba0ed251be134e48e3fafdc4f node_id=a31f058980d4793d5387b80abb8a836a0961c57c5dac8cc1c9deda21
[2026-09-09 05:14:01,967 I 3239360 3239360] task_event_buffer.cc:564: Reporting task events to GCS every 1000ms.
[2026-09-09 05:14:01,968 I 3239360 3239360] core_worker.cc:517: Adjusted worker niceness to 15
[2026-09-09 05:14:01,968 I 3239360 3239416] core_worker.cc:457: Event stats:


Global stats: 10 total (8 active)
Queueing time: mean = 0.00ms, max = 0.01ms, min = 0.01ms, total = 0.02ms
Execution time:  mean = 0.00ms, total = 0.02ms
Event stats:
	PeriodicalRunner.RunFnPeriodically - 7 total (5 active, 1 running), Execution time: mean = 0.00ms, total = 0.02ms, Queueing time: mean = 0.00ms, max = 0.01ms, min = 0.01ms, total = 0.02ms
	CoreWorker.ExitIfParentRayletDies - 1 total (1 active), Execution time: mean = 0.00ms, total = 0.00ms, Queueing time: mean = 0.00ms, max = -0.00ms, min = 9223372036854.78ms, total = 0.00ms
	ray::rpc::WorkerInfoGcsService.grpc_client.AddWorkerInfo - 1 total (1 active), Execution time: mean = 0.00ms, total = 0.00ms, Queueing time: mean = 0.00ms, max = -0.00ms, min = 9223372036854.78ms, total = 0.00ms
	Publisher.CheckDeadSubscribers - 1 total (1 active), Execution time: mean = 0.00ms, total = 0.00ms, Queueing time: mean = 0.00ms, max = -0.00ms, min = 9223372036854.78ms, total = 0.00ms

-----------------
Task execution event stats:

Global stats: 0 total (0 active)
Queueing time: mean = -nanms, max = -0.00ms, min = 9223372036854.78ms, total = 0.00ms
Execution time:  mean = -nanms, total = 0.00ms
Event stats:

-----------------
Task Event stats:

IO Service Stats:

Global stats: 2 total (1 active)
Queueing time: mean = 0.00ms, max = 0.00ms, min = 0.00ms, total = 0.00ms
Execution time:  mean = 0.02ms, total = 0.04ms
Event stats:
	PeriodicalRunner.RunFnPeriodically - 1 total (0 active), Execution time: mean = 0.04ms, total = 0.04ms, Queueing time: mean = 0.00ms, max = 0.00ms, min = 0.00ms, total = 0.00ms
	CoreWorker.deadline_timer.flush_task_events - 1 total (1 active), Execution time: mean = 0.00ms, total = 0.00ms, Queueing time: mean = 0.00ms, max = -0.00ms, min = 9223372036854.78ms, total = 0.00ms
Other Stats:
	gcs_grpc_in_progress:0
	event_aggregator_grpc_in_progress:0
	current number of task status events in buffer: 0
	current number of profile events in buffer: 0
	current number of dropped task attempts tracked: 0
	total task events sent: 0 MiB
	total number of task attempts sent: 0
	total number of task attempts dropped reported: 0
	total number of sent failure: 0
	num status task events dropped: 0
	num profile task events dropped: 0
	num ray task events reported to aggregator: 0
	num ray task events failed to report to aggregator: 0
	num of task attempts dropped reported to aggregator: 0
	num of failed requests to aggregator: 0

[2026-09-09 05:14:01,973 I 3239360 3239360] actor_task_submitter.cc:75: Set actor max pending calls to -1 actor_id=32e3daa4611609565454094801000000
[2026-09-09 05:14:01,973 I 3239360 3239360] core_worker.cc:2889: Creating actor actor_id=32e3daa4611609565454094801000000
[2026-09-09 05:14:05,491 I 3239360 3239360] task_receiver.cc:117: Actor creation task finished, task_id: ffffffffffffffff32e3daa4611609565454094801000000, actor_id: 32e3daa4611609565454094801000000, actor_repr_name: 
[2026-09-09 05:14:05,493 I 3239360 3239360] unordered_actor_task_execution_queue.cc:52: Setting actor as asyncio with max_concurrency=1000, and defined concurrency groups are:

[2026-09-09 05:14:30,646 I 3239360 3240561] actor_task_submitter.cc:75: Set actor max pending calls to 0 actor_id=8af76984d7574fbd0fc28d1101000000
[2026-09-09 05:14:31,092 I 3239360 3239416] accessor.cc:453: Received address and liveness notification for node, IsAlive = 1 node_id=a31f058980d4793d5387b80abb8a836a0961c57c5dac8cc1c9deda21
[2026-09-09 05:14:31,092 I 3239360 3239416] normal_task_submitter.cc:857: Number of alive nodes:1
[2026-09-09 05:14:31,092 I 3239360 3239416] actor_manager.cc:236: received notification on actor, state: ALIVE, ip address: 155.103.252.95, port: 16409, num_restarts: 0, death context type=CONTEXT_NOT_SET actor_id=8af76984d7574fbd0fc28d1101000000 worker_id=f3c7de6ec99d8489e458cc78e54e2d4abb25593bac9755ee614f33c2 node_id=a31f058980d4793d5387b80abb8a836a0961c57c5dac8cc1c9deda21
[2026-09-09 05:14:54,673 I 3239360 3239416] accessor.cc:453: Received address and liveness notification for node, IsAlive = 0 node_id=a31f058980d4793d5387b80abb8a836a0961c57c5dac8cc1c9deda21
[2026-09-09 05:14:54,673 I 3239360 3239416] core_worker.cc:754: Node failure. All objects pinned on that node will be lost if object reconstruction is not enabled. node_id=a31f058980d4793d5387b80abb8a836a0961c57c5dac8cc1c9deda21
[2026-09-09 05:14:54,674 I 3239360 3239416] actor_manager.cc:236: received notification on actor, state: DEAD, ip address: 155.103.252.95, port: 16409, num_restarts: 0, death context type=ActorDiedErrorContext actor_id=8af76984d7574fbd0fc28d1101000000 worker_id=f3c7de6ec99d8489e458cc78e54e2d4abb25593bac9755ee614f33c2 node_id=a31f058980d4793d5387b80abb8a836a0961c57c5dac8cc1c9deda21
[2026-09-09 05:14:54,674 I 3239360 3239416] actor_task_submitter.cc:429: Failing pending tasks for actor because the actor is already dead. actor_id=8af76984d7574fbd0fc28d1101000000
