[2026-09-09 05:14:08,923 I 3240954 3240954] core_worker_process.cc:795: Constructing CoreWorkerProcess. pid: 3240954
[2026-09-09 05:14:08,924 I 3240954 3240954] event.cc:499: Ray Event initialized for CORE_WORKER
[2026-09-09 05:14:08,924 I 3240954 3240954] event.cc:499: Ray Event initialized for EXPORT_TASK
[2026-09-09 05:14:08,924 I 3240954 3240954] event.cc:332: Set ray event level to warning
[2026-09-09 05:14:08,925 I 3240954 3240954] grpc_server.cc:143: worker server started, listening on port 16408.
[2026-09-09 05:14:08,931 I 3240954 3240954] core_worker_process.cc:267: Initializing worker at address: 155.103.252.95:16408 worker_id=9634410be4be7ed4eb1d9a2888c400af613de9945423b3633a425a3e node_id=a31f058980d4793d5387b80abb8a836a0961c57c5dac8cc1c9deda21
[2026-09-09 05:14:08,931 I 3240954 3240954] task_event_buffer.cc:564: Reporting task events to GCS every 1000ms.
[2026-09-09 05:14:08,931 I 3240954 3240954] core_worker.cc:517: Adjusted worker niceness to 15
[2026-09-09 05:14:08,932 I 3240954 3241046] core_worker.cc:457: Event stats:


Global stats: 10 total (8 active)
Queueing time: mean = 0.00ms, max = 0.00ms, min = 0.00ms, total = 0.01ms
Execution time:  mean = 0.00ms, total = 0.01ms
Event stats:
	PeriodicalRunner.RunFnPeriodically - 7 total (5 active, 1 running), Execution time: mean = 0.00ms, total = 0.01ms, Queueing time: mean = 0.00ms, max = 0.00ms, min = 0.00ms, total = 0.01ms
	ray::rpc::WorkerInfoGcsService.grpc_client.AddWorkerInfo - 1 total (1 active), Execution time: mean = 0.00ms, total = 0.00ms, Queueing time: mean = 0.00ms, max = -0.00ms, min = 9223372036854.78ms, total = 0.00ms
	CoreWorker.ExitIfParentRayletDies - 1 total (1 active), Execution time: mean = 0.00ms, total = 0.00ms, Queueing time: mean = 0.00ms, max = -0.00ms, min = 9223372036854.78ms, total = 0.00ms
	Publisher.CheckDeadSubscribers - 1 total (1 active), Execution time: mean = 0.00ms, total = 0.00ms, Queueing time: mean = 0.00ms, max = -0.00ms, min = 9223372036854.78ms, total = 0.00ms

-----------------
Task execution event stats:

Global stats: 0 total (0 active)
Queueing time: mean = -nanms, max = -0.00ms, min = 9223372036854.78ms, total = 0.00ms
Execution time:  mean = -nanms, total = 0.00ms
Event stats:

-----------------
Task Event stats:

IO Service Stats:

Global stats: 2 total (1 active)
Queueing time: mean = 0.00ms, max = 0.00ms, min = 0.00ms, total = 0.00ms
Execution time:  mean = 0.02ms, total = 0.03ms
Event stats:
	PeriodicalRunner.RunFnPeriodically - 1 total (0 active), Execution time: mean = 0.03ms, total = 0.03ms, Queueing time: mean = 0.00ms, max = 0.00ms, min = 0.00ms, total = 0.00ms
	CoreWorker.deadline_timer.flush_task_events - 1 total (1 active), Execution time: mean = 0.00ms, total = 0.00ms, Queueing time: mean = 0.00ms, max = -0.00ms, min = 9223372036854.78ms, total = 0.00ms
Other Stats:
	gcs_grpc_in_progress:0
	event_aggregator_grpc_in_progress:0
	current number of task status events in buffer: 0
	current number of profile events in buffer: 0
	current number of dropped task attempts tracked: 0
	total task events sent: 0 MiB
	total number of task attempts sent: 0
	total number of task attempts dropped reported: 0
	total number of sent failure: 0
	num status task events dropped: 0
	num profile task events dropped: 0
	num ray task events reported to aggregator: 0
	num ray task events failed to report to aggregator: 0
	num of task attempts dropped reported to aggregator: 0
	num of failed requests to aggregator: 0

[2026-09-09 05:14:08,935 I 3240954 3240954] actor_task_submitter.cc:75: Set actor max pending calls to -1 actor_id=0e501481f5109f744c02831a01000000
[2026-09-09 05:14:08,935 I 3240954 3240954] core_worker.cc:2889: Creating actor actor_id=0e501481f5109f744c02831a01000000
[2026-09-09 05:14:11,870 I 3240954 3240954] task_receiver.cc:117: Actor creation task finished, task_id: ffffffffffffffff0e501481f5109f744c02831a01000000, actor_id: 0e501481f5109f744c02831a01000000, actor_repr_name: 
[2026-09-09 05:14:38,328 I 3240954 3240954] unordered_actor_task_execution_queue.cc:52: Setting actor as asyncio with max_concurrency=1000, and defined concurrency groups are:

