[2026-09-09 05:13:51,363 I 3236315 3236315] (raylet) main.cc:279: Setting cluster ID to: a5e2537d92a564c767e30b4d523d8ccf15d170907b2149e297bbb5f8
[2026-09-09 05:13:51,370 I 3236315 3236315] (raylet) main.cc:548: Per-worker process group cleanup is DISABLED, subreaper is DISABLED
[2026-09-09 05:13:51,370 I 3236315 3236315] (raylet) main.cc:685: Setting node ID node_id=a31f058980d4793d5387b80abb8a836a0961c57c5dac8cc1c9deda21
[2026-09-09 05:13:51,370 I 3236315 3236315] (raylet) store_runner.cc:50: Allowing the Plasma store to use up to 0.134218GB of memory.
[2026-09-09 05:13:51,370 I 3236315 3236315] (raylet) store_runner.cc:66: Starting object store with directory /dev/shm, fallback /home/ubuntu/ai-infra-book-experiments/tools/verl-private/r/main, and huge page support disabled
[2026-09-09 05:13:51,370 I 3236315 3236338] (raylet) dlmalloc.cc:324: Setting dlmalloc config: plasma_directory=/dev/shm, fallback_directory=/home/ubuntu/ai-infra-book-experiments/tools/verl-private/r/main, hugepage_enabled=0, fallback_enabled=1
[2026-09-09 05:13:51,370 I 3236315 3236338] (raylet) dlmalloc.cc:153: create_and_mmap_buffer(134217736, /dev/shm/plasmaXXXXXX)
[2026-09-09 05:13:51,370 E 3236315 3236338] (raylet) file_system_monitor.cc:116: /home/ubuntu/ai-infra-book-experiments/tools/verl-private/r/main is over 95% full, available space: 75.0282 GB; capacity: 3752.16 GB. Object creation will fail if spilling is required.
[2026-09-09 05:13:51,371 I 3236315 3236338] (raylet) store.cc:572: Plasma store debug dump: 
Current usage: 0 / 0.134218 GB
- num bytes created total: 0
0 pending objects of total size 0MB
- objects spillable: 0
- bytes spillable: 0
- objects unsealed: 0
- bytes unsealed: 0
- objects in use: 0
- bytes in use: 0
- objects evictable: 0
- bytes evictable: 0

- objects created by worker: 0
- bytes created by worker: 0
- objects restored: 0
- bytes restored: 0
- objects received: 0
- bytes received: 0
- objects errored: 0
- bytes errored: 0

[2026-09-09 05:13:51,372 I 3236315 3236315] (raylet) grpc_server.cc:143: ObjectManager server started, listening on port 36899.
[2026-09-09 05:13:51,374 W 3236315 3236315] (raylet) memory_monitor_utils.cc:140: Got negative used memory for cgroup -1, setting it to zero
[2026-09-09 05:13:51,374 I 3236315 3236315] (raylet) threshold_memory_monitor.cc:52: MemoryMonitor initialized with usage threshold at 192285507584 bytes (95.000000% of system memory), total system memory bytes: 202405810176, monitor interval: 250ms
[2026-09-09 05:13:51,374 I 3236315 3236315] (raylet) node_manager.cc:248: Initializing NodeManager node_id=a31f058980d4793d5387b80abb8a836a0961c57c5dac8cc1c9deda21
[2026-09-09 05:13:51,374 I 3236315 3236315] (raylet) grpc_server.cc:143: NodeManager server started, listening on port 34151.
[2026-09-09 05:13:51,383 I 3236315 3236367] (raylet) agent_manager.cc:81: Monitor agent process with name dashboard_agent
[2026-09-09 05:13:51,385 I 3236315 3236369] (raylet) agent_manager.cc:81: Monitor agent process with name runtime_env_agent
[2026-09-09 05:13:51,934 I 3236315 3236315] (raylet) metrics_agent_client.cc:45: Initializing exporter ...
[2026-09-09 05:13:51,935 I 3236315 3236315] (raylet) event.cc:499: Ray Event initialized for RAYLET
[2026-09-09 05:13:51,935 I 3236315 3236315] (raylet) event.cc:332: Set ray event level to warning
[2026-09-09 05:13:51,935 I 3236315 3236315] (raylet) main.cc:1133: Setting temp dir to: /home/ubuntu/ai-infra-book-experiments/tools/verl-private/r
[2026-09-09 05:13:51,937 I 3236315 3236315] (raylet) metrics_agent_client.cc:59: Exporter initialized.
[2026-09-09 05:13:51,938 I 3236315 3236315] (raylet) node_manager.cc:303: Raylet of id, a31f058980d4793d5387b80abb8a836a0961c57c5dac8cc1c9deda21 started. Raylet consists of node_manager and object_manager. node_manager address: 155.103.252.95:0 object_manager address: 155.103.252.95:36899 hostname: ubuntu
[2026-09-09 05:13:51,939 I 3236315 3236315] (raylet) node_manager.cc:441: [state-dump] NodeManager:
[state-dump] Node ID: a31f058980d4793d5387b80abb8a836a0961c57c5dac8cc1c9deda21
[state-dump] Node name: 155.103.252.95
[state-dump] InitialConfigResources: {node:__internal_head__: 1, memory: 2.14748e+10, GPU: 1, accelerator_type:RTX: 1, CPU: 4, node:155.103.252.95: 1, object_store_memory: 1.34218e+08}
[state-dump] ClusterLeaseManager:
[state-dump] ========== Node: a31f058980d4793d5387b80abb8a836a0961c57c5dac8cc1c9deda21 =================
[state-dump] Infeasible queue length: 0
[state-dump] Schedule queue length: 0
[state-dump] Grant queue length: 0
[state-dump] num_waiting_for_resource: 0
[state-dump] num_waiting_for_plasma_memory: 0
[state-dump] num_waiting_for_remote_node_resources: 0
[state-dump] num_worker_not_started_by_job_config_not_exist: 0
[state-dump] num_worker_not_started_by_registration_timeout: 0
[state-dump] num_tasks_waiting_for_workers: 0
[state-dump] num_cancelled_leases: 0
[state-dump] cluster_resource_scheduler state: 
[state-dump] Local id: 5002166022278921223 Local resources: {"total":{accelerator_type:RTX: [10000], node:__internal_head__: [10000], CPU: [40000], node:155.103.252.95: [10000], memory: [214748364800000], GPU: [10000], object_store_memory: [1342177280000]}}, "available": {accelerator_type:RTX: [10000], node:__internal_head__: [10000], CPU: [40000], node:155.103.252.95: [10000], memory: [214748364800000], GPU: [10000], object_store_memory: [1342177280000]}}, "labels":{"ray.io/accelerator-type":"RTX","ray.io/node-id":"a31f058980d4793d5387b80abb8a836a0961c57c5dac8cc1c9deda21",} is_draining: 0 is_idle: 1 Cluster resources (at most 20 nodes are shown): node id: 5002166022278921223{"total":{memory: 214748364800000, node:__internal_head__: 10000, GPU: 10000, accelerator_type:RTX: 10000, CPU: 40000, object_store_memory: 1342177280000, node:155.103.252.95: 10000}}, "available": {memory: 214748364800000, node:__internal_head__: 10000, GPU: 10000, accelerator_type:RTX: 10000, CPU: 40000, object_store_memory: 1342177280000, node:155.103.252.95: 10000}}, "labels":{"ray.io/accelerator-type":"RTX","ray.io/node-id":"a31f058980d4793d5387b80abb8a836a0961c57c5dac8cc1c9deda21",}, "is_draining": 0, "draining_deadline_timestamp_ms": -1} { "placement group locations": [], "node to bundles": []}
[state-dump] Waiting leases size: 0
[state-dump] Number of granted lease arguments: 0
[state-dump] Number of pinned lease arguments: 0
[state-dump] Total size of pinned lease arguments: 0
[state-dump] Number of total spilled leases: 0
[state-dump] Number of spilled waiting leases: 0
[state-dump] Number of spilled unschedulable leases: 0
[state-dump] Resource usage {
[state-dump] }
[state-dump] Backlog Size per scheduling descriptor :{workerId: num backlogs}:
[state-dump] 
[state-dump] Granted leases by scheduling class:
[state-dump] ==================================================
[state-dump] 
[state-dump] ClusterResources:
[state-dump] LocalObjectManager:
[state-dump] - num pinned objects: 0
[state-dump] - pinned objects size: 0
[state-dump] - num objects pending restore: 0
[state-dump] - num objects pending spill: 0
[state-dump] - num bytes pending spill: 0
[state-dump] - num bytes currently spilled: 0
[state-dump] - cumulative spill requests: 0
[state-dump] - cumulative restore requests: 0
[state-dump] - spilled objects pending delete: 0
[state-dump] 
[state-dump] ObjectManager:
[state-dump] - num local objects: 0
[state-dump] - num unfulfilled push requests: 0
[state-dump] - num object pull requests: 0
[state-dump] - num chunks received total: 0
[state-dump] - num chunks received failed (all): 0
[state-dump] - num chunks received failed / cancelled: 0
[state-dump] - num chunks received failed / plasma error: 0
[state-dump] Event stats:
[state-dump] Global stats: 0 total (0 active)
[state-dump] Queueing time: mean = -nanms, max = -0.00ms, min = 9223372036854.78ms, total = 0.00ms
[state-dump] Execution time:  mean = -nanms, total = 0.00ms
[state-dump] Event stats:
[state-dump] PushManager:
[state-dump] - num pushes remaining: 0
[state-dump] - num chunks in flight: 0
[state-dump] - num chunks remaining: 0
[state-dump] - max chunks allowed: 409
[state-dump] OwnershipBasedObjectDirectory:
[state-dump] - num listeners: 0
[state-dump] - cumulative location updates: 0
[state-dump] - num location updates per second: 0.000
[state-dump] - num location lookups per second: 0.000
[state-dump] - num locations added per second: 0.000
[state-dump] - num locations removed per second: 0.000
[state-dump] BufferPool:
[state-dump] - create buffer state map size: 0
[state-dump] PullManager:
[state-dump] - num bytes available for pulled objects: 134217728
[state-dump] - num bytes being pulled (all): 0
[state-dump] - num bytes being pulled / pinned: 0
[state-dump] - get request bundles: BundlePullRequestQueue{0 total, 0 active, 0 inactive, 0 unpullable}
[state-dump] - wait request bundles: BundlePullRequestQueue{0 total, 0 active, 0 inactive, 0 unpullable}
[state-dump] - task request bundles: BundlePullRequestQueue{0 total, 0 active, 0 inactive, 0 unpullable}
[state-dump] - first get request bundle: N/A
[state-dump] - first wait request bundle: N/A
[state-dump] - first task request bundle: N/A
[state-dump] - num objects queued: 0
[state-dump] - num objects actively pulled (all): 0
[state-dump] - num objects actively pulled / pinned: 0
[state-dump] - num bundles being pulled: 0
[state-dump] - num pull retries: 0
[state-dump] - max timeout seconds: 0
[state-dump] - max timeout request is already processed. No entry.
[state-dump] 
[state-dump] WorkerPool:
[state-dump] - registered jobs: 0
[state-dump] - process_failed_job_config_missing: 0
[state-dump] - process_failed_rate_limited: 0
[state-dump] - process_failed_pending_registration: 0
[state-dump] - process_failed_runtime_env_setup_failed: 0
[state-dump] - num PYTHON workers: 0
[state-dump] - num PYTHON drivers: 0
[state-dump] - num PYTHON pending start requests: 0
[state-dump] - num PYTHON pending registration requests: 0
[state-dump] - num object spill callbacks queued: 0
[state-dump] - num object restore queued: 0
[state-dump] - num util functions queued: 0
[state-dump] - num JAVA workers: 0
[state-dump] - num JAVA drivers: 0
[state-dump] - num JAVA pending start requests: 0
[state-dump] - num JAVA pending registration requests: 0
[state-dump] - num object spill callbacks queued: 0
[state-dump] - num object restore queued: 0
[state-dump] - num util functions queued: 0
[state-dump] - num idle workers: 0
[state-dump] LeaseDependencyManager:
[state-dump] - lease deps map size: 0
[state-dump] - get req map size: 0
[state-dump] - wait req map size: 0
[state-dump] - local objects map size: 0
[state-dump] WaitManager:
[state-dump] - num active wait requests: 0
[state-dump] Subscriber:
[state-dump] Channel WORKER_OBJECT_LOCATIONS_CHANNEL
[state-dump] - cumulative subscribe requests: 0
[state-dump] - cumulative unsubscribe requests: 0
[state-dump] - active subscribed publishers: 0
[state-dump] - cumulative published messages: 0
[state-dump] - cumulative processed messages: 0
[state-dump] Channel WORKER_REF_REMOVED_CHANNEL
[state-dump] - cumulative subscribe requests: 0
[state-dump] - cumulative unsubscribe requests: 0
[state-dump] - active subscribed publishers: 0
[state-dump] - cumulative published messages: 0
[state-dump] - cumulative processed messages: 0
[state-dump] Channel WORKER_OBJECT_EVICTION
[state-dump] - cumulative subscribe requests: 0
[state-dump] - cumulative unsubscribe requests: 0
[state-dump] - active subscribed publishers: 0
[state-dump] - cumulative published messages: 0
[state-dump] - cumulative processed messages: 0
[state-dump] num async plasma notifications: 0
[state-dump] Event stats:
[state-dump] Global stats: 31 total (13 active)
[state-dump] Queueing time: mean = 54.60ms, max = 561.63ms, min = 0.00ms, total = 1692.69ms
[state-dump] Execution time:  mean = 18.52ms, total = 574.19ms
[state-dump] Event stats:
[state-dump] 	PeriodicalRunner.RunFnPeriodically - 11 total (2 active, 1 running), Execution time: mean = 0.07ms, total = 0.72ms, Queueing time: mean = 153.45ms, max = 561.63ms, min = 0.04ms, total = 1687.98ms
[state-dump] 	event_loop_lag_probe - 2 total (0 active), Execution time: mean = 0.01ms, total = 0.01ms, Queueing time: mean = 2.32ms, max = 4.63ms, min = 0.00ms, total = 4.63ms
[state-dump] 	NodeManager.CheckForUnexpectedWorkerDisconnects - 1 total (1 active), Execution time: mean = 0.00ms, total = 0.00ms, Queueing time: mean = 0.00ms, max = -0.00ms, min = 9223372036854.78ms, total = 0.00ms
[state-dump] 	NodeManager.deadline_timer.record_metrics - 1 total (1 active), Execution time: mean = 0.00ms, total = 0.00ms, Queueing time: mean = 0.00ms, max = -0.00ms, min = 9223372036854.78ms, total = 0.00ms
[state-dump] 	NodeManager.deadline_timer.debug_state_dump - 1 total (1 active), Execution time: mean = 0.00ms, total = 0.00ms, Queueing time: mean = 0.00ms, max = -0.00ms, min = 9223372036854.78ms, total = 0.00ms
[state-dump] 	ReporterService.grpc_client.HealthCheck.OnReplyReceived - 1 total (0 active), Execution time: mean = 0.13ms, total = 0.13ms, Queueing time: mean = 0.01ms, max = 0.01ms, min = 0.01ms, total = 0.01ms
[state-dump] 	ray::rpc::InternalPubSubGcsService.grpc_client.GcsSubscriberCommandBatch - 1 total (1 active), Execution time: mean = 0.00ms, total = 0.00ms, Queueing time: mean = 0.00ms, max = -0.00ms, min = 9223372036854.78ms, total = 0.00ms
[state-dump] 	ray::rpc::InternalKVGcsService.grpc_client.GetInternalConfig - 1 total (0 active), Execution time: mean = 2.35ms, total = 2.35ms, Queueing time: mean = 0.00ms, max = -0.00ms, min = 9223372036854.78ms, total = 0.00ms
[state-dump] 	ObjectManager.UpdateAvailableMemory - 1 total (0 active), Execution time: mean = 0.00ms, total = 0.00ms, Queueing time: mean = 0.01ms, max = 0.01ms, min = 0.01ms, total = 0.01ms
[state-dump] 	RayletWorkerPool.deadline_timer.kill_idle_workers - 1 total (1 active), Execution time: mean = 0.00ms, total = 0.00ms, Queueing time: mean = 0.00ms, max = -0.00ms, min = 9223372036854.78ms, total = 0.00ms
[state-dump] 	ray::rpc::InternalPubSubGcsService.grpc_client.GcsSubscriberPoll - 1 total (1 active), Execution time: mean = 0.00ms, total = 0.00ms, Queueing time: mean = 0.00ms, max = -0.00ms, min = 9223372036854.78ms, total = 0.00ms
[state-dump] 	ReporterService.grpc_client.HealthCheck - 1 total (0 active), Execution time: mean = 2.48ms, total = 2.48ms, Queueing time: mean = 0.00ms, max = -0.00ms, min = 9223372036854.78ms, total = 0.00ms
[state-dump] 	ClusterResourceManager.ResetRemoteNodeView - 1 total (1 active), Execution time: mean = 0.00ms, total = 0.00ms, Queueing time: mean = 0.00ms, max = -0.00ms, min = 9223372036854.78ms, total = 0.00ms
[state-dump] 	ray::rpc::NodeInfoGcsService.grpc_client.RegisterNode - 1 total (0 active), Execution time: mean = 2.96ms, total = 2.96ms, Queueing time: mean = 0.00ms, max = -0.00ms, min = 9223372036854.78ms, total = 0.00ms
[state-dump] 	NodeManager.deadline_timer.spill_objects_when_over_threshold - 1 total (1 active), Execution time: mean = 0.00ms, total = 0.00ms, Queueing time: mean = 0.00ms, max = -0.00ms, min = 9223372036854.78ms, total = 0.00ms
[state-dump] 	NodeManager.deadline_timer.flush_free_objects - 1 total (1 active), Execution time: mean = 0.00ms, total = 0.00ms, Queueing time: mean = 0.00ms, max = -0.00ms, min = 9223372036854.78ms, total = 0.00ms
[state-dump] 	NodeManager.ScheduleAndGrantLeases - 1 total (1 active), Execution time: mean = 0.00ms, total = 0.00ms, Queueing time: mean = 0.00ms, max = -0.00ms, min = 9223372036854.78ms, total = 0.00ms
[state-dump] 	ray::rpc::NodeInfoGcsService.grpc_client.RegisterNode.OnReplyReceived - 1 total (0 active), Execution time: mean = 0.51ms, total = 0.51ms, Queueing time: mean = 0.04ms, max = 0.04ms, min = 0.04ms, total = 0.04ms
[state-dump] 	NodeManager.GCTaskFailureReason - 1 total (1 active), Execution time: mean = 0.00ms, total = 0.00ms, Queueing time: mean = 0.00ms, max = -0.00ms, min = 9223372036854.78ms, total = 0.00ms
[state-dump] 	ray::rpc::InternalKVGcsService.grpc_client.GetInternalConfig.OnReplyReceived - 1 total (0 active), Execution time: mean = 565.02ms, total = 565.02ms, Queueing time: mean = 0.02ms, max = 0.02ms, min = 0.02ms, total = 0.02ms
[state-dump] DebugString() time ms: 0
[state-dump] 
[state-dump] 
[2026-09-09 05:13:51,943 I 3236315 3236315] (raylet) accessor.cc:453: Received address and liveness notification for node, IsAlive = 1 node_id=a31f058980d4793d5387b80abb8a836a0961c57c5dac8cc1c9deda21
[2026-09-09 05:13:56,039 I 3236315 3236315] (raylet) worker_pool.cc:752: [Eagerly] Start install runtime environment for job 01000000.
[2026-09-09 05:13:56,040 I 3236315 3236315] (raylet) worker_pool.cc:531: Started worker process with pid 3237857 worker_id=f2df128bdf3b7abf9be10262afb701ed1dad9623d87f0072ec0da548
[2026-09-09 05:13:56,041 I 3236315 3236315] (raylet) worker_pool.cc:531: Started worker process with pid 3237858 worker_id=8a703919e3db9b89630d1311527f0b980ba7d9ac0076b42835ee2a5a
[2026-09-09 05:13:56,042 I 3236315 3236315] (raylet) worker_pool.cc:531: Started worker process with pid 3237866 worker_id=54de059347cc8117ea9bec01a3ddb0c2500e22a080ea0dc3789eb6b6
[2026-09-09 05:13:56,049 I 3236315 3236315] (raylet) worker_pool.cc:531: Started worker process with pid 3237867 worker_id=ae1c42910275970d4b36e22df3bea57766acdcc58004a49c5a9d4dd3
[2026-09-09 05:13:56,050 I 3236315 3236315] (raylet) runtime_env_agent_client.cc:393: Create runtime env for job 01000000
[2026-09-09 05:13:56,050 I 3236315 3236315] (raylet) worker_pool.cc:763: [Eagerly] Create runtime env successful for job 01000000.
[2026-09-09 05:13:56,320 I 3236315 3236338] (raylet) object_store.cc:37: Object store current usage 8e-09 / 0.134218 GB.
[2026-09-09 05:13:56,353 I 3236315 3236315] (raylet) worker_pool.cc:742: Job 01000000 already started in worker pool.
[2026-09-09 05:13:56,365 I 3236315 3236315] (raylet) runtime_env_agent_client.cc:393: Create runtime env for job 01000000
[2026-09-09 05:13:56,366 I 3236315 3236315] (raylet) worker_pool.cc:531: Started worker process with pid 3238164 worker_id=fc6ee09a12792a3b6e08fcfdedb8765911dee02666da6e2932944852
[2026-09-09 05:13:56,378 W 3236315 3236363] (raylet) memory_monitor_utils.cc:140: Got negative used memory for cgroup -1, setting it to zero
[2026-09-09 05:14:01,101 I 3236315 3236315] (raylet) runtime_env_agent_client.cc:393: Create runtime env for job 01000000
[2026-09-09 05:14:01,101 I 3236315 3236315] (raylet) worker_pool.cc:531: Started worker process with pid 3239192 worker_id=17cab04a15944ec0c51d05a3235df817fc1407d142432e954accd5ea
[2026-09-09 05:14:01,158 I 3236315 3236315] (raylet) node_manager.cc:1413: Disconnecting worker, graceful=true, disconnect_type=1, has_creation_task_exception=false worker_id=f2df128bdf3b7abf9be10262afb701ed1dad9623d87f0072ec0da548 job_id=NIL_ID
[2026-09-09 05:14:01,174 W 3236315 3236338] (raylet) store.cc:365: Disconnecting client due to connection error with code 2: End of file
[2026-09-09 05:14:01,185 I 3236315 3236315] (raylet) node_manager.cc:1413: Disconnecting worker, graceful=true, disconnect_type=1, has_creation_task_exception=false worker_id=8a703919e3db9b89630d1311527f0b980ba7d9ac0076b42835ee2a5a job_id=NIL_ID
[2026-09-09 05:14:01,192 W 3236315 3236338] (raylet) store.cc:365: Disconnecting client due to connection error with code 2: End of file
[2026-09-09 05:14:01,246 I 3236315 3236315] (raylet) node_manager.cc:1413: Disconnecting worker, graceful=true, disconnect_type=1, has_creation_task_exception=false worker_id=54de059347cc8117ea9bec01a3ddb0c2500e22a080ea0dc3789eb6b6 job_id=NIL_ID
[2026-09-09 05:14:01,249 W 3236315 3236338] (raylet) store.cc:365: Disconnecting client due to connection error with code 2: End of file
[2026-09-09 05:14:01,381 W 3236315 3236363] (raylet) memory_monitor_utils.cc:140: Got negative used memory for cgroup -1, setting it to zero
[2026-09-09 05:14:01,390 E 3236315 3236339] (raylet) file_system_monitor.cc:116: /home/ubuntu/ai-infra-book-experiments/tools/verl-private/r/main is over 95% full, available space: 74.8211 GB; capacity: 3752.16 GB. Object creation will fail if spilling is required.
[2026-09-09 05:14:01,609 I 3236315 3236315] (raylet) runtime_env_agent_client.cc:393: Create runtime env for job 01000000
[2026-09-09 05:14:01,611 I 3236315 3236315] (raylet) worker_pool.cc:531: Started worker process with pid 3239360 worker_id=8b7da7be3b4cf8be95c4b43702b0a47ba0ed251be134e48e3fafdc4f
[2026-09-09 05:14:02,755 I 3236315 3236315] (raylet) node_manager.cc:1413: Disconnecting worker, graceful=true, disconnect_type=1, has_creation_task_exception=false worker_id=ae1c42910275970d4b36e22df3bea57766acdcc58004a49c5a9d4dd3 job_id=NIL_ID
[2026-09-09 05:14:02,758 W 3236315 3236338] (raylet) store.cc:365: Disconnecting client due to connection error with code 2: End of file
[2026-09-09 05:14:06,384 W 3236315 3236363] (raylet) memory_monitor_utils.cc:140: Got negative used memory for cgroup -1, setting it to zero
[2026-09-09 05:14:08,564 I 3236315 3236315] (raylet) runtime_env_agent_client.cc:393: Create runtime env for job 01000000
[2026-09-09 05:14:08,565 I 3236315 3236315] (raylet) worker_pool.cc:531: Started worker process with pid 3240954 worker_id=9634410be4be7ed4eb1d9a2888c400af613de9945423b3633a425a3e
[2026-09-09 05:14:10,163 I 3236315 3236315] (raylet) runtime_env_agent_client.cc:393: Create runtime env for job 01000000
[2026-09-09 05:14:10,164 I 3236315 3236315] (raylet) worker_pool.cc:531: Started worker process with pid 3241213 worker_id=f3c7de6ec99d8489e458cc78e54e2d4abb25593bac9755ee614f33c2
[2026-09-09 05:14:11,387 W 3236315 3236363] (raylet) memory_monitor_utils.cc:140: Got negative used memory for cgroup -1, setting it to zero
[2026-09-09 05:14:11,404 E 3236315 3236339] (raylet) file_system_monitor.cc:116: /home/ubuntu/ai-infra-book-experiments/tools/verl-private/r/main is over 95% full, available space: 74.7527 GB; capacity: 3752.16 GB. Object creation will fail if spilling is required.
[2026-09-09 05:14:16,389 W 3236315 3236363] (raylet) memory_monitor_utils.cc:140: Got negative used memory for cgroup -1, setting it to zero
[2026-09-09 05:14:21,392 W 3236315 3236363] (raylet) memory_monitor_utils.cc:140: Got negative used memory for cgroup -1, setting it to zero
[2026-09-09 05:14:21,416 E 3236315 3236339] (raylet) file_system_monitor.cc:116: /home/ubuntu/ai-infra-book-experiments/tools/verl-private/r/main is over 95% full, available space: 74.7632 GB; capacity: 3752.16 GB. Object creation will fail if spilling is required.
[2026-09-09 05:14:26,394 W 3236315 3236363] (raylet) memory_monitor_utils.cc:140: Got negative used memory for cgroup -1, setting it to zero
[2026-09-09 05:14:30,136 I 3236315 3236315] (raylet) runtime_env_agent_client.cc:393: Create runtime env for job 01000000
[2026-09-09 05:14:30,137 I 3236315 3236315] (raylet) worker_pool.cc:531: Started worker process with pid 3242772 worker_id=b3085d76b52c49e15a6954f1c2754ceb1c9cbd528d51ba44ceeea74d
[2026-09-09 05:14:30,181 I 3236315 3236315] (raylet) runtime_env_agent_client.cc:393: Create runtime env for job 01000000
[2026-09-09 05:14:30,182 I 3236315 3236315] (raylet) worker_pool.cc:531: Started worker process with pid 3242773 worker_id=871d7b186824b90658223a64fa11e826317f7614a56deac1517c16a3
[2026-09-09 05:14:31,400 W 3236315 3236363] (raylet) memory_monitor_utils.cc:140: Got negative used memory for cgroup -1, setting it to zero
[2026-09-09 05:14:31,432 E 3236315 3236339] (raylet) file_system_monitor.cc:116: /home/ubuntu/ai-infra-book-experiments/tools/verl-private/r/main is over 95% full, available space: 74.8575 GB; capacity: 3752.16 GB. Object creation will fail if spilling is required.
[2026-09-09 05:14:36,404 W 3236315 3236363] (raylet) memory_monitor_utils.cc:140: Got negative used memory for cgroup -1, setting it to zero
[2026-09-09 05:14:41,408 W 3236315 3236363] (raylet) memory_monitor_utils.cc:140: Got negative used memory for cgroup -1, setting it to zero
[2026-09-09 05:14:41,442 E 3236315 3236339] (raylet) file_system_monitor.cc:116: /home/ubuntu/ai-infra-book-experiments/tools/verl-private/r/main is over 95% full, available space: 74.4741 GB; capacity: 3752.16 GB. Object creation will fail if spilling is required.
[2026-09-09 05:14:44,590 I 3236315 3236315] (raylet) local_resource_manager.cc:349: Object store memory is idle.
[2026-09-09 05:14:46,410 W 3236315 3236363] (raylet) memory_monitor_utils.cc:140: Got negative used memory for cgroup -1, setting it to zero
[2026-09-09 05:14:51,371 I 3236315 3236338] (raylet) store.cc:572: Plasma store debug dump: 
Current usage: 3.8599e-05 / 0.134218 GB
- num bytes created total: 148606
0 pending objects of total size 0MB
- objects spillable: 0
- bytes spillable: 0
- objects unsealed: 0
- bytes unsealed: 0
- objects in use: 1
- bytes in use: 38599
- objects evictable: 0
- bytes evictable: 0

- objects created by worker: 1
- bytes created by worker: 38599
- objects restored: 0
- bytes restored: 0
- objects received: 0
- bytes received: 0
- objects errored: 0
- bytes errored: 0

[2026-09-09 05:14:51,412 W 3236315 3236363] (raylet) memory_monitor_utils.cc:140: Got negative used memory for cgroup -1, setting it to zero
[2026-09-09 05:14:51,455 E 3236315 3236339] (raylet) file_system_monitor.cc:116: /home/ubuntu/ai-infra-book-experiments/tools/verl-private/r/main is over 95% full, available space: 74.2264 GB; capacity: 3752.16 GB. Object creation will fail if spilling is required.
[2026-09-09 05:14:51,940 I 3236315 3236315] (raylet) node_manager.cc:441: [state-dump] NodeManager:
[state-dump] Node ID: a31f058980d4793d5387b80abb8a836a0961c57c5dac8cc1c9deda21
[state-dump] Node name: 155.103.252.95
[state-dump] InitialConfigResources: {node:__internal_head__: 1, memory: 2.14748e+10, GPU: 1, accelerator_type:RTX: 1, CPU: 4, node:155.103.252.95: 1, object_store_memory: 1.34218e+08}
[state-dump] ClusterLeaseManager:
[state-dump] ========== Node: a31f058980d4793d5387b80abb8a836a0961c57c5dac8cc1c9deda21 =================
[state-dump] Infeasible queue length: 0
[state-dump] Schedule queue length: 0
[state-dump] Grant queue length: 0
[state-dump] num_waiting_for_resource: 0
[state-dump] num_waiting_for_plasma_memory: 0
[state-dump] num_waiting_for_remote_node_resources: 0
[state-dump] num_worker_not_started_by_job_config_not_exist: 0
[state-dump] num_worker_not_started_by_registration_timeout: 0
[state-dump] num_tasks_waiting_for_workers: 0
[state-dump] num_cancelled_leases: 0
[state-dump] cluster_resource_scheduler state: 
[state-dump] Local id: 5002166022278921223 Local resources: {"total":{CPU: [40000], accelerator_type:RTX: [10000], GPU: [10000], bundle_group_0_9e692d52f7f91c7d2c886b169ed101000000: [10000000], memory: [214748364800000], CPU_group_0_9e692d52f7f91c7d2c886b169ed101000000: [30000], node:155.103.252.95: [10000], CPU_group_9e692d52f7f91c7d2c886b169ed101000000: [30000], GPU_group_0_9e692d52f7f91c7d2c886b169ed101000000: [10000], bundle_group_9e692d52f7f91c7d2c886b169ed101000000: [10000000], GPU_group_9e692d52f7f91c7d2c886b169ed101000000: [10000], node:__internal_head__: [10000], object_store_memory: [1342177280000]}}, "available": {node:__internal_head__: [10000], accelerator_type:RTX: [10000], GPU: [0], CPU_group_0_9e692d52f7f91c7d2c886b169ed101000000: [20000], node:155.103.252.95: [10000], GPU_group_0_9e692d52f7f91c7d2c886b169ed101000000: [6667], memory: [214748364800000], CPU_group_9e692d52f7f91c7d2c886b169ed101000000: [20000], GPU_group_9e692d52f7f91c7d2c886b169ed101000000: [6667], bundle_group_9e692d52f7f91c7d2c886b169ed101000000: [9999990], CPU: [10000], object_store_memory: [1341791290000], bundle_group_0_9e692d52f7f91c7d2c886b169ed101000000: [9999990]}}, "labels":{"ray.io/accelerator-type":"RTX","ray.io/node-id":"a31f058980d4793d5387b80abb8a836a0961c57c5dac8cc1c9deda21",} is_draining: 0 is_idle: 0 Cluster resources (at most 20 nodes are shown): node id: 5002166022278921223{"total":{CPU: 40000, accelerator_type:RTX: 10000, CPU_group_0_9e692d52f7f91c7d2c886b169ed101000000: 30000, GPU: 10000, bundle_group_9e692d52f7f91c7d2c886b169ed101000000: 10000000, memory: 214748364800000, node:155.103.252.95: 10000, GPU_group_0_9e692d52f7f91c7d2c886b169ed101000000: 10000, CPU_group_9e692d52f7f91c7d2c886b169ed101000000: 30000, bundle_group_0_9e692d52f7f91c7d2c886b169ed101000000: 10000000, GPU_group_9e692d52f7f91c7d2c886b169ed101000000: 10000, node:__internal_head__: 10000, object_store_memory: 1342177280000}}, "available": {bundle_group_0_9e692d52f7f91c7d2c886b169ed101000000: 9999990, CPU_group_0_9e692d52f7f91c7d2c886b169ed101000000: 20000, accelerator_type:RTX: 10000, CPU: 10000, memory: 214748364800000, CPU_group_9e692d52f7f91c7d2c886b169ed101000000: 20000, node:155.103.252.95: 10000, GPU_group_0_9e692d52f7f91c7d2c886b169ed101000000: 6667, bundle_group_9e692d52f7f91c7d2c886b169ed101000000: 9999990, GPU_group_9e692d52f7f91c7d2c886b169ed101000000: 6667, node:__internal_head__: 10000, object_store_memory: 1341791290000}}, "labels":{"ray.io/accelerator-type":"RTX","ray.io/node-id":"a31f058980d4793d5387b80abb8a836a0961c57c5dac8cc1c9deda21",}, "is_draining": 0, "draining_deadline_timestamp_ms": -1} { "placement group locations": [], "node to bundles": []}
[state-dump] Waiting leases size: 0
[state-dump] Number of granted lease arguments: 0
[state-dump] Number of pinned lease arguments: 0
[state-dump] Total size of pinned lease arguments: 0
[state-dump] Number of total spilled leases: 0
[state-dump] Number of spilled waiting leases: 0
[state-dump] Number of spilled unschedulable leases: 0
[state-dump] Resource usage {
[state-dump]     - (language=PYTHON actor_or_taskAgentLoopWorker.__init__ pid=3242773 worker_id=871d7b186824b90658223a64fa11e826317f7614a56deac1517c16a3): {}
[state-dump]     - (language=PYTHON actor_or_taskGlobalRequestLoadBalancer.__init__ pid=3242772 worker_id=b3085d76b52c49e15a6954f1c2754ceb1c9cbd528d51ba44ceeea74d): {}
[state-dump]     - (language=PYTHON actor_or_taskvLLMHttpServer.__init__ pid=3241213 worker_id=f3c7de6ec99d8489e458cc78e54e2d4abb25593bac9755ee614f33c2): {}
[state-dump]     - (language=PYTHON actor_or_taskRewardLoopWorker.__init__ pid=3240954 worker_id=9634410be4be7ed4eb1d9a2888c400af613de9945423b3633a425a3e): {}
[state-dump]     - (language=PYTHON actor_or_taskWorkerDict.__init__ pid=3239360 worker_id=8b7da7be3b4cf8be95c4b43702b0a47ba0ed251be134e48e3fafdc4f): {GPU_group_9e692d52f7f91c7d2c886b169ed101000000: 0.3333, CPU_group_9e692d52f7f91c7d2c886b169ed101000000: 1, bundle_group_0_9e692d52f7f91c7d2c886b169ed101000000: 0.001, GPU_group_0_9e692d52f7f91c7d2c886b169ed101000000: 0.3333, CPU_group_0_9e692d52f7f91c7d2c886b169ed101000000: 1, bundle_group_9e692d52f7f91c7d2c886b169ed101000000: 0.001}
[state-dump]     - (language=PYTHON actor_or_taskTaskRunner.__init__ pid=3238164 worker_id=fc6ee09a12792a3b6e08fcfdedb8765911dee02666da6e2932944852): {}
[state-dump] }
[state-dump] Backlog Size per scheduling descriptor :{workerId: num backlogs}:
[state-dump] 
[state-dump] Granted leases by scheduling class:
[state-dump] ==================================================
[state-dump] 
[state-dump] ClusterResources:
[state-dump] LocalObjectManager:
[state-dump] - num pinned objects: 1
[state-dump] - pinned objects size: 38599
[state-dump] - num objects pending restore: 0
[state-dump] - num objects pending spill: 0
[state-dump] - num bytes pending spill: 0
[state-dump] - num bytes currently spilled: 0
[state-dump] - cumulative spill requests: 0
[state-dump] - cumulative restore requests: 0
[state-dump] - spilled objects pending delete: 0
[state-dump] 
[state-dump] ObjectManager:
[state-dump] - num local objects: 1
[state-dump] - num unfulfilled push requests: 0
[state-dump] - num object pull requests: 0
[state-dump] - num chunks received total: 0
[state-dump] - num chunks received failed (all): 0
[state-dump] - num chunks received failed / cancelled: 0
[state-dump] - num chunks received failed / plasma error: 0
[state-dump] Event stats:
[state-dump] Global stats: 3 total (0 active)
[state-dump] Queueing time: mean = 0.07ms, max = 0.21ms, min = 0.01ms, total = 0.22ms
[state-dump] Execution time:  mean = 0.02ms, total = 0.05ms
[state-dump] Event stats:
[state-dump] 	ObjectManager.FreeObjects - 3 total (0 active), Execution time: mean = 0.02ms, total = 0.05ms, Queueing time: mean = 0.07ms, max = 0.21ms, min = 0.01ms, total = 0.22ms
[state-dump] PushManager:
[state-dump] - num pushes remaining: 0
[state-dump] - num chunks in flight: 0
[state-dump] - num chunks remaining: 0
[state-dump] - max chunks allowed: 409
[state-dump] OwnershipBasedObjectDirectory:
[state-dump] - num listeners: 0
[state-dump] - cumulative location updates: 2
[state-dump] - num location updates per second: 0.000
[state-dump] - num location lookups per second: 0.000
[state-dump] - num locations added per second: 0.000
[state-dump] - num locations removed per second: 0.200
[state-dump] BufferPool:
[state-dump] - create buffer state map size: 0
[state-dump] PullManager:
[state-dump] - num bytes available for pulled objects: 134179129
[state-dump] - num bytes being pulled (all): 0
[state-dump] - num bytes being pulled / pinned: 0
[state-dump] - get request bundles: BundlePullRequestQueue{0 total, 0 active, 0 inactive, 0 unpullable}
[state-dump] - wait request bundles: BundlePullRequestQueue{0 total, 0 active, 0 inactive, 0 unpullable}
[state-dump] - task request bundles: BundlePullRequestQueue{0 total, 0 active, 0 inactive, 0 unpullable}
[state-dump] - first get request bundle: N/A
[state-dump] - first wait request bundle: N/A
[state-dump] - first task request bundle: N/A
[state-dump] - num objects queued: 0
[state-dump] - num objects actively pulled (all): 0
[state-dump] - num objects actively pulled / pinned: 0
[state-dump] - num bundles being pulled: 0
[state-dump] - num pull retries: 0
[state-dump] - max timeout seconds: 0
[state-dump] - max timeout request is already processed. No entry.
[state-dump] 
[state-dump] WorkerPool:
[state-dump] - registered jobs: 1
[state-dump] - process_failed_job_config_missing: 0
[state-dump] - process_failed_rate_limited: 0
[state-dump] - process_failed_pending_registration: 0
[state-dump] - process_failed_runtime_env_setup_failed: 0
[state-dump] - num PYTHON workers: 7
[state-dump] - num PYTHON drivers: 1
[state-dump] - num PYTHON pending start requests: 0
[state-dump] - num PYTHON pending registration requests: 0
[state-dump] - num object spill callbacks queued: 0
[state-dump] - num object restore queued: 0
[state-dump] - num util functions queued: 0
[state-dump] - num JAVA workers: 0
[state-dump] - num JAVA drivers: 0
[state-dump] - num JAVA pending start requests: 0
[state-dump] - num JAVA pending registration requests: 0
[state-dump] - num object spill callbacks queued: 0
[state-dump] - num object restore queued: 0
[state-dump] - num util functions queued: 0
[state-dump] - num idle workers: 1
[state-dump] LeaseDependencyManager:
[state-dump] - lease deps map size: 0
[state-dump] - get req map size: 0
[state-dump] - wait req map size: 0
[state-dump] - local objects map size: 1
[state-dump] WaitManager:
[state-dump] - num active wait requests: 0
[state-dump] Subscriber:
[state-dump] Channel WORKER_OBJECT_LOCATIONS_CHANNEL
[state-dump] - cumulative subscribe requests: 4
[state-dump] - cumulative unsubscribe requests: 4
[state-dump] - active subscribed publishers: 0
[state-dump] - cumulative published messages: 2
[state-dump] - cumulative processed messages: 2
[state-dump] Channel WORKER_REF_REMOVED_CHANNEL
[state-dump] - cumulative subscribe requests: 0
[state-dump] - cumulative unsubscribe requests: 0
[state-dump] - active subscribed publishers: 0
[state-dump] - cumulative published messages: 0
[state-dump] - cumulative processed messages: 0
[state-dump] Channel WORKER_OBJECT_EVICTION
[state-dump] - cumulative subscribe requests: 4
[state-dump] - cumulative unsubscribe requests: 3
[state-dump] - active subscribed publishers: 1
[state-dump] - cumulative published messages: 3
[state-dump] - cumulative processed messages: 3
[state-dump] num async plasma notifications: 0
[state-dump] Event stats:
[state-dump] Global stats: 3679 total (23 active)
[state-dump] Queueing time: mean = 24.28ms, max = 32936.70ms, min = 0.00ms, total = 89317.59ms
[state-dump] Execution time:  mean = 6.44ms, total = 23683.24ms
[state-dump] Event stats:
[state-dump] 	RaySyncer.OnDemandBroadcasting - 600 total (1 active), Execution time: mean = 0.02ms, total = 10.87ms, Queueing time: mean = 0.07ms, max = 4.63ms, min = 0.00ms, total = 42.56ms
[state-dump] 	ObjectManager.UpdateAvailableMemory - 600 total (0 active), Execution time: mean = 0.00ms, total = 1.09ms, Queueing time: mean = 0.02ms, max = 3.50ms, min = 0.00ms, total = 12.65ms
[state-dump] 	NodeManager.CheckGC - 600 total (1 active), Execution time: mean = 0.00ms, total = 2.98ms, Queueing time: mean = 0.08ms, max = 5.30ms, min = 0.00ms, total = 47.93ms
[state-dump] 	NodeManagerService.grpc_server.ReportWorkerBacklog - 363 total (0 active), Execution time: mean = 0.21ms, total = 75.59ms, Queueing time: mean = 0.00ms, max = -0.00ms, min = 9223372036854.78ms, total = 0.00ms
[state-dump] 	NodeManagerService.grpc_server.ReportWorkerBacklog.HandleRequestImpl - 363 total (0 active), Execution time: mean = 0.04ms, total = 15.61ms, Queueing time: mean = 0.02ms, max = 2.19ms, min = 0.00ms, total = 8.91ms
[state-dump] 	RayletWorkerPool.deadline_timer.kill_idle_workers - 300 total (1 active), Execution time: mean = 0.01ms, total = 4.04ms, Queueing time: mean = 0.11ms, max = 5.98ms, min = 0.00ms, total = 31.69ms
[state-dump] 	ClientConnection.async_read.ProcessMessageHeader - 70 total (8 active), Execution time: mean = 0.00ms, total = 0.18ms, Queueing time: mean = 1248.45ms, max = 32936.70ms, min = 0.01ms, total = 87391.81ms
[state-dump] 	ClientConnection.async_read.ProcessMessage - 62 total (0 active), Execution time: mean = 0.47ms, total = 28.83ms, Queueing time: mean = 0.00ms, max = 0.03ms, min = 0.00ms, total = 0.24ms
[state-dump] 	NodeManagerService.grpc_server.GetResourceLoad.HandleRequestImpl - 60 total (0 active), Execution time: mean = 0.07ms, total = 4.47ms, Queueing time: mean = 0.02ms, max = 0.43ms, min = 0.00ms, total = 1.07ms
[state-dump] 	NodeManager.deadline_timer.flush_free_objects - 60 total (1 active), Execution time: mean = 0.01ms, total = 0.58ms, Queueing time: mean = 0.38ms, max = 6.31ms, min = 0.00ms, total = 23.05ms
[state-dump] 	NodeManagerService.grpc_server.GetResourceLoad - 60 total (0 active), Execution time: mean = 0.26ms, total = 15.68ms, Queueing time: mean = 0.00ms, max = -0.00ms, min = 9223372036854.78ms, total = 0.00ms
[state-dump] 	NodeManager.deadline_timer.spill_objects_when_over_threshold - 60 total (1 active), Execution time: mean = 0.00ms, total = 0.08ms, Queueing time: mean = 0.39ms, max = 6.31ms, min = 0.00ms, total = 23.49ms
[state-dump] 	NodeManager.ScheduleAndGrantLeases - 60 total (1 active), Execution time: mean = 0.02ms, total = 0.94ms, Queueing time: mean = 0.08ms, max = 2.20ms, min = 0.00ms, total = 4.51ms
[state-dump] 	NodeManager.CheckForUnexpectedWorkerDisconnects - 60 total (1 active), Execution time: mean = 0.02ms, total = 1.07ms, Queueing time: mean = 0.07ms, max = 1.68ms, min = 0.00ms, total = 4.11ms
[state-dump] 	ClusterResourceManager.ResetRemoteNodeView - 21 total (1 active), Execution time: mean = 0.01ms, total = 0.12ms, Queueing time: mean = 0.01ms, max = 0.03ms, min = 0.01ms, total = 0.31ms
[state-dump] 	ObjectManager.ObjectAdded - 16 total (0 active), Execution time: mean = 0.06ms, total = 0.96ms, Queueing time: mean = 0.02ms, max = 0.25ms, min = 0.00ms, total = 0.34ms
[state-dump] 	CoreWorkerService.grpc_client.PubsubCommandBatch.OnReplyReceived - 15 total (0 active), Execution time: mean = 0.02ms, total = 0.32ms, Queueing time: mean = 0.02ms, max = 0.08ms, min = 0.00ms, total = 0.26ms
[state-dump] 	CoreWorkerService.grpc_client.PubsubCommandBatch - 15 total (0 active), Execution time: mean = 0.29ms, total = 4.41ms, Queueing time: mean = 0.00ms, max = -0.00ms, min = 9223372036854.78ms, total = 0.00ms
[state-dump] 	 - 15 total (0 active), Execution time: mean = 0.00ms, total = 0.01ms, Queueing time: mean = 0.03ms, max = 0.16ms, min = 0.00ms, total = 0.43ms
[state-dump] 	ObjectManager.ObjectDeleted - 15 total (0 active), Execution time: mean = 0.05ms, total = 0.78ms, Queueing time: mean = 0.02ms, max = 0.13ms, min = 0.01ms, total = 0.35ms
[state-dump] 	RaySyncer.BroadcastMessage - 15 total (0 active), Execution time: mean = 0.18ms, total = 2.63ms, Queueing time: mean = 0.00ms, max = 0.00ms, min = 0.00ms, total = 0.01ms
[state-dump] 	ClientConnection.async_write.DoAsyncWrites - 13 total (0 active), Execution time: mean = 0.00ms, total = 0.01ms, Queueing time: mean = 0.01ms, max = 0.03ms, min = 0.01ms, total = 0.13ms
[state-dump] 	PeriodicalRunner.RunFnPeriodically - 13 total (0 active), Execution time: mean = 0.08ms, total = 1.05ms, Queueing time: mean = 129.99ms, max = 561.63ms, min = 0.04ms, total = 1689.91ms
[state-dump] 	NodeManagerService.grpc_server.GetAgentPIDs.HandleRequestImpl - 12 total (0 active), Execution time: mean = 0.03ms, total = 0.32ms, Queueing time: mean = 0.05ms, max = 0.14ms, min = 0.00ms, total = 0.57ms
[state-dump] 	NodeManagerService.grpc_server.GetAgentPIDs - 12 total (0 active), Execution time: mean = 0.20ms, total = 2.35ms, Queueing time: mean = 0.00ms, max = -0.00ms, min = 9223372036854.78ms, total = 0.00ms
[state-dump] 	NodeManagerService.grpc_server.GetSystemConfig.HandleRequestImpl - 12 total (0 active), Execution time: mean = 0.04ms, total = 0.48ms, Queueing time: mean = 0.02ms, max = 0.13ms, min = 0.01ms, total = 0.22ms
[state-dump] 	NodeManagerService.grpc_server.GetWorkerPIDs.HandleRequestImpl - 12 total (0 active), Execution time: mean = 0.03ms, total = 0.42ms, Queueing time: mean = 0.05ms, max = 0.27ms, min = 0.01ms, total = 0.61ms
[state-dump] 	NodeManagerService.grpc_server.GetSystemConfig - 12 total (0 active), Execution time: mean = 0.16ms, total = 1.97ms, Queueing time: mean = 0.00ms, max = -0.00ms, min = 9223372036854.78ms, total = 0.00ms
[state-dump] 	NodeManagerService.grpc_server.GetWorkerPIDs - 12 total (0 active), Execution time: mean = 0.22ms, total = 2.62ms, Queueing time: mean = 0.00ms, max = -0.00ms, min = 9223372036854.78ms, total = 0.00ms
[state-dump] 	NodeManager.deadline_timer.record_metrics - 12 total (1 active), Execution time: mean = 0.12ms, total = 1.38ms, Queueing time: mean = 1.82ms, max = 7.54ms, min = 0.01ms, total = 21.88ms
[state-dump] 	event_loop_lag_probe - 8 total (0 active), Execution time: mean = 0.01ms, total = 0.06ms, Queueing time: mean = 0.58ms, max = 4.63ms, min = 0.00ms, total = 4.67ms
[state-dump] 	CoreWorkerService.grpc_client.PubsubLongPolling - 8 total (1 active), Execution time: mean = 1137.87ms, total = 9102.95ms, Queueing time: mean = 0.00ms, max = -0.00ms, min = 9223372036854.78ms, total = 0.00ms
[state-dump] 	CoreWorkerService.grpc_client.PubsubLongPolling.OnReplyReceived - 7 total (0 active), Execution time: mean = 0.09ms, total = 0.62ms, Queueing time: mean = 0.06ms, max = 0.18ms, min = 0.00ms, total = 0.40ms
[state-dump] 	NodeManagerService.grpc_server.RequestWorkerLease - 7 total (0 active), Execution time: mean = 419.07ms, total = 2933.47ms, Queueing time: mean = 0.00ms, max = -0.00ms, min = 9223372036854.78ms, total = 0.00ms
[state-dump] 	CoreWorkerService.grpc_client.UpdateObjectLocationBatch - 7 total (0 active), Execution time: mean = 0.52ms, total = 3.61ms, Queueing time: mean = 0.00ms, max = -0.00ms, min = 9223372036854.78ms, total = 0.00ms
[state-dump] 	NodeManagerService.grpc_server.RequestWorkerLease.HandleRequestImpl - 7 total (0 active), Execution time: mean = 0.12ms, total = 0.84ms, Queueing time: mean = 0.01ms, max = 0.01ms, min = 0.01ms, total = 0.05ms
[state-dump] 	CoreWorkerService.grpc_client.UpdateObjectLocationBatch.OnReplyReceived - 7 total (0 active), Execution time: mean = 0.01ms, total = 0.09ms, Queueing time: mean = 0.04ms, max = 0.21ms, min = 0.00ms, total = 0.26ms
[state-dump] 	NodeManager.deadline_timer.debug_state_dump - 6 total (1 active), Execution time: mean = 3.56ms, total = 21.35ms, Queueing time: mean = 0.29ms, max = 1.71ms, min = 0.01ms, total = 1.75ms
[state-dump] 	ray::rpc::InternalPubSubGcsService.grpc_client.GcsSubscriberPoll - 6 total (1 active), Execution time: mean = 1803.26ms, total = 10819.56ms, Queueing time: mean = 0.00ms, max = -0.00ms, min = 9223372036854.78ms, total = 0.00ms
[state-dump] 	ray::rpc::InternalPubSubGcsService.grpc_client.GcsSubscriberPoll.OnReplyReceived - 5 total (0 active), Execution time: mean = 0.13ms, total = 0.66ms, Queueing time: mean = 0.05ms, max = 0.20ms, min = 0.00ms, total = 0.26ms
[state-dump] 	ray::rpc::WorkerInfoGcsService.grpc_client.ReportWorkerFailure.OnReplyReceived - 4 total (0 active), Execution time: mean = 0.01ms, total = 0.04ms, Queueing time: mean = 0.19ms, max = 0.50ms, min = 0.01ms, total = 0.78ms
[state-dump] 	ray::rpc::WorkerInfoGcsService.grpc_client.ReportWorkerFailure - 4 total (0 active), Execution time: mean = 3.47ms, total = 13.87ms, Queueing time: mean = 0.00ms, max = -0.00ms, min = 9223372036854.78ms, total = 0.00ms
[state-dump] 	CoreWorkerService.grpc_client.ActorCallArgWaitComplete - 4 total (0 active), Execution time: mean = 0.25ms, total = 0.98ms, Queueing time: mean = 0.00ms, max = -0.00ms, min = 9223372036854.78ms, total = 0.00ms
[state-dump] 	NodeManagerService.grpc_server.PinObjectIDs - 4 total (0 active), Execution time: mean = 0.40ms, total = 1.60ms, Queueing time: mean = 0.00ms, max = -0.00ms, min = 9223372036854.78ms, total = 0.00ms
[state-dump] 	Subscriber.HandlePublishedMessage_GCS_WORKER_DELTA_CHANNEL - 4 total (0 active), Execution time: mean = 0.01ms, total = 0.02ms, Queueing time: mean = 0.16ms, max = 0.31ms, min = 0.07ms, total = 0.63ms
[state-dump] 	CoreWorkerService.grpc_client.Exit - 4 total (0 active), Execution time: mean = 3.32ms, total = 13.26ms, Queueing time: mean = 0.00ms, max = -0.00ms, min = 9223372036854.78ms, total = 0.00ms
[state-dump] 	CoreWorkerService.grpc_client.Exit.OnReplyReceived - 4 total (0 active), Execution time: mean = 0.01ms, total = 0.05ms, Queueing time: mean = 0.06ms, max = 0.10ms, min = 0.01ms, total = 0.25ms
[state-dump] 	CoreWorkerService.grpc_client.ActorCallArgWaitComplete.OnReplyReceived - 4 total (0 active), Execution time: mean = 0.01ms, total = 0.03ms, Queueing time: mean = 0.04ms, max = 0.07ms, min = 0.00ms, total = 0.14ms
[state-dump] 	NodeManagerService.grpc_server.PinObjectIDs.HandleRequestImpl - 4 total (0 active), Execution time: mean = 0.21ms, total = 0.83ms, Queueing time: mean = 0.03ms, max = 0.11ms, min = 0.00ms, total = 0.12ms
[state-dump] 	Subscriber.HandlePublishedMessage_WORKER_OBJECT_EVICTION - 3 total (0 active), Execution time: mean = 0.05ms, total = 0.15ms, Queueing time: mean = 0.13ms, max = 0.14ms, min = 0.13ms, total = 0.40ms
[state-dump] 	RaySyncerRegister - 2 total (0 active), Execution time: mean = 0.00ms, total = 0.01ms, Queueing time: mean = 0.00ms, max = 0.00ms, min = 0.00ms, total = 0.00ms
[state-dump] 	Subscriber.HandlePublishedMessage_WORKER_OBJECT_LOCATIONS_CHANNEL - 2 total (0 active), Execution time: mean = 0.02ms, total = 0.04ms, Queueing time: mean = 0.07ms, max = 0.09ms, min = 0.05ms, total = 0.15ms
[state-dump] 	ray::rpc::InternalPubSubGcsService.grpc_client.GcsSubscriberCommandBatch.OnReplyReceived - 2 total (0 active), Execution time: mean = 0.18ms, total = 0.35ms, Queueing time: mean = 0.07ms, max = 0.12ms, min = 0.02ms, total = 0.14ms
[state-dump] 	ray::rpc::InternalPubSubGcsService.grpc_client.GcsSubscriberCommandBatch - 2 total (0 active), Execution time: mean = 2.23ms, total = 4.46ms, Queueing time: mean = 0.00ms, max = -0.00ms, min = 9223372036854.78ms, total = 0.00ms
[state-dump] 	ray::rpc::NodeInfoGcsService.grpc_client.RegisterNode.OnReplyReceived - 1 total (0 active), Execution time: mean = 0.51ms, total = 0.51ms, Queueing time: mean = 0.04ms, max = 0.04ms, min = 0.04ms, total = 0.04ms
[state-dump] 	NodeManagerService.grpc_server.CommitBundleResources.HandleRequestImpl - 1 total (0 active), Execution time: mean = 0.11ms, total = 0.11ms, Queueing time: mean = 0.00ms, max = 0.00ms, min = 0.00ms, total = 0.00ms
[state-dump] 	ray::rpc::InternalKVGcsService.grpc_client.GetInternalConfig.OnReplyReceived - 1 total (0 active), Execution time: mean = 565.02ms, total = 565.02ms, Queueing time: mean = 0.02ms, max = 0.02ms, min = 0.02ms, total = 0.02ms
[state-dump] 	NodeManagerService.grpc_server.PrepareBundleResources.HandleRequestImpl - 1 total (0 active), Execution time: mean = 0.13ms, total = 0.13ms, Queueing time: mean = 0.01ms, max = 0.01ms, min = 0.01ms, total = 0.01ms
[state-dump] 	ray::rpc::NodeInfoGcsService.grpc_client.CheckAlive - 1 total (0 active), Execution time: mean = 1.76ms, total = 1.76ms, Queueing time: mean = 0.00ms, max = -0.00ms, min = 9223372036854.78ms, total = 0.00ms
[state-dump] 	ray::rpc::NodeInfoGcsService.grpc_client.GetAllNodeAddressAndLiveness.OnReplyReceived - 1 total (0 active), Execution time: mean = 0.18ms, total = 0.18ms, Queueing time: mean = 0.03ms, max = 0.03ms, min = 0.03ms, total = 0.03ms
[state-dump] 	NodeManager.GCTaskFailureReason - 1 total (1 active), Execution time: mean = 0.00ms, total = 0.00ms, Queueing time: mean = 0.00ms, max = -0.00ms, min = 9223372036854.78ms, total = 0.00ms
[state-dump] 	ray::rpc::InternalKVGcsService.grpc_client.GetInternalConfig - 1 total (0 active), Execution time: mean = 2.35ms, total = 2.35ms, Queueing time: mean = 0.00ms, max = -0.00ms, min = 9223372036854.78ms, total = 0.00ms
[state-dump] 	NodeManagerService.grpc_server.ReturnWorkerLease - 1 total (0 active), Execution time: mean = 2.71ms, total = 2.71ms, Queueing time: mean = 0.00ms, max = -0.00ms, min = 9223372036854.78ms, total = 0.00ms
[state-dump] 	ray::rpc::NodeInfoGcsService.grpc_client.GetAllNodeAddressAndLiveness - 1 total (0 active), Execution time: mean = 2.09ms, total = 2.09ms, Queueing time: mean = 0.00ms, max = -0.00ms, min = 9223372036854.78ms, total = 0.00ms
[state-dump] 	ReporterService.grpc_client.HealthCheck.OnReplyReceived - 1 total (0 active), Execution time: mean = 0.13ms, total = 0.13ms, Queueing time: mean = 0.01ms, max = 0.01ms, min = 0.01ms, total = 0.01ms
[state-dump] 	ray::rpc::JobInfoGcsService.grpc_client.AddJob - 1 total (0 active), Execution time: mean = 0.33ms, total = 0.33ms, Queueing time: mean = 0.00ms, max = -0.00ms, min = 9223372036854.78ms, total = 0.00ms
[state-dump] 	ray::rpc::NodeInfoGcsService.grpc_client.RegisterNode - 1 total (0 active), Execution time: mean = 2.96ms, total = 2.96ms, Queueing time: mean = 0.00ms, max = -0.00ms, min = 9223372036854.78ms, total = 0.00ms
[state-dump] 	ReporterService.grpc_client.HealthCheck - 1 total (0 active), Execution time: mean = 2.48ms, total = 2.48ms, Queueing time: mean = 0.00ms, max = -0.00ms, min = 9223372036854.78ms, total = 0.00ms
[state-dump] 	ray::rpc::JobInfoGcsService.grpc_client.GetAllJobInfo.OnReplyReceived - 1 total (0 active), Execution time: mean = 0.01ms, total = 0.01ms, Queueing time: mean = 0.15ms, max = 0.15ms, min = 0.15ms, total = 0.15ms
[state-dump] 	NodeManagerService.grpc_server.CommitBundleResources - 1 total (0 active), Execution time: mean = 0.16ms, total = 0.16ms, Queueing time: mean = 0.00ms, max = -0.00ms, min = 9223372036854.78ms, total = 0.00ms
[state-dump] 	NodeManager.deadline_timer.print_event_loop_stats - 1 total (1 active, 1 running), Execution time: mean = 0.00ms, total = 0.00ms, Queueing time: mean = 0.00ms, max = -0.00ms, min = 9223372036854.78ms, total = 0.00ms
[state-dump] 	ray::rpc::JobInfoGcsService.grpc_client.GetAllJobInfo - 1 total (0 active), Execution time: mean = 1.11ms, total = 1.11ms, Queueing time: mean = 0.00ms, max = -0.00ms, min = 9223372036854.78ms, total = 0.00ms
[state-dump] 	ray::rpc::JobInfoGcsService.grpc_client.AddJob.OnReplyReceived - 1 total (0 active), Execution time: mean = 0.02ms, total = 0.02ms, Queueing time: mean = 0.01ms, max = 0.01ms, min = 0.01ms, total = 0.01ms
[state-dump] 	Subscriber.HandlePublishedMessage_GCS_JOB_CHANNEL - 1 total (0 active), Execution time: mean = 0.02ms, total = 0.02ms, Queueing time: mean = 0.06ms, max = 0.06ms, min = 0.06ms, total = 0.06ms
[state-dump] 	ray::rpc::NodeInfoGcsService.grpc_client.CheckAlive.OnReplyReceived - 1 total (0 active), Execution time: mean = 0.01ms, total = 0.01ms, Queueing time: mean = 0.21ms, max = 0.21ms, min = 0.21ms, total = 0.21ms
[state-dump] 	NodeManagerService.grpc_server.PrepareBundleResources - 1 total (0 active), Execution time: mean = 0.33ms, total = 0.33ms, Queueing time: mean = 0.00ms, max = -0.00ms, min = 9223372036854.78ms, total = 0.00ms
[state-dump] 	NodeManager.GcsCheckAlive - 1 total (1 active), Execution time: mean = 0.00ms, total = 0.00ms, Queueing time: mean = 0.00ms, max = -0.00ms, min = 9223372036854.78ms, total = 0.00ms
[state-dump] 	NodeManagerService.grpc_server.ReturnWorkerLease.HandleRequestImpl - 1 total (0 active), Execution time: mean = 0.08ms, total = 0.08ms, Queueing time: mean = 0.01ms, max = 0.01ms, min = 0.01ms, total = 0.01ms
[state-dump] DebugString() time ms: 0
[state-dump] 
[state-dump] 
[2026-09-09 05:14:52,392 I 3236315 3236315] (raylet) local_resource_manager.cc:349: Object store memory is idle.
[2026-09-09 05:14:54,671 I 3236315 3236315] (raylet) main.cc:1143: received SIGTERM. Existing local drain request = None
[2026-09-09 05:14:54,671 I 3236315 3236315] (raylet) main.cc:473: Raylet graceful shutdown triggered with death info: reason: EXPECTED_TERMINATION
reason_message: "received SIGTERM"

[2026-09-09 05:14:54,671 I 3236315 3236315] (raylet) accessor.cc:188: Unregistering node node_id=a31f058980d4793d5387b80abb8a836a0961c57c5dac8cc1c9deda21
[2026-09-09 05:14:54,672 I 3236315 3236315] (raylet) accessor.cc:196: Finished unregistering node info, status = OK node_id=a31f058980d4793d5387b80abb8a836a0961c57c5dac8cc1c9deda21
[2026-09-09 05:14:54,672 W 3236315 3236338] (raylet) store.cc:365: Disconnecting client due to connection error with code 2: End of file
[2026-09-09 05:14:54,677 I 3236315 3236315] (raylet) agent_manager.cc:116: Killing agent dashboard_agent, pid 3236366.
[2026-09-09 05:14:54,687 I 3236315 3236367] (raylet) agent_manager.cc:83: Agent process with name dashboard_agent exited, exit code 0.
[2026-09-09 05:14:54,687 I 3236315 3236315] (raylet) agent_manager.cc:116: Killing agent runtime_env_agent, pid 3236368.
[2026-09-09 05:14:54,691 I 3236315 3236369] (raylet) agent_manager.cc:83: Agent process with name runtime_env_agent exited, exit code 0.
[2026-09-09 05:14:54,692 W 3236315 3247394] (raylet) open_telemetry_metric_recorder.cc:67: Failed to export metrics to the metrics agent. Result: 1
[2026-09-09 05:14:54,692 I 3236315 3236315] (raylet) stats.h:164: Stats module has shutdown.
