:job_id:01000000
:actor_name:WorkerDict
/home/ubuntu/ai-infra-book-experiments/tools/verl-private/verl-project-verl-d040717/verl/workers/engine/__init__.py:32: UserWarning: torchtitan engine is not available: ModuleNotFoundError("No module named 'torchtitan'")
  warnings.warn(f"torchtitan engine is not available: {e!r}", stacklevel=1)
/home/ubuntu/ai-infra-book-experiments/tools/verl-private/verl-project-verl-d040717/verl/workers/engine/__init__.py:41: UserWarning: veomni engine is not available: ModuleNotFoundError("No module named 'veomni'")
  warnings.warn(f"veomni engine is not available: {e!r}", stacklevel=1)
/home/ubuntu/ai-infra-book-experiments/tools/verl-private/verl-project-verl-d040717/verl/workers/engine/__init__.py:50: UserWarning: automodel engine is not available: ModuleNotFoundError("No module named 'nemo_automodel'")
  warnings.warn(f"automodel engine is not available: {e!r}", stacklevel=1)
/home/ubuntu/ai-infra-book-experiments/tools/verl-private/verl-project-verl-d040717/verl/workers/engine/__init__.py:60: UserWarning: mindspeed engine is not available: ModuleNotFoundError("No module named 'megatron'")
  warnings.warn(f"mindspeed engine is not available: {e!r}", stacklevel=1)
/home/ubuntu/ai-infra-book-experiments/tools/verl-private/verl-project-verl-d040717/verl/workers/engine/__init__.py:69: UserWarning: megatron engine is not available: ModuleNotFoundError("No module named 'megatron'")
  warnings.warn(f"megatron engine is not available: {e!r}", stacklevel=1)
Loading weights:   0%|          | 0/290 [00:00<?, ?it/s]Loading weights: 100%|██████████| 290/290 [00:00<00:00, 3110.40it/s]
/home/ubuntu/ai-infra-book-experiments/tools/verl-private/verl-project-verl-d040717/.venv/lib/python3.12/site-packages/torch/distributed/fsdp/fully_sharded_data_parallel.py:478: UserWarning: FSDP is switching to use `NO_SHARD` instead of ShardingStrategy.FULL_SHARD since the world size is 1.
  _init_core_state(
/home/ubuntu/ai-infra-book-experiments/tools/verl-private/verl-project-verl-d040717/verl/workers/engine/fsdp/transformer_impl.py:477: FutureWarning: FSDP.state_dict_type() and FSDP.set_state_dict_type() are being deprecated. Please use APIs, get_state_dict() and set_state_dict(), which can support different parallelisms, FSDP1, FSDP2, DDP. API doc: https://pytorch.org/docs/stable/distributed.checkpoint.html#torch.distributed.checkpoint.state_dict.get_state_dict .Tutorial: https://pytorch.org/tutorials/recipes/distributed_checkpoint_recipe.html .
  FSDP.set_state_dict_type(
/home/ubuntu/ai-infra-book-experiments/tools/verl-private/verl-project-verl-d040717/verl/plugin/platform/platform_cuda.py:99: FutureWarning: torch.cuda._set_allocator_settings is deprecated. Use torch._C._accelerator_setAllocatorSettings instead.
  torch.cuda.memory._set_allocator_settings(settings)
/home/ubuntu/ai-infra-book-experiments/tools/verl-private/verl-project-verl-d040717/.venv/lib/python3.12/site-packages/torch/utils/_contextlib.py:124: UserWarning: When using ``NO_SHARD`` for ``ShardingStrategy``, full_state_dict will be returned.
  return func(*args, **kwargs)
/home/ubuntu/ai-infra-book-experiments/tools/verl-private/verl-project-verl-d040717/verl/plugin/platform/platform_cuda.py:99: FutureWarning: torch.cuda._set_allocator_settings is deprecated. Use torch._C._accelerator_setAllocatorSettings instead.
  torch.cuda.memory._set_allocator_settings(settings)
[rank0]:W0909 05:14:39.427000 3239360 verl-project-verl-d040717/.venv/lib/python3.12/site-packages/torch/fx/_symbolic_trace.py:53] is_fx_tracing will return true for both fx.symbolic_trace and torch.export. Please use is_fx_tracing_symbolic_tracing() for specifically fx.symbolic_trace or torch.compiler.is_compiling() for specifically torch.export/compile.
