:job_id:01000000
WARNING:2026-09-09 05:13:59,424:Platform 'nvidia' (PlatformCUDA) is registered but not available. This may be due to this ray actor being a CPU-only actor.
/home/ubuntu/ai-infra-book-experiments/tools/verl-private/verl-project-verl-d040717/verl/workers/engine/__init__.py:32: UserWarning: torchtitan engine is not available: ModuleNotFoundError("No module named 'torchtitan'")
  warnings.warn(f"torchtitan engine is not available: {e!r}", stacklevel=1)
/home/ubuntu/ai-infra-book-experiments/tools/verl-private/verl-project-verl-d040717/verl/workers/engine/__init__.py:41: UserWarning: veomni engine is not available: ModuleNotFoundError("No module named 'veomni'")
  warnings.warn(f"veomni engine is not available: {e!r}", stacklevel=1)
/home/ubuntu/ai-infra-book-experiments/tools/verl-private/verl-project-verl-d040717/verl/workers/engine/__init__.py:50: UserWarning: automodel engine is not available: ModuleNotFoundError("No module named 'nemo_automodel'")
  warnings.warn(f"automodel engine is not available: {e!r}", stacklevel=1)
/home/ubuntu/ai-infra-book-experiments/tools/verl-private/verl-project-verl-d040717/verl/workers/engine/__init__.py:60: UserWarning: mindspeed engine is not available: ModuleNotFoundError("No module named 'megatron'")
  warnings.warn(f"mindspeed engine is not available: {e!r}", stacklevel=1)
/home/ubuntu/ai-infra-book-experiments/tools/verl-private/verl-project-verl-d040717/verl/workers/engine/__init__.py:69: UserWarning: megatron engine is not available: ModuleNotFoundError("No module named 'megatron'")
  warnings.warn(f"megatron engine is not available: {e!r}", stacklevel=1)
:actor_name:TaskRunner
/home/ubuntu/ai-infra-book-experiments/tools/verl-private/verl-project-verl-d040717/verl/trainer/main_ppo_v0.py:182: UserWarning: Disabled critic as algorithm.adv_estimator != gae. If it is not intended, please set critic.enable=True
  use_critic=need_critic(config),
/home/ubuntu/ai-infra-book-experiments/tools/verl-private/verl-project-verl-d040717/verl/trainer/main_ppo_v0.py:218: FutureWarning: Warning: Class 'verl.trainer.ppo.ray_trainer.RayPPOTrainer' is deprecated. Please use 'Legacy trainer is deprecated, and wil be removed in v0.9.0. Please use `trainer.use_v1=True` instead.' instead.
  trainer = RayPPOTrainer(
/home/ubuntu/ai-infra-book-experiments/tools/verl-private/verl-project-verl-d040717/verl/trainer/ppo/ray_trainer.py:348: UserWarning: Disabled critic as algorithm.adv_estimator != gae. If it is not intended, please set critic.enable=True
  self.use_critic = need_critic(self.config)
W0909 05:14:09.070000 3238164 verl-project-verl-d040717/.venv/lib/python3.12/site-packages/torch/utils/cpp_extension.py:140] No CUDA runtime is found, using CUDA_HOME='/home/ubuntu/ai-infra-book-experiments/tools/flashinfer-cuda130/nvidia/cu13'
Training Progress:   0%|          | 0/2 [00:00<?, ?it/s]W0909 05:14:38.420000 3238164 verl-project-verl-d040717/.venv/lib/python3.12/site-packages/torch/fx/_symbolic_trace.py:53] is_fx_tracing will return true for both fx.symbolic_trace and torch.export. Please use is_fx_tracing_symbolic_tracing() for specifically fx.symbolic_trace or torch.compiler.is_compiling() for specifically torch.export/compile.
Training Progress:  50%|█████     | 1/2 [00:13<00:13, 13.91s/it]Training Progress: 100%|██████████| 2/2 [00:21<00:00, 10.20s/it]Training Progress: 100%|██████████| 2/2 [00:21<00:00, 10.75s/it]
