/Users/boj/book/ai-infra-book/experiments/tools/collective-cpu-venv/lib/python3.14/site-packages/torch/_subclasses/functional_tensor.py:368: UserWarning: Failed to initialize NumPy: No module named 'numpy' (Triggered internally at /Users/runner/work/pytorch/pytorch/torch/csrc/utils/tensor_numpy.cpp:84.)
  cpu = _conversion_method_template(device=torch.device("cpu"))
[
  {
    "world": 2,
    "reshard": true,
    "checks": [
      {
        "step": 0,
        "tensors_checked": 15,
        "max_abs": 6.835907697677612e-07,
        "worst_key": "param/gate.weight"
      },
      {
        "step": 1,
        "tensors_checked": 15,
        "max_abs": 6.835907697677612e-07,
        "worst_key": "param/gate.weight"
      },
      {
        "step": 2,
        "tensors_checked": 15,
        "max_abs": 6.835907697677612e-07,
        "worst_key": "param/gate.weight"
      }
    ]
  },
  {
    "world": 4,
    "reshard": false,
    "checks": [
      {
        "step": 0,
        "tensors_checked": 15,
        "max_abs": 1.2852251529693604e-06,
        "worst_key": "param/up.weight"
      },
      {
        "step": 1,
        "tensors_checked": 15,
        "max_abs": 1.2852251529693604e-06,
        "worst_key": "param/up.weight"
      },
      {
        "step": 2,
        "tensors_checked": 15,
        "max_abs": 1.2852251529693604e-06,
        "worst_key": "param/up.weight"
      }
    ]
  },
  {
    "world": 4,
    "reshard": true,
    "checks": [
      {
        "step": 0,
        "tensors_checked": 15,
        "max_abs": 1.2852251529693604e-06,
        "worst_key": "param/up.weight"
      },
      {
        "step": 1,
        "tensors_checked": 15,
        "max_abs": 1.2852251529693604e-06,
        "worst_key": "param/up.weight"
      },
      {
        "step": 2,
        "tensors_checked": 15,
        "max_abs": 1.2852251529693604e-06,
        "worst_key": "param/up.weight"
      }
    ]
  },
  {
    "world": 2,
    "reshard": false,
    "checks": [
      {
        "step": 0,
        "tensors_checked": 15,
        "max_abs": 6.835907697677612e-07,
        "worst_key": "param/gate.weight"
      },
      {
        "step": 1,
        "tensors_checked": 15,
        "max_abs": 6.835907697677612e-07,
        "worst_key": "param/gate.weight"
      },
      {
        "step": 2,
        "tensors_checked": 15,
        "max_abs": 6.835907697677612e-07,
        "worst_key": "param/gate.weight"
      }
    ]
  }
]
